<?xml version="1.0"?>
<link_info>
   <banner>TI ARM Linker PC v16.9.0.LTS</banner>
   <copyright>Copyright (c) 1996-2015 Texas Instruments Incorporated</copyright>
   <link_time>0x64767f18</link_time>
   <link_errors>0x0</link_errors>
   <output_file>Final.out</output_file>
   <entry_point>
      <name>_c_int00</name>
      <address>0x2000d695</address>
   </entry_point>
   <input_file_list>
      <input_file id="fl-2">
         <path>.\</path>
         <kind>object</kind>
         <file>Adafruit_GFX.obj</file>
         <name>Adafruit_GFX.obj</name>
      </input_file>
      <input_file id="fl-3">
         <path>.\</path>
         <kind>object</kind>
         <file>Adafruit_OLED.obj</file>
         <name>Adafruit_OLED.obj</name>
      </input_file>
      <input_file id="fl-4">
         <path>.\</path>
         <kind>object</kind>
         <file>gpio_if.obj</file>
         <name>gpio_if.obj</name>
      </input_file>
      <input_file id="fl-5">
         <path>.\</path>
         <kind>object</kind>
         <file>main.obj</file>
         <name>main.obj</name>
      </input_file>
      <input_file id="fl-6">
         <path>.\</path>
         <kind>object</kind>
         <file>network_common.obj</file>
         <name>network_common.obj</name>
      </input_file>
      <input_file id="fl-7">
         <path>.\</path>
         <kind>object</kind>
         <file>pin_mux_config.obj</file>
         <name>pin_mux_config.obj</name>
      </input_file>
      <input_file id="fl-8">
         <path>.\</path>
         <kind>object</kind>
         <file>startup_ccs.obj</file>
         <name>startup_ccs.obj</name>
      </input_file>
      <input_file id="fl-9">
         <path>.\</path>
         <kind>object</kind>
         <file>uart_if.obj</file>
         <name>uart_if.obj</name>
      </input_file>
      <input_file id="fl-10">
         <path>C:\ti\CC3200SDK_1.5.0\cc3200-sdk\simplelink\ccs\NON_OS_debug\</path>
         <kind>archive</kind>
         <file>simplelink.a</file>
         <name>device.obj</name>
      </input_file>
      <input_file id="fl-11">
         <path>C:\ti\CC3200SDK_1.5.0\cc3200-sdk\simplelink\ccs\NON_OS_debug\</path>
         <kind>archive</kind>
         <file>simplelink.a</file>
         <name>driver.obj</name>
      </input_file>
      <input_file id="fl-12">
         <path>C:\ti\CC3200SDK_1.5.0\cc3200-sdk\simplelink\ccs\NON_OS_debug\</path>
         <kind>archive</kind>
         <file>simplelink.a</file>
         <name>netapp.obj</name>
      </input_file>
      <input_file id="fl-13">
         <path>C:\ti\CC3200SDK_1.5.0\cc3200-sdk\simplelink\ccs\NON_OS_debug\</path>
         <kind>archive</kind>
         <file>simplelink.a</file>
         <name>netcfg.obj</name>
      </input_file>
      <input_file id="fl-14">
         <path>C:\ti\CC3200SDK_1.5.0\cc3200-sdk\simplelink\ccs\NON_OS_debug\</path>
         <kind>archive</kind>
         <file>simplelink.a</file>
         <name>nonos.obj</name>
      </input_file>
      <input_file id="fl-15">
         <path>C:\ti\CC3200SDK_1.5.0\cc3200-sdk\simplelink\ccs\NON_OS_debug\</path>
         <kind>archive</kind>
         <file>simplelink.a</file>
         <name>socket.obj</name>
      </input_file>
      <input_file id="fl-16">
         <path>C:\ti\CC3200SDK_1.5.0\cc3200-sdk\simplelink\ccs\NON_OS_debug\</path>
         <kind>archive</kind>
         <file>simplelink.a</file>
         <name>wlan.obj</name>
      </input_file>
      <input_file id="fl-17">
         <path>C:\ti\CC3200SDK_1.5.0\cc3200-sdk\simplelink\ccs\NON_OS_debug\</path>
         <kind>archive</kind>
         <file>simplelink.a</file>
         <name>cc_pal.obj</name>
      </input_file>
      <input_file id="fl-18">
         <path>C:\ti\CC3200SDK_1.5.0\cc3200-sdk\driverlib\ccs\Release\</path>
         <kind>archive</kind>
         <file>driverlib.a</file>
         <name>gpio.obj</name>
      </input_file>
      <input_file id="fl-19">
         <path>C:\ti\CC3200SDK_1.5.0\cc3200-sdk\driverlib\ccs\Release\</path>
         <kind>archive</kind>
         <file>driverlib.a</file>
         <name>interrupt.obj</name>
      </input_file>
      <input_file id="fl-1a">
         <path>C:\ti\CC3200SDK_1.5.0\cc3200-sdk\driverlib\ccs\Release\</path>
         <kind>archive</kind>
         <file>driverlib.a</file>
         <name>pin.obj</name>
      </input_file>
      <input_file id="fl-1b">
         <path>C:\ti\CC3200SDK_1.5.0\cc3200-sdk\driverlib\ccs\Release\</path>
         <kind>archive</kind>
         <file>driverlib.a</file>
         <name>prcm.obj</name>
      </input_file>
      <input_file id="fl-1c">
         <path>C:\ti\CC3200SDK_1.5.0\cc3200-sdk\driverlib\ccs\Release\</path>
         <kind>archive</kind>
         <file>driverlib.a</file>
         <name>spi.obj</name>
      </input_file>
      <input_file id="fl-1d">
         <path>C:\ti\CC3200SDK_1.5.0\cc3200-sdk\driverlib\ccs\Release\</path>
         <kind>archive</kind>
         <file>driverlib.a</file>
         <name>systick.obj</name>
      </input_file>
      <input_file id="fl-1e">
         <path>C:\ti\CC3200SDK_1.5.0\cc3200-sdk\driverlib\ccs\Release\</path>
         <kind>archive</kind>
         <file>driverlib.a</file>
         <name>timer.obj</name>
      </input_file>
      <input_file id="fl-1f">
         <path>C:\ti\CC3200SDK_1.5.0\cc3200-sdk\driverlib\ccs\Release\</path>
         <kind>archive</kind>
         <file>driverlib.a</file>
         <name>uart.obj</name>
      </input_file>
      <input_file id="fl-20">
         <path>C:\ti\CC3200SDK_1.5.0\cc3200-sdk\driverlib\ccs\Release\</path>
         <kind>archive</kind>
         <file>driverlib.a</file>
         <name>udma.obj</name>
      </input_file>
      <input_file id="fl-21">
         <path>C:\ti\CC3200SDK_1.5.0\cc3200-sdk\driverlib\ccs\Release\</path>
         <kind>archive</kind>
         <file>driverlib.a</file>
         <name>utils.obj</name>
      </input_file>
      <input_file id="fl-22">
         <path>C:\ti\CC3200SDK_1.5.0\cc3200-sdk\driverlib\ccs\Release\</path>
         <kind>archive</kind>
         <file>driverlib.a</file>
         <name>cpu.obj</name>
      </input_file>
      <input_file id="fl-23">
         <path>C:\ti\CC3200SDK_1.5.0\cc3200-sdk\driverlib\ccs\Release\</path>
         <kind>archive</kind>
         <file>driverlib.a</file>
         <name>flash.obj</name>
      </input_file>
      <input_file id="fl-d9">
         <path>C:\ti\ccsv7\tools\compiler\ti-cgt-arm_16.9.0.LTS\lib\</path>
         <kind>archive</kind>
         <file>rtsv7M4_T_le_v4SPD16_eabi.lib</file>
         <name>boot.obj</name>
      </input_file>
      <input_file id="fl-da">
         <path>C:\ti\ccsv7\tools\compiler\ti-cgt-arm_16.9.0.LTS\lib\</path>
         <kind>archive</kind>
         <file>rtsv7M4_T_le_v4SPD16_eabi.lib</file>
         <name>copy_decompress_lzss.obj</name>
      </input_file>
      <input_file id="fl-db">
         <path>C:\ti\ccsv7\tools\compiler\ti-cgt-arm_16.9.0.LTS\lib\</path>
         <kind>archive</kind>
         <file>rtsv7M4_T_le_v4SPD16_eabi.lib</file>
         <name>copy_decompress_none.obj</name>
      </input_file>
      <input_file id="fl-dc">
         <path>C:\ti\ccsv7\tools\compiler\ti-cgt-arm_16.9.0.LTS\lib\</path>
         <kind>archive</kind>
         <file>rtsv7M4_T_le_v4SPD16_eabi.lib</file>
         <name>copy_zero_init.obj</name>
      </input_file>
      <input_file id="fl-dd">
         <path>C:\ti\ccsv7\tools\compiler\ti-cgt-arm_16.9.0.LTS\lib\</path>
         <kind>archive</kind>
         <file>rtsv7M4_T_le_v4SPD16_eabi.lib</file>
         <name>exit.obj</name>
      </input_file>
      <input_file id="fl-de">
         <path>C:\ti\ccsv7\tools\compiler\ti-cgt-arm_16.9.0.LTS\lib\</path>
         <kind>archive</kind>
         <file>rtsv7M4_T_le_v4SPD16_eabi.lib</file>
         <name>ll_mul_t2.obj</name>
      </input_file>
      <input_file id="fl-df">
         <path>C:\ti\ccsv7\tools\compiler\ti-cgt-arm_16.9.0.LTS\lib\</path>
         <kind>archive</kind>
         <file>rtsv7M4_T_le_v4SPD16_eabi.lib</file>
         <name>memcpy_t2.obj</name>
      </input_file>
      <input_file id="fl-e0">
         <path>C:\ti\ccsv7\tools\compiler\ti-cgt-arm_16.9.0.LTS\lib\</path>
         <kind>archive</kind>
         <file>rtsv7M4_T_le_v4SPD16_eabi.lib</file>
         <name>memmov.obj</name>
      </input_file>
      <input_file id="fl-e1">
         <path>C:\ti\ccsv7\tools\compiler\ti-cgt-arm_16.9.0.LTS\lib\</path>
         <kind>archive</kind>
         <file>rtsv7M4_T_le_v4SPD16_eabi.lib</file>
         <name>memory.obj</name>
      </input_file>
      <input_file id="fl-e2">
         <path>C:\ti\ccsv7\tools\compiler\ti-cgt-arm_16.9.0.LTS\lib\</path>
         <kind>archive</kind>
         <file>rtsv7M4_T_le_v4SPD16_eabi.lib</file>
         <name>memset_t2.obj</name>
      </input_file>
      <input_file id="fl-e3">
         <path>C:\ti\ccsv7\tools\compiler\ti-cgt-arm_16.9.0.LTS\lib\</path>
         <kind>archive</kind>
         <file>rtsv7M4_T_le_v4SPD16_eabi.lib</file>
         <name>mpu_init.obj</name>
      </input_file>
      <input_file id="fl-e4">
         <path>C:\ti\ccsv7\tools\compiler\ti-cgt-arm_16.9.0.LTS\lib\</path>
         <kind>archive</kind>
         <file>rtsv7M4_T_le_v4SPD16_eabi.lib</file>
         <name>pre_init.obj</name>
      </input_file>
      <input_file id="fl-e5">
         <path>C:\ti\ccsv7\tools\compiler\ti-cgt-arm_16.9.0.LTS\lib\</path>
         <kind>archive</kind>
         <file>rtsv7M4_T_le_v4SPD16_eabi.lib</file>
         <name>stkdepth_vars.obj</name>
      </input_file>
      <input_file id="fl-e6">
         <path>C:\ti\ccsv7\tools\compiler\ti-cgt-arm_16.9.0.LTS\lib\</path>
         <kind>archive</kind>
         <file>rtsv7M4_T_le_v4SPD16_eabi.lib</file>
         <name>strcat.obj</name>
      </input_file>
      <input_file id="fl-e7">
         <path>C:\ti\ccsv7\tools\compiler\ti-cgt-arm_16.9.0.LTS\lib\</path>
         <kind>archive</kind>
         <file>rtsv7M4_T_le_v4SPD16_eabi.lib</file>
         <name>strlen.obj</name>
      </input_file>
      <input_file id="fl-e8">
         <path>C:\ti\ccsv7\tools\compiler\ti-cgt-arm_16.9.0.LTS\lib\</path>
         <kind>archive</kind>
         <file>rtsv7M4_T_le_v4SPD16_eabi.lib</file>
         <name>ull_div_t2.obj</name>
      </input_file>
      <input_file id="fl-e9">
         <path>C:\ti\ccsv7\tools\compiler\ti-cgt-arm_16.9.0.LTS\lib\</path>
         <kind>archive</kind>
         <file>rtsv7M4_T_le_v4SPD16_eabi.lib</file>
         <name>vsnprintf.obj</name>
      </input_file>
      <input_file id="fl-ea">
         <path>C:\ti\ccsv7\tools\compiler\ti-cgt-arm_16.9.0.LTS\lib\</path>
         <kind>archive</kind>
         <file>rtsv7M4_T_le_v4SPD16_eabi.lib</file>
         <name>_lock.obj</name>
      </input_file>
      <input_file id="fl-eb">
         <path>C:\ti\ccsv7\tools\compiler\ti-cgt-arm_16.9.0.LTS\lib\</path>
         <kind>archive</kind>
         <file>rtsv7M4_T_le_v4SPD16_eabi.lib</file>
         <name>_printfi.obj</name>
      </input_file>
      <input_file id="fl-ec">
         <path>C:\ti\ccsv7\tools\compiler\ti-cgt-arm_16.9.0.LTS\lib\</path>
         <kind>archive</kind>
         <file>rtsv7M4_T_le_v4SPD16_eabi.lib</file>
         <name>args_main.obj</name>
      </input_file>
      <input_file id="fl-ed">
         <path>C:\ti\ccsv7\tools\compiler\ti-cgt-arm_16.9.0.LTS\lib\</path>
         <kind>archive</kind>
         <file>rtsv7M4_T_le_v4SPD16_eabi.lib</file>
         <name>atoi.obj</name>
      </input_file>
      <input_file id="fl-ee">
         <path>C:\ti\ccsv7\tools\compiler\ti-cgt-arm_16.9.0.LTS\lib\</path>
         <kind>archive</kind>
         <file>rtsv7M4_T_le_v4SPD16_eabi.lib</file>
         <name>autoinit.obj</name>
      </input_file>
      <input_file id="fl-ef">
         <path>C:\ti\ccsv7\tools\compiler\ti-cgt-arm_16.9.0.LTS\lib\</path>
         <kind>archive</kind>
         <file>rtsv7M4_T_le_v4SPD16_eabi.lib</file>
         <name>cpy_tbl.obj</name>
      </input_file>
      <input_file id="fl-f0">
         <path>C:\ti\ccsv7\tools\compiler\ti-cgt-arm_16.9.0.LTS\lib\</path>
         <kind>archive</kind>
         <file>rtsv7M4_T_le_v4SPD16_eabi.lib</file>
         <name>ctype.obj</name>
      </input_file>
      <input_file id="fl-f1">
         <path>C:\ti\ccsv7\tools\compiler\ti-cgt-arm_16.9.0.LTS\lib\</path>
         <kind>archive</kind>
         <file>rtsv7M4_T_le_v4SPD16_eabi.lib</file>
         <name>fd_add_t2.obj</name>
      </input_file>
      <input_file id="fl-f2">
         <path>C:\ti\ccsv7\tools\compiler\ti-cgt-arm_16.9.0.LTS\lib\</path>
         <kind>archive</kind>
         <file>rtsv7M4_T_le_v4SPD16_eabi.lib</file>
         <name>fd_cmp_t2.obj</name>
      </input_file>
      <input_file id="fl-f3">
         <path>C:\ti\ccsv7\tools\compiler\ti-cgt-arm_16.9.0.LTS\lib\</path>
         <kind>archive</kind>
         <file>rtsv7M4_T_le_v4SPD16_eabi.lib</file>
         <name>fd_div_t2.obj</name>
      </input_file>
      <input_file id="fl-f4">
         <path>C:\ti\ccsv7\tools\compiler\ti-cgt-arm_16.9.0.LTS\lib\</path>
         <kind>archive</kind>
         <file>rtsv7M4_T_le_v4SPD16_eabi.lib</file>
         <name>fd_mul_t2.obj</name>
      </input_file>
      <input_file id="fl-f5">
         <path>C:\ti\ccsv7\tools\compiler\ti-cgt-arm_16.9.0.LTS\lib\</path>
         <kind>archive</kind>
         <file>rtsv7M4_T_le_v4SPD16_eabi.lib</file>
         <name>fd_toi_t2.obj</name>
      </input_file>
      <input_file id="fl-f6">
         <path>C:\ti\ccsv7\tools\compiler\ti-cgt-arm_16.9.0.LTS\lib\</path>
         <kind>archive</kind>
         <file>rtsv7M4_T_le_v4SPD16_eabi.lib</file>
         <name>i_tofd_t2.obj</name>
      </input_file>
      <input_file id="fl-f7">
         <path>C:\ti\ccsv7\tools\compiler\ti-cgt-arm_16.9.0.LTS\lib\</path>
         <kind>archive</kind>
         <file>rtsv7M4_T_le_v4SPD16_eabi.lib</file>
         <name>ltoa.obj</name>
      </input_file>
      <input_file id="fl-f8">
         <path>C:\ti\ccsv7\tools\compiler\ti-cgt-arm_16.9.0.LTS\lib\</path>
         <kind>archive</kind>
         <file>rtsv7M4_T_le_v4SPD16_eabi.lib</file>
         <name>memccpy.obj</name>
      </input_file>
      <input_file id="fl-f9">
         <path>C:\ti\ccsv7\tools\compiler\ti-cgt-arm_16.9.0.LTS\lib\</path>
         <kind>archive</kind>
         <file>rtsv7M4_T_le_v4SPD16_eabi.lib</file>
         <name>s_frexp.obj</name>
      </input_file>
      <input_file id="fl-fa">
         <path>C:\ti\ccsv7\tools\compiler\ti-cgt-arm_16.9.0.LTS\lib\</path>
         <kind>archive</kind>
         <file>rtsv7M4_T_le_v4SPD16_eabi.lib</file>
         <name>s_scalbn.obj</name>
      </input_file>
      <input_file id="fl-fb">
         <path>C:\ti\ccsv7\tools\compiler\ti-cgt-arm_16.9.0.LTS\lib\</path>
         <kind>archive</kind>
         <file>rtsv7M4_T_le_v4SPD16_eabi.lib</file>
         <name>startup.obj</name>
      </input_file>
      <input_file id="fl-fc">
         <path>C:\ti\ccsv7\tools\compiler\ti-cgt-arm_16.9.0.LTS\lib\</path>
         <kind>archive</kind>
         <file>rtsv7M4_T_le_v4SPD16_eabi.lib</file>
         <name>strchr.obj</name>
      </input_file>
      <input_file id="fl-fd">
         <path>C:\ti\ccsv7\tools\compiler\ti-cgt-arm_16.9.0.LTS\lib\</path>
         <kind>archive</kind>
         <file>rtsv7M4_T_le_v4SPD16_eabi.lib</file>
         <name>errno.obj</name>
      </input_file>
      <input_file id="fl-fe">
         <path>C:\ti\ccsv7\tools\compiler\ti-cgt-arm_16.9.0.LTS\lib\</path>
         <kind>archive</kind>
         <file>rtsv7M4_T_le_v4SPD16_eabi.lib</file>
         <name>s_copysign.obj</name>
      </input_file>
   </input_file_list>
   <object_component_list>
      <object_component id="oc-f">
         <name>.intvecs</name>
         <load_address>0x20004000</load_address>
         <run_address>0x20004000</run_address>
         <size>0x400</size>
         <input_file_ref idref="fl-8"/>
      </object_component>
      <object_component id="oc-a8">
         <name>.text</name>
         <load_address>0x20004400</load_address>
         <run_address>0x20004400</run_address>
         <size>0x1ffc</size>
         <input_file_ref idref="fl-5"/>
      </object_component>
      <object_component id="oc-473">
         <name>.text</name>
         <load_address>0x200063fc</load_address>
         <run_address>0x200063fc</run_address>
         <size>0x113a</size>
         <input_file_ref idref="fl-eb"/>
      </object_component>
      <object_component id="oc-670">
         <name>.text:IntDefaultHandler</name>
         <load_address>0x20007536</load_address>
         <run_address>0x20007536</run_address>
         <size>0x2</size>
         <input_file_ref idref="fl-19"/>
      </object_component>
      <object_component id="oc-de">
         <name>.text</name>
         <load_address>0x20007538</load_address>
         <run_address>0x20007538</run_address>
         <size>0xa80</size>
         <input_file_ref idref="fl-2"/>
      </object_component>
      <object_component id="oc-682">
         <name>.text:_SlDrvMsgRead</name>
         <load_address>0x20007fb8</load_address>
         <run_address>0x20007fb8</run_address>
         <size>0x590</size>
         <input_file_ref idref="fl-11"/>
      </object_component>
      <object_component id="oc-1ee">
         <name>.text</name>
         <load_address>0x20008548</load_address>
         <run_address>0x20008548</run_address>
         <size>0x4ae</size>
         <input_file_ref idref="fl-3"/>
      </object_component>
      <object_component id="oc-59">
         <name>.text</name>
         <load_address>0x200089f6</load_address>
         <run_address>0x200089f6</run_address>
         <size>0x2</size>
         <input_file_ref idref="fl-e3"/>
      </object_component>
      <object_component id="oc-27c">
         <name>.text</name>
         <load_address>0x200089f8</load_address>
         <run_address>0x200089f8</run_address>
         <size>0x3d0</size>
         <input_file_ref idref="fl-e1"/>
      </object_component>
      <object_component id="oc-170">
         <name>.text</name>
         <load_address>0x20008dc8</load_address>
         <run_address>0x20008dc8</run_address>
         <size>0x398</size>
         <input_file_ref idref="fl-4"/>
      </object_component>
      <object_component id="oc-16a">
         <name>.text:sl_WlanConnect</name>
         <load_address>0x20009160</load_address>
         <run_address>0x20009160</run_address>
         <size>0x280</size>
         <input_file_ref idref="fl-16"/>
      </object_component>
      <object_component id="oc-d8">
         <name>.text</name>
         <load_address>0x200093e0</load_address>
         <run_address>0x200093e0</run_address>
         <size>0x280</size>
         <input_file_ref idref="fl-9"/>
      </object_component>
      <object_component id="oc-6f9">
         <name>.text:_SlDrvRxHdrRead</name>
         <load_address>0x20009660</load_address>
         <run_address>0x20009660</run_address>
         <size>0x248</size>
         <input_file_ref idref="fl-11"/>
      </object_component>
      <object_component id="oc-1b4">
         <name>.text</name>
         <load_address>0x200098a8</load_address>
         <run_address>0x200098a8</run_address>
         <size>0x1f4</size>
         <input_file_ref idref="fl-e8"/>
      </object_component>
      <object_component id="oc-2dd">
         <name>.text:_SlDrvReleasePoolObj</name>
         <load_address>0x20009a9c</load_address>
         <run_address>0x20009a9c</run_address>
         <size>0x1d0</size>
         <input_file_ref idref="fl-11"/>
      </object_component>
      <object_component id="oc-5f8">
         <name>.text</name>
         <load_address>0x20009c6c</load_address>
         <run_address>0x20009c6c</run_address>
         <size>0x1b6</size>
         <input_file_ref idref="fl-f1"/>
      </object_component>
      <object_component id="oc-a0">
         <name>.text</name>
         <load_address>0x20009e22</load_address>
         <run_address>0x20009e22</run_address>
         <size>0x2</size>
         <input_file_ref idref="fl-fb"/>
      </object_component>
      <object_component id="oc-2b3">
         <name>.text:_SlDrvDriverCBInit</name>
         <load_address>0x20009e24</load_address>
         <run_address>0x20009e24</run_address>
         <size>0x1b4</size>
         <input_file_ref idref="fl-11"/>
      </object_component>
      <object_component id="oc-549">
         <name>.text:_SlDrvMsgWrite</name>
         <load_address>0x20009fd8</load_address>
         <run_address>0x20009fd8</run_address>
         <size>0x19c</size>
         <input_file_ref idref="fl-11"/>
      </object_component>
      <object_component id="oc-3d3">
         <name>.text:_SlDrvWaitForPoolObj</name>
         <load_address>0x2000a174</load_address>
         <run_address>0x2000a174</run_address>
         <size>0x190</size>
         <input_file_ref idref="fl-11"/>
      </object_component>
      <object_component id="oc-1a6">
         <name>.text:sl_Connect</name>
         <load_address>0x2000a304</load_address>
         <run_address>0x2000a304</run_address>
         <size>0x18c</size>
         <input_file_ref idref="fl-15"/>
      </object_component>
      <object_component id="oc-14c">
         <name>.text:PRCMCC3200MCUInit</name>
         <load_address>0x2000a490</load_address>
         <run_address>0x2000a490</run_address>
         <size>0x178</size>
         <input_file_ref idref="fl-1b"/>
      </object_component>
      <object_component id="oc-70b">
         <name>.text:_SlFindAndSetActiveObj</name>
         <load_address>0x2000a608</load_address>
         <run_address>0x2000a608</run_address>
         <size>0x170</size>
         <input_file_ref idref="fl-11"/>
      </object_component>
      <object_component id="oc-2b9">
         <name>.text:spi_Open</name>
         <load_address>0x2000a778</load_address>
         <run_address>0x2000a778</run_address>
         <size>0x148</size>
         <input_file_ref idref="fl-17"/>
      </object_component>
      <object_component id="oc-54f">
         <name>.text:_SlDrvMsgReadCmdCtx</name>
         <load_address>0x2000a8c0</load_address>
         <run_address>0x2000a8c0</run_address>
         <size>0x144</size>
         <input_file_ref idref="fl-11"/>
      </object_component>
      <object_component id="oc-188">
         <name>.text:sl_NetAppDnsGetHostByName</name>
         <load_address>0x2000aa04</load_address>
         <run_address>0x2000aa04</run_address>
         <size>0x144</size>
         <input_file_ref idref="fl-12"/>
      </object_component>
      <object_component id="oc-5de">
         <name>.text</name>
         <load_address>0x2000ab48</load_address>
         <run_address>0x2000ab48</run_address>
         <size>0x136</size>
         <input_file_ref idref="fl-f3"/>
      </object_component>
      <object_component id="oc-1f7">
         <name>.text</name>
         <load_address>0x2000ac80</load_address>
         <run_address>0x2000ac80</run_address>
         <size>0x134</size>
         <input_file_ref idref="fl-7"/>
      </object_component>
      <object_component id="oc-322">
         <name>.text:_SlDrvDriverCBDeinit</name>
         <load_address>0x2000adb4</load_address>
         <run_address>0x2000adb4</run_address>
         <size>0x130</size>
         <input_file_ref idref="fl-11"/>
      </object_component>
      <object_component id="oc-75c">
         <name>.text:_SlDrvNetAppEventHandler</name>
         <load_address>0x2000aee4</load_address>
         <run_address>0x2000aee4</run_address>
         <size>0x104</size>
         <input_file_ref idref="fl-12"/>
      </object_component>
      <object_component id="oc-5d9">
         <name>.text</name>
         <load_address>0x2000afe8</load_address>
         <run_address>0x2000afe8</run_address>
         <size>0xfc</size>
         <input_file_ref idref="fl-f4"/>
      </object_component>
      <object_component id="oc-603">
         <name>.text</name>
         <load_address>0x2000b0e4</load_address>
         <run_address>0x2000b0e4</run_address>
         <size>0xfc</size>
         <input_file_ref idref="fl-fa"/>
      </object_component>
      <object_component id="oc-eb">
         <name>.text:sl_Start</name>
         <load_address>0x2000b1e0</load_address>
         <run_address>0x2000b1e0</run_address>
         <size>0xf0</size>
         <input_file_ref idref="fl-10"/>
      </object_component>
      <object_component id="oc-fd">
         <name>.text:sl_Stop</name>
         <load_address>0x2000b2d0</load_address>
         <run_address>0x2000b2d0</run_address>
         <size>0xf0</size>
         <input_file_ref idref="fl-10"/>
      </object_component>
      <object_component id="oc-705">
         <name>.text:spi_Read</name>
         <load_address>0x2000b3c0</load_address>
         <run_address>0x2000b3c0</run_address>
         <size>0xf0</size>
         <input_file_ref idref="fl-17"/>
      </object_component>
      <object_component id="oc-803">
         <name>.text:uDMAChannelTransferSet</name>
         <load_address>0x2000b4b0</load_address>
         <run_address>0x2000b4b0</run_address>
         <size>0xf0</size>
         <input_file_ref idref="fl-20"/>
      </object_component>
      <object_component id="oc-688">
         <name>.text:_SlAsyncEventGenericHandler</name>
         <load_address>0x2000b5a0</load_address>
         <run_address>0x2000b5a0</run_address>
         <size>0xe8</size>
         <input_file_ref idref="fl-11"/>
      </object_component>
      <object_component id="oc-530">
         <name>.text:_SlDrvMsgReadSpawnCtx</name>
         <load_address>0x2000b688</load_address>
         <run_address>0x2000b688</run_address>
         <size>0xe8</size>
         <input_file_ref idref="fl-11"/>
      </object_component>
      <object_component id="oc-35d">
         <name>.text:sl_NetAppMDNSRegisterUnregisterService</name>
         <load_address>0x2000b770</load_address>
         <run_address>0x2000b770</run_address>
         <size>0xe4</size>
         <input_file_ref idref="fl-12"/>
      </object_component>
      <object_component id="oc-6ff">
         <name>.text:_SlDrvClassifyRxMsg</name>
         <load_address>0x2000b854</load_address>
         <run_address>0x2000b854</run_address>
         <size>0xdc</size>
         <input_file_ref idref="fl-11"/>
      </object_component>
      <object_component id="oc-7c1">
         <name>.text:_sl_HandleAsync_DnsGetHostByService</name>
         <load_address>0x2000b930</load_address>
         <run_address>0x2000b930</run_address>
         <size>0xcc</size>
         <input_file_ref idref="fl-12"/>
      </object_component>
      <object_component id="oc-103">
         <name>.text:sl_DevGet</name>
         <load_address>0x2000b9fc</load_address>
         <run_address>0x2000b9fc</run_address>
         <size>0xcc</size>
         <input_file_ref idref="fl-10"/>
      </object_component>
      <object_component id="oc-510">
         <name>.text:_SlRemoveFromList</name>
         <load_address>0x2000bac8</load_address>
         <run_address>0x2000bac8</run_address>
         <size>0xc4</size>
         <input_file_ref idref="fl-11"/>
      </object_component>
      <object_component id="oc-306">
         <name>.text:_SlDrvCmdOp</name>
         <load_address>0x2000bb8c</load_address>
         <run_address>0x2000bb8c</run_address>
         <size>0xc0</size>
         <input_file_ref idref="fl-11"/>
      </object_component>
      <object_component id="oc-49f">
         <name>.text:_SlNonOsSemGet</name>
         <load_address>0x2000bc4c</load_address>
         <run_address>0x2000bc4c</run_address>
         <size>0xb0</size>
         <input_file_ref idref="fl-14"/>
      </object_component>
      <object_component id="oc-4ef">
         <name>.text:IntDisable</name>
         <load_address>0x2000bcfc</load_address>
         <run_address>0x2000bcfc</run_address>
         <size>0xa8</size>
         <input_file_ref idref="fl-19"/>
      </object_component>
      <object_component id="oc-146">
         <name>.text:IntEnable</name>
         <load_address>0x2000bda4</load_address>
         <run_address>0x2000bda4</run_address>
         <size>0xa8</size>
         <input_file_ref idref="fl-19"/>
      </object_component>
      <object_component id="oc-509">
         <name>.text:_SlDriverHandleError</name>
         <load_address>0x2000be4c</load_address>
         <run_address>0x2000be4c</run_address>
         <size>0xa4</size>
         <input_file_ref idref="fl-11"/>
      </object_component>
      <object_component id="oc-1e2">
         <name>.text:SPIConfigSetExpClk</name>
         <load_address>0x2000bef0</load_address>
         <run_address>0x2000bef0</run_address>
         <size>0xa0</size>
         <input_file_ref idref="fl-1c"/>
      </object_component>
      <object_component id="oc-41">
         <name>.text</name>
         <load_address>0x2000bf90</load_address>
         <run_address>0x2000bf90</run_address>
         <size>0x9c</size>
         <input_file_ref idref="fl-df"/>
      </object_component>
      <object_component id="oc-7a7">
         <name>.text:_SlDrvDeviceEventHandler</name>
         <load_address>0x2000c02c</load_address>
         <run_address>0x2000c02c</run_address>
         <size>0x9a</size>
         <input_file_ref idref="fl-10"/>
      </object_component>
      <object_component id="oc-177">
         <name>.text:sl_DevSet</name>
         <load_address>0x2000c0c8</load_address>
         <run_address>0x2000c0c8</run_address>
         <size>0x98</size>
         <input_file_ref idref="fl-10"/>
      </object_component>
      <object_component id="oc-11b">
         <name>.text:sl_NetCfgSet</name>
         <load_address>0x2000c160</load_address>
         <run_address>0x2000c160</run_address>
         <size>0x98</size>
         <input_file_ref idref="fl-13"/>
      </object_component>
      <object_component id="oc-1a0">
         <name>.text:sl_SetSockOpt</name>
         <load_address>0x2000c1f8</load_address>
         <run_address>0x2000c1f8</run_address>
         <size>0x98</size>
         <input_file_ref idref="fl-15"/>
      </object_component>
      <object_component id="oc-121">
         <name>.text:sl_WlanSet</name>
         <load_address>0x2000c290</load_address>
         <run_address>0x2000c290</run_address>
         <size>0x98</size>
         <input_file_ref idref="fl-16"/>
      </object_component>
      <object_component id="oc-691">
         <name>.text:spi_Write</name>
         <load_address>0x2000c328</load_address>
         <run_address>0x2000c328</run_address>
         <size>0x98</size>
         <input_file_ref idref="fl-17"/>
      </object_component>
      <object_component id="oc-1dc">
         <name>.text:PRCMPeripheralClockGet</name>
         <load_address>0x2000c3c0</load_address>
         <run_address>0x2000c3c0</run_address>
         <size>0x94</size>
         <input_file_ref idref="fl-1b"/>
      </object_component>
      <object_component id="oc-7bb">
         <name>.text:_sl_HandleAsync_DnsGetHostByName</name>
         <load_address>0x2000c454</load_address>
         <run_address>0x2000c454</run_address>
         <size>0x90</size>
         <input_file_ref idref="fl-12"/>
      </object_component>
      <object_component id="oc-762">
         <name>.text:_sl_HandleAsync_PingResponse</name>
         <load_address>0x2000c4e4</load_address>
         <run_address>0x2000c4e4</run_address>
         <size>0x90</size>
         <input_file_ref idref="fl-12"/>
      </object_component>
      <object_component id="oc-109">
         <name>.text:sl_WlanPolicySet</name>
         <load_address>0x2000c574</load_address>
         <run_address>0x2000c574</run_address>
         <size>0x90</size>
         <input_file_ref idref="fl-16"/>
      </object_component>
      <object_component id="oc-769">
         <name>.text:SetupDMAReceive</name>
         <load_address>0x2000c604</load_address>
         <run_address>0x2000c604</run_address>
         <size>0x8c</size>
         <input_file_ref idref="fl-17"/>
      </object_component>
      <object_component id="oc-716">
         <name>.text:SetupDMASend</name>
         <load_address>0x2000c690</load_address>
         <run_address>0x2000c690</run_address>
         <size>0x8c</size>
         <input_file_ref idref="fl-17"/>
      </object_component>
      <object_component id="oc-636">
         <name>.text:_SlDrvIsTimeoutExpired</name>
         <load_address>0x2000c71c</load_address>
         <run_address>0x2000c71c</run_address>
         <size>0x8c</size>
         <input_file_ref idref="fl-11"/>
      </object_component>
      <object_component id="oc-814">
         <name>.text:_sl_HandleAsync_InitComplete</name>
         <load_address>0x2000c7a8</load_address>
         <run_address>0x2000c7a8</run_address>
         <size>0x8c</size>
         <input_file_ref idref="fl-10"/>
      </object_component>
      <object_component id="oc-19a">
         <name>.text:sl_Socket</name>
         <load_address>0x2000c834</load_address>
         <run_address>0x2000c834</run_address>
         <size>0x8c</size>
         <input_file_ref idref="fl-15"/>
      </object_component>
      <object_component id="oc-5c5">
         <name>.text:PinConfigSet</name>
         <load_address>0x2000c8c0</load_address>
         <run_address>0x2000c8c0</run_address>
         <size>0x88</size>
         <input_file_ref idref="fl-1a"/>
      </object_component>
      <object_component id="oc-264">
         <name>.text</name>
         <load_address>0x2000c948</load_address>
         <run_address>0x2000c948</run_address>
         <size>0x88</size>
         <input_file_ref idref="fl-e9"/>
      </object_component>
      <object_component id="oc-5d4">
         <name>.text:__aeabi_cdcmple</name>
         <load_address>0x2000c9d0</load_address>
         <run_address>0x2000c9d0</run_address>
         <size>0x86</size>
         <input_file_ref idref="fl-f2"/>
      </object_component>
      <object_component id="oc-5e3">
         <name>.text:__aeabi_cdrcmple</name>
         <load_address>0x2000ca56</load_address>
         <run_address>0x2000ca56</run_address>
         <size>0x86</size>
         <input_file_ref idref="fl-f2"/>
      </object_component>
      <object_component id="oc-2ad">
         <name>.text:NwpPowerOnPreamble</name>
         <load_address>0x2000cadc</load_address>
         <run_address>0x2000cadc</run_address>
         <size>0x84</size>
         <input_file_ref idref="fl-17"/>
      </object_component>
      <object_component id="oc-130">
         <name>.text:sl_WlanRxFilterSet</name>
         <load_address>0x2000cb60</load_address>
         <run_address>0x2000cb60</run_address>
         <size>0x84</size>
         <input_file_ref idref="fl-16"/>
      </object_component>
      <object_component id="oc-203">
         <name>.text:GPIOIntTypeSet</name>
         <load_address>0x2000cbe4</load_address>
         <run_address>0x2000cbe4</run_address>
         <size>0x82</size>
         <input_file_ref idref="fl-18"/>
      </object_component>
      <object_component id="oc-7e3">
         <name>.text:_sl_HandleAsync_Connect</name>
         <load_address>0x2000cc68</load_address>
         <run_address>0x2000cc68</run_address>
         <size>0x80</size>
         <input_file_ref idref="fl-15"/>
      </object_component>
      <object_component id="oc-76f">
         <name>.text:spi_Read_CPU</name>
         <load_address>0x2000cce8</load_address>
         <run_address>0x2000cce8</run_address>
         <size>0x80</size>
         <input_file_ref idref="fl-17"/>
      </object_component>
      <object_component id="oc-722">
         <name>.text:spi_Write_CPU</name>
         <load_address>0x2000cd68</load_address>
         <run_address>0x2000cd68</run_address>
         <size>0x80</size>
         <input_file_ref idref="fl-17"/>
      </object_component>
      <object_component id="oc-4d">
         <name>.text</name>
         <load_address>0x2000cde8</load_address>
         <run_address>0x2000cde8</run_address>
         <size>0x7a</size>
         <input_file_ref idref="fl-e2"/>
      </object_component>
      <object_component id="oc-31c">
         <name>.text:spi_Close</name>
         <load_address>0x2000ce64</load_address>
         <run_address>0x2000ce64</run_address>
         <size>0x78</size>
         <input_file_ref idref="fl-17"/>
      </object_component>
      <object_component id="oc-258">
         <name>.text:UARTConfigSetExpClk</name>
         <load_address>0x2000cedc</load_address>
         <run_address>0x2000cedc</run_address>
         <size>0x76</size>
         <input_file_ref idref="fl-1f"/>
      </object_component>
      <object_component id="oc-f1">
         <name>.text:_SlNonOsMainLoopTask</name>
         <load_address>0x2000cf54</load_address>
         <run_address>0x2000cf54</run_address>
         <size>0x74</size>
         <input_file_ref idref="fl-14"/>
      </object_component>
      <object_component id="oc-65">
         <name>.text</name>
         <load_address>0x2000cfc8</load_address>
         <run_address>0x2000cfc8</run_address>
         <size>0x70</size>
         <input_file_ref idref="fl-ee"/>
      </object_component>
      <object_component id="oc-82c">
         <name>.text:_SlDrvCmdSend</name>
         <load_address>0x2000d038</load_address>
         <run_address>0x2000d038</run_address>
         <size>0x6c</size>
         <input_file_ref idref="fl-11"/>
      </object_component>
      <object_component id="oc-7cd">
         <name>.text:_sl_NetAppSendTokenValue</name>
         <load_address>0x2000d0a4</load_address>
         <run_address>0x2000d0a4</run_address>
         <size>0x6c</size>
         <input_file_ref idref="fl-12"/>
      </object_component>
      <object_component id="oc-12">
         <name>.text:decompress:lzss</name>
         <load_address>0x2000d110</load_address>
         <run_address>0x2000d110</run_address>
         <size>0x68</size>
         <input_file_ref idref="fl-da"/>
      </object_component>
      <object_component id="oc-52a">
         <name>.text:_SlNonOsSpawn</name>
         <load_address>0x2000d178</load_address>
         <run_address>0x2000d178</run_address>
         <size>0x64</size>
         <input_file_ref idref="fl-14"/>
      </object_component>
      <object_component id="oc-7dd">
         <name>.text:_sl_HandleAsync_Accept</name>
         <load_address>0x2000d1dc</load_address>
         <run_address>0x2000d1dc</run_address>
         <size>0x64</size>
         <input_file_ref idref="fl-15"/>
      </object_component>
      <object_component id="oc-5fd">
         <name>.text</name>
         <load_address>0x2000d240</load_address>
         <run_address>0x2000d240</run_address>
         <size>0x64</size>
         <input_file_ref idref="fl-f9"/>
      </object_component>
      <object_component id="oc-127">
         <name>.text:sl_NetAppMDNSUnRegisterService</name>
         <load_address>0x2000d2a4</load_address>
         <run_address>0x2000d2a4</run_address>
         <size>0x64</size>
         <input_file_ref idref="fl-12"/>
      </object_component>
      <object_component id="oc-64a">
         <name>.text:uDMAChannelAttributeDisable</name>
         <load_address>0x2000d308</load_address>
         <run_address>0x2000d308</run_address>
         <size>0x64</size>
         <input_file_ref idref="fl-20"/>
      </object_component>
      <object_component id="oc-7fd">
         <name>.text:uDMAChannelAttributeEnable</name>
         <load_address>0x2000d36c</load_address>
         <run_address>0x2000d36c</run_address>
         <size>0x64</size>
         <input_file_ref idref="fl-20"/>
      </object_component>
      <object_component id="oc-10f">
         <name>.text:sl_WlanProfileDel</name>
         <load_address>0x2000d3d0</load_address>
         <run_address>0x2000d3d0</run_address>
         <size>0x60</size>
         <input_file_ref idref="fl-16"/>
      </object_component>
      <object_component id="oc-f7">
         <name>.text:sl_WlanSetMode</name>
         <load_address>0x2000d430</load_address>
         <run_address>0x2000d430</run_address>
         <size>0x60</size>
         <input_file_ref idref="fl-16"/>
      </object_component>
      <object_component id="oc-4fb">
         <name>.text:IntPendClear</name>
         <load_address>0x2000d490</load_address>
         <run_address>0x2000d490</run_address>
         <size>0x58</size>
         <input_file_ref idref="fl-19"/>
      </object_component>
      <object_component id="oc-38b">
         <name>.text:PRCMPeripheralReset</name>
         <load_address>0x2000d4e8</load_address>
         <run_address>0x2000d4e8</run_address>
         <size>0x58</size>
         <input_file_ref idref="fl-1b"/>
      </object_component>
      <object_component id="oc-5ed">
         <name>.text</name>
         <load_address>0x2000d540</load_address>
         <run_address>0x2000d540</run_address>
         <size>0x56</size>
         <input_file_ref idref="fl-f7"/>
      </object_component>
      <object_component id="oc-3ad">
         <name>.text:IntPrioritySet</name>
         <load_address>0x2000d598</load_address>
         <run_address>0x2000d598</run_address>
         <size>0x54</size>
         <input_file_ref idref="fl-19"/>
      </object_component>
      <object_component id="oc-2ef">
         <name>.text:_SlDrvRxIrqHandler</name>
         <load_address>0x2000d5ec</load_address>
         <run_address>0x2000d5ec</run_address>
         <size>0x54</size>
         <input_file_ref idref="fl-11"/>
      </object_component>
      <object_component id="oc-7e9">
         <name>.text:_sl_HandleAsync_Select</name>
         <load_address>0x2000d640</load_address>
         <run_address>0x2000d640</run_address>
         <size>0x54</size>
         <input_file_ref idref="fl-15"/>
      </object_component>
      <object_component id="oc-24">
         <name>.text</name>
         <load_address>0x2000d694</load_address>
         <run_address>0x2000d694</run_address>
         <size>0x54</size>
         <input_file_ref idref="fl-d9"/>
      </object_component>
      <object_component id="oc-71">
         <name>.text</name>
         <load_address>0x2000d6e8</load_address>
         <run_address>0x2000d6e8</run_address>
         <size>0x54</size>
         <input_file_ref idref="fl-dd"/>
      </object_component>
      <object_component id="oc-7ef">
         <name>.text:_sl_HandleAsync_Stop</name>
         <load_address>0x2000d73c</load_address>
         <run_address>0x2000d73c</run_address>
         <size>0x50</size>
         <input_file_ref idref="fl-10"/>
      </object_component>
      <object_component id="oc-4ce">
         <name>.text:SPIIntEnable</name>
         <load_address>0x2000d78c</load_address>
         <run_address>0x2000d78c</run_address>
         <size>0x4c</size>
         <input_file_ref idref="fl-1c"/>
      </object_component>
      <object_component id="oc-69c">
         <name>.text:SPIIntNumberGet</name>
         <load_address>0x2000d7d8</load_address>
         <run_address>0x2000d7d8</run_address>
         <size>0x4c</size>
         <input_file_ref idref="fl-1c"/>
      </object_component>
      <object_component id="oc-2bf">
         <name>.text:_SlDrvProtectAsyncRespSetting</name>
         <load_address>0x2000d824</load_address>
         <run_address>0x2000d824</run_address>
         <size>0x4c</size>
         <input_file_ref idref="fl-11"/>
      </object_component>
      <object_component id="oc-404">
         <name>.text:_sl_BuildAddress</name>
         <load_address>0x2000d870</load_address>
         <run_address>0x2000d870</run_address>
         <size>0x4c</size>
         <input_file_ref idref="fl-15"/>
      </object_component>
      <object_component id="oc-60f">
         <name>.text</name>
         <load_address>0x2000d8bc</load_address>
         <run_address>0x2000d8bc</run_address>
         <size>0x4c</size>
         <input_file_ref idref="fl-ed"/>
      </object_component>
      <object_component id="oc-9a">
         <name>.text</name>
         <load_address>0x2000d908</load_address>
         <run_address>0x2000d908</run_address>
         <size>0x4c</size>
         <input_file_ref idref="fl-ef"/>
      </object_component>
      <object_component id="oc-644">
         <name>.text:uDMAChannelAssign</name>
         <load_address>0x2000d954</load_address>
         <run_address>0x2000d954</run_address>
         <size>0x4c</size>
         <input_file_ref idref="fl-20"/>
      </object_component>
      <object_component id="oc-456">
         <name>.text:GPIOGetIntNumber</name>
         <load_address>0x2000d9a0</load_address>
         <run_address>0x2000d9a0</run_address>
         <size>0x48</size>
         <input_file_ref idref="fl-18"/>
      </object_component>
      <object_component id="oc-664">
         <name>.text:SPIIntClear</name>
         <load_address>0x2000d9e8</load_address>
         <run_address>0x2000d9e8</run_address>
         <size>0x48</size>
         <input_file_ref idref="fl-1c"/>
      </object_component>
      <object_component id="oc-348">
         <name>.text:_SlDrvBasicCmd</name>
         <load_address>0x2000da30</load_address>
         <run_address>0x2000da30</run_address>
         <size>0x48</size>
         <input_file_ref idref="fl-11"/>
      </object_component>
      <object_component id="oc-5e8">
         <name>.text</name>
         <load_address>0x2000da78</load_address>
         <run_address>0x2000da78</run_address>
         <size>0x48</size>
         <input_file_ref idref="fl-f5"/>
      </object_component>
      <object_component id="oc-654">
         <name>.text:SPIDmaMaskGet</name>
         <load_address>0x2000dac0</load_address>
         <run_address>0x2000dac0</run_address>
         <size>0x44</size>
         <input_file_ref idref="fl-1c"/>
      </object_component>
      <object_component id="oc-789">
         <name>.text:TimerConfigure</name>
         <load_address>0x2000db04</load_address>
         <run_address>0x2000db04</run_address>
         <size>0x44</size>
         <input_file_ref idref="fl-1e"/>
      </object_component>
      <object_component id="oc-825">
         <name>.text:_SlDrvHandleHttpServerEvents</name>
         <load_address>0x2000db48</load_address>
         <run_address>0x2000db48</run_address>
         <size>0x44</size>
         <input_file_ref idref="fl-11"/>
      </object_component>
      <object_component id="oc-2d7">
         <name>.text:_SlDrvSyncObjWaitTimeout</name>
         <load_address>0x2000db8c</load_address>
         <run_address>0x2000db8c</run_address>
         <size>0x44</size>
         <input_file_ref idref="fl-11"/>
      </object_component>
      <object_component id="oc-77c">
         <name>.text:cc_SetupTransfer</name>
         <load_address>0x2000dbd0</load_address>
         <run_address>0x2000dbd0</run_address>
         <size>0x44</size>
         <input_file_ref idref="fl-17"/>
      </object_component>
      <object_component id="oc-194">
         <name>.text:sl_Htonl</name>
         <load_address>0x2000dc14</load_address>
         <run_address>0x2000dc14</run_address>
         <size>0x42</size>
         <input_file_ref idref="fl-15"/>
      </object_component>
      <object_component id="oc-437">
         <name>.text:PinModeSet</name>
         <load_address>0x2000dc58</load_address>
         <run_address>0x2000dc58</run_address>
         <size>0x40</size>
         <input_file_ref idref="fl-1a"/>
      </object_component>
      <object_component id="oc-7b3">
         <name>.text:_SlDrvHandleNetAppEvents</name>
         <load_address>0x2000dc98</load_address>
         <run_address>0x2000dc98</run_address>
         <size>0x40</size>
         <input_file_ref idref="fl-11"/>
      </object_component>
      <object_component id="oc-7ad">
         <name>.text:_SlDrvHandleWlanEvents</name>
         <load_address>0x2000dcd8</load_address>
         <run_address>0x2000dcd8</run_address>
         <size>0x40</size>
         <input_file_ref idref="fl-11"/>
      </object_component>
      <object_component id="oc-2cb">
         <name>.text:NwpRegisterInterruptHandler</name>
         <load_address>0x2000dd18</load_address>
         <run_address>0x2000dd18</run_address>
         <size>0x3e</size>
         <input_file_ref idref="fl-17"/>
      </object_component>
      <object_component id="oc-7d4">
         <name>.text:CopyPingResultsToReport</name>
         <load_address>0x2000dd56</load_address>
         <run_address>0x2000dd56</run_address>
         <size>0x3c</size>
         <input_file_ref idref="fl-12"/>
      </object_component>
      <object_component id="oc-1d0">
         <name>.text:PRCMPeripheralClkEnable</name>
         <load_address>0x2000dd94</load_address>
         <run_address>0x2000dd94</run_address>
         <size>0x3c</size>
         <input_file_ref idref="fl-1b"/>
      </object_component>
      <object_component id="oc-743">
         <name>.text:simplelink_timerA2_start</name>
         <load_address>0x2000ddd0</load_address>
         <run_address>0x2000ddd0</run_address>
         <size>0x3c</size>
         <input_file_ref idref="fl-17"/>
      </object_component>
      <object_component id="oc-18e">
         <name>.text:sl_Htons</name>
         <load_address>0x2000de0c</load_address>
         <run_address>0x2000de0c</run_address>
         <size>0x3c</size>
         <input_file_ref idref="fl-15"/>
      </object_component>
      <object_component id="oc-7f7">
         <name>.text:uDMAChannelControlSet</name>
         <load_address>0x2000de48</load_address>
         <run_address>0x2000de48</run_address>
         <size>0x3c</size>
         <input_file_ref idref="fl-20"/>
      </object_component>
      <object_component id="oc-2c5">
         <name>.text:NwpPowerOff</name>
         <load_address>0x2000de84</load_address>
         <run_address>0x2000de84</run_address>
         <size>0x38</size>
         <input_file_ref idref="fl-17"/>
      </object_component>
      <object_component id="oc-115">
         <name>.text:sl_WlanDisconnect</name>
         <load_address>0x2000debc</load_address>
         <run_address>0x2000debc</run_address>
         <size>0x38</size>
         <input_file_ref idref="fl-16"/>
      </object_component>
      <object_component id="oc-443">
         <name>.text:GPIODirModeSet</name>
         <load_address>0x2000def4</load_address>
         <run_address>0x2000def4</run_address>
         <size>0x36</size>
         <input_file_ref idref="fl-18"/>
      </object_component>
      <object_component id="oc-2d1">
         <name>.text:NwpPowerOn</name>
         <load_address>0x2000df2c</load_address>
         <run_address>0x2000df2c</run_address>
         <size>0x34</size>
         <input_file_ref idref="fl-17"/>
      </object_component>
      <object_component id="oc-4b0">
         <name>.text:PRCMPeripheralStatusGet</name>
         <load_address>0x2000df60</load_address>
         <run_address>0x2000df60</run_address>
         <size>0x34</size>
         <input_file_ref idref="fl-1b"/>
      </object_component>
      <object_component id="oc-4c8">
         <name>.text:SPIFIFOLevelSet</name>
         <load_address>0x2000df94</load_address>
         <run_address>0x2000df94</run_address>
         <size>0x34</size>
         <input_file_ref idref="fl-1c"/>
      </object_component>
      <object_component id="oc-43d">
         <name>.text:PinTypeGPIO</name>
         <load_address>0x2000dfc8</load_address>
         <run_address>0x2000dfc8</run_address>
         <size>0x30</size>
         <input_file_ref idref="fl-1a"/>
      </object_component>
      <object_component id="oc-465">
         <name>.text:UARTDisable</name>
         <load_address>0x2000dff8</load_address>
         <run_address>0x2000dff8</run_address>
         <size>0x30</size>
         <input_file_ref idref="fl-1f"/>
      </object_component>
      <object_component id="oc-5f3">
         <name>.text</name>
         <load_address>0x2000e028</load_address>
         <run_address>0x2000e028</run_address>
         <size>0x2e</size>
         <input_file_ref idref="fl-f6"/>
      </object_component>
      <object_component id="oc-379">
         <name>.text:PRCMSysResetCauseGet</name>
         <load_address>0x2000e058</load_address>
         <run_address>0x2000e058</run_address>
         <size>0x2c</size>
         <input_file_ref idref="fl-1b"/>
      </object_component>
      <object_component id="oc-53d">
         <name>.text:_SlDrvObjGlobalLockWaitForever</name>
         <load_address>0x2000e084</load_address>
         <run_address>0x2000e084</run_address>
         <size>0x2c</size>
         <input_file_ref idref="fl-11"/>
      </object_component>
      <object_component id="oc-3d9">
         <name>.text:_SlDrvProtectionObjLockWaitForever</name>
         <load_address>0x2000e0b0</load_address>
         <run_address>0x2000e0b0</run_address>
         <size>0x2c</size>
         <input_file_ref idref="fl-11"/>
      </object_component>
      <object_component id="oc-795">
         <name>.text:TimerLoadSet</name>
         <load_address>0x2000e0dc</load_address>
         <run_address>0x2000e0dc</run_address>
         <size>0x2a</size>
         <input_file_ref idref="fl-1e"/>
      </object_component>
      <object_component id="oc-78f">
         <name>.text:TimerPrescaleSet</name>
         <load_address>0x2000e106</load_address>
         <run_address>0x2000e106</run_address>
         <size>0x2a</size>
         <input_file_ref idref="fl-1e"/>
      </object_component>
      <object_component id="oc-391">
         <name>.text:PRCMPeripheralClkDisable</name>
         <load_address>0x2000e130</load_address>
         <run_address>0x2000e130</run_address>
         <size>0x28</size>
         <input_file_ref idref="fl-1b"/>
      </object_component>
      <object_component id="oc-543">
         <name>.text:_SlDrvGlobalObjUnLock</name>
         <load_address>0x2000e158</load_address>
         <run_address>0x2000e158</run_address>
         <size>0x28</size>
         <input_file_ref idref="fl-11"/>
      </object_component>
      <object_component id="oc-3df">
         <name>.text:_SlDrvProtectionObjUnLock</name>
         <load_address>0x2000e180</load_address>
         <run_address>0x2000e180</run_address>
         <size>0x28</size>
         <input_file_ref idref="fl-11"/>
      </object_component>
      <object_component id="oc-3e5">
         <name>.text:_SlDrvSyncObjWaitForever</name>
         <load_address>0x2000e1a8</load_address>
         <run_address>0x2000e1a8</run_address>
         <size>0x28</size>
         <input_file_ref idref="fl-11"/>
      </object_component>
      <object_component id="oc-841">
         <name>.text</name>
         <load_address>0x2000e1d0</load_address>
         <run_address>0x2000e1d0</run_address>
         <size>0x26</size>
         <input_file_ref idref="fl-6"/>
      </object_component>
      <object_component id="oc-4da">
         <name>.text:DmaSpiSwIntHandler</name>
         <load_address>0x2000e1f8</load_address>
         <run_address>0x2000e1f8</run_address>
         <size>0x24</size>
         <input_file_ref idref="fl-17"/>
      </object_component>
      <object_component id="oc-4f5">
         <name>.text:IntUnregister</name>
         <load_address>0x2000e21c</load_address>
         <run_address>0x2000e21c</run_address>
         <size>0x24</size>
         <input_file_ref idref="fl-19"/>
      </object_component>
      <object_component id="oc-46b">
         <name>.text:UARTEnable</name>
         <load_address>0x2000e240</load_address>
         <run_address>0x2000e240</run_address>
         <size>0x24</size>
         <input_file_ref idref="fl-1f"/>
      </object_component>
      <object_component id="oc-276">
         <name>.text</name>
         <load_address>0x2000e264</load_address>
         <run_address>0x2000e264</run_address>
         <size>0x24</size>
         <input_file_ref idref="fl-e0"/>
      </object_component>
      <object_component id="oc-1be">
         <name>.text:GPIOIntStatus</name>
         <load_address>0x2000e288</load_address>
         <run_address>0x2000e288</run_address>
         <size>0x22</size>
         <input_file_ref idref="fl-18"/>
      </object_component>
      <object_component id="oc-1d6">
         <name>.text:SPIReset</name>
         <load_address>0x2000e2aa</load_address>
         <run_address>0x2000e2aa</run_address>
         <size>0x22</size>
         <input_file_ref idref="fl-1c"/>
      </object_component>
      <object_component id="oc-71c">
         <name>.text:SPIWordCountSet</name>
         <load_address>0x2000e2cc</load_address>
         <run_address>0x2000e2cc</run_address>
         <size>0x22</size>
         <input_file_ref idref="fl-1c"/>
      </object_component>
      <object_component id="oc-3b3">
         <name>.text:GPIOPinWrite</name>
         <load_address>0x2000e2ee</load_address>
         <run_address>0x2000e2ee</run_address>
         <size>0x20</size>
         <input_file_ref idref="fl-18"/>
      </object_component>
      <object_component id="oc-399">
         <name>.text:IntRegister</name>
         <load_address>0x2000e310</load_address>
         <run_address>0x2000e310</run_address>
         <size>0x20</size>
         <input_file_ref idref="fl-19"/>
      </object_component>
      <object_component id="oc-316">
         <name>.text:NwpPrePowerOffTimout0</name>
         <load_address>0x2000e330</load_address>
         <run_address>0x2000e330</run_address>
         <size>0x20</size>
         <input_file_ref idref="fl-17"/>
      </object_component>
      <object_component id="oc-429">
         <name>.text:SPIDataGet</name>
         <load_address>0x2000e350</load_address>
         <run_address>0x2000e350</run_address>
         <size>0x20</size>
         <input_file_ref idref="fl-1c"/>
      </object_component>
      <object_component id="oc-6e3">
         <name>.text:TimerGetCurrentTimestamp</name>
         <load_address>0x2000e370</load_address>
         <run_address>0x2000e370</run_address>
         <size>0x20</size>
         <input_file_ref idref="fl-17"/>
      </object_component>
      <object_component id="oc-516">
         <name>.text:_SlDrvSyncObjSignal</name>
         <load_address>0x2000e390</load_address>
         <run_address>0x2000e390</run_address>
         <size>0x20</size>
         <input_file_ref idref="fl-11"/>
      </object_component>
      <object_component id="oc-1fd">
         <name>.text:GPIOIntRegister</name>
         <load_address>0x2000e3b0</load_address>
         <run_address>0x2000e3b0</run_address>
         <size>0x1e</size>
         <input_file_ref idref="fl-18"/>
      </object_component>
      <object_component id="oc-423">
         <name>.text:SPIDataPut</name>
         <load_address>0x2000e3ce</load_address>
         <run_address>0x2000e3ce</run_address>
         <size>0x1e</size>
         <input_file_ref idref="fl-1c"/>
      </object_component>
      <object_component id="oc-79b">
         <name>.text:TimerEnable</name>
         <load_address>0x2000e3ec</load_address>
         <run_address>0x2000e3ec</run_address>
         <size>0x1e</size>
         <input_file_ref idref="fl-1e"/>
      </object_component>
      <object_component id="oc-25e">
         <name>.text:UARTCharPut</name>
         <load_address>0x2000e40a</load_address>
         <run_address>0x2000e40a</run_address>
         <size>0x1e</size>
         <input_file_ref idref="fl-1f"/>
      </object_component>
      <object_component id="oc-4b6">
         <name>.text:cc_UDMAChannelSelect</name>
         <load_address>0x2000e428</load_address>
         <run_address>0x2000e428</run_address>
         <size>0x1e</size>
         <input_file_ref idref="fl-17"/>
      </object_component>
      <object_component id="oc-1ca">
         <name>.text</name>
         <load_address>0x2000e446</load_address>
         <run_address>0x2000e446</run_address>
         <size>0x1e</size>
         <input_file_ref idref="fl-e6"/>
      </object_component>
      <object_component id="oc-158">
         <name>.text:SysTickIntRegister</name>
         <load_address>0x2000e464</load_address>
         <run_address>0x2000e464</run_address>
         <size>0x1c</size>
         <input_file_ref idref="fl-1d"/>
      </object_component>
      <object_component id="oc-749">
         <name>.text:TimerValueGet</name>
         <load_address>0x2000e480</load_address>
         <run_address>0x2000e480</run_address>
         <size>0x1c</size>
         <input_file_ref idref="fl-1e"/>
      </object_component>
      <object_component id="oc-270">
         <name>.text:UARTCharGetNonBlocking</name>
         <load_address>0x2000e49c</load_address>
         <run_address>0x2000e49c</run_address>
         <size>0x1c</size>
         <input_file_ref idref="fl-1f"/>
      </object_component>
      <object_component id="oc-630">
         <name>.text:_SlDrvStartMeasureTimeout</name>
         <load_address>0x2000e4b8</load_address>
         <run_address>0x2000e4b8</run_address>
         <size>0x1c</size>
         <input_file_ref idref="fl-11"/>
      </object_component>
      <object_component id="oc-615">
         <name>.text</name>
         <load_address>0x2000e4d4</load_address>
         <run_address>0x2000e4d4</run_address>
         <size>0x1c</size>
         <input_file_ref idref="fl-f8"/>
      </object_component>
      <object_component id="oc-809">
         <name>.text:uDMAChannelEnable</name>
         <load_address>0x2000e4f0</load_address>
         <run_address>0x2000e4f0</run_address>
         <size>0x1c</size>
         <input_file_ref idref="fl-20"/>
      </object_component>
      <object_component id="oc-209">
         <name>.text:GPIOIntEnable</name>
         <load_address>0x2000e50c</load_address>
         <run_address>0x2000e50c</run_address>
         <size>0x1a</size>
         <input_file_ref idref="fl-18"/>
      </object_component>
      <object_component id="oc-449">
         <name>.text:PinTypeSPI</name>
         <load_address>0x2000e526</load_address>
         <run_address>0x2000e526</run_address>
         <size>0x1a</size>
         <input_file_ref idref="fl-1a"/>
      </object_component>
      <object_component id="oc-44f">
         <name>.text:PinTypeUART</name>
         <load_address>0x2000e540</load_address>
         <run_address>0x2000e540</run_address>
         <size>0x1a</size>
         <input_file_ref idref="fl-1a"/>
      </object_component>
      <object_component id="oc-567">
         <name>.text:SPIDmaDisable</name>
         <load_address>0x2000e55a</load_address>
         <run_address>0x2000e55a</run_address>
         <size>0x1a</size>
         <input_file_ref idref="fl-1c"/>
      </object_component>
      <object_component id="oc-4c2">
         <name>.text:SPIDmaEnable</name>
         <load_address>0x2000e574</load_address>
         <run_address>0x2000e574</run_address>
         <size>0x1a</size>
         <input_file_ref idref="fl-1c"/>
      </object_component>
      <object_component id="oc-561">
         <name>.text:SPIFIFODisable</name>
         <load_address>0x2000e58e</load_address>
         <run_address>0x2000e58e</run_address>
         <size>0x1a</size>
         <input_file_ref idref="fl-1c"/>
      </object_component>
      <object_component id="oc-4bc">
         <name>.text:SPIFIFOEnable</name>
         <load_address>0x2000e5a8</load_address>
         <run_address>0x2000e5a8</run_address>
         <size>0x1a</size>
         <input_file_ref idref="fl-1c"/>
      </object_component>
      <object_component id="oc-55b">
         <name>.text:SPIIntUnregister</name>
         <load_address>0x2000e5c2</load_address>
         <run_address>0x2000e5c2</run_address>
         <size>0x1a</size>
         <input_file_ref idref="fl-1c"/>
      </object_component>
      <object_component id="oc-3bf">
         <name>.text:GPIOPinRead</name>
         <load_address>0x2000e5dc</load_address>
         <run_address>0x2000e5dc</run_address>
         <size>0x18</size>
         <input_file_ref idref="fl-18"/>
      </object_component>
      <object_component id="oc-42f">
         <name>.text:SPICSDisable</name>
         <load_address>0x2000e5f4</load_address>
         <run_address>0x2000e5f4</run_address>
         <size>0x18</size>
         <input_file_ref idref="fl-1c"/>
      </object_component>
      <object_component id="oc-41d">
         <name>.text:SPICSEnable</name>
         <load_address>0x2000e60c</load_address>
         <run_address>0x2000e60c</run_address>
         <size>0x18</size>
         <input_file_ref idref="fl-1c"/>
      </object_component>
      <object_component id="oc-4aa">
         <name>.text:SPIDisable</name>
         <load_address>0x2000e624</load_address>
         <run_address>0x2000e624</run_address>
         <size>0x18</size>
         <input_file_ref idref="fl-1c"/>
      </object_component>
      <object_component id="oc-1e8">
         <name>.text:SPIEnable</name>
         <load_address>0x2000e63c</load_address>
         <run_address>0x2000e63c</run_address>
         <size>0x18</size>
         <input_file_ref idref="fl-1c"/>
      </object_component>
      <object_component id="oc-152">
         <name>.text:SysTickPeriodSet</name>
         <load_address>0x2000e654</load_address>
         <run_address>0x2000e654</run_address>
         <size>0x18</size>
         <input_file_ref idref="fl-1d"/>
      </object_component>
      <object_component id="oc-26a">
         <name>.text:UARTCharsAvail</name>
         <load_address>0x2000e66c</load_address>
         <run_address>0x2000e66c</run_address>
         <size>0x18</size>
         <input_file_ref idref="fl-1f"/>
      </object_component>
      <object_component id="oc-499">
         <name>.text:_SlNonOsSemSet</name>
         <load_address>0x2000e684</load_address>
         <run_address>0x2000e684</run_address>
         <size>0x18</size>
         <input_file_ref idref="fl-14"/>
      </object_component>
      <object_component id="oc-2e3">
         <name>.text:_sl_GetStartResponseConvert</name>
         <load_address>0x2000e69c</load_address>
         <run_address>0x2000e69c</run_address>
         <size>0x18</size>
         <input_file_ref idref="fl-10"/>
      </object_component>
      <object_component id="oc-6b">
         <name>.text</name>
         <load_address>0x2000e6b4</load_address>
         <run_address>0x2000e6b4</run_address>
         <size>0x18</size>
         <input_file_ref idref="fl-ec"/>
      </object_component>
      <object_component id="oc-1b9">
         <name>.text</name>
         <load_address>0x2000e6cc</load_address>
         <run_address>0x2000e6cc</run_address>
         <size>0x18</size>
         <input_file_ref idref="fl-de"/>
      </object_component>
      <object_component id="oc-37f">
         <name>.text:PRCMHIBRegRead</name>
         <load_address>0x2000e6e4</load_address>
         <run_address>0x2000e6e4</run_address>
         <size>0x16</size>
         <input_file_ref idref="fl-1b"/>
      </object_component>
      <object_component id="oc-385">
         <name>.text:PRCMHIBRegWrite</name>
         <load_address>0x2000e6fa</load_address>
         <run_address>0x2000e6fa</run_address>
         <size>0x16</size>
         <input_file_ref idref="fl-1b"/>
      </object_component>
      <object_component id="oc-3a3">
         <name>.text:_SlDrvMemZero</name>
         <load_address>0x2000e710</load_address>
         <run_address>0x2000e710</run_address>
         <size>0x16</size>
         <input_file_ref idref="fl-11"/>
      </object_component>
      <object_component id="oc-609">
         <name>.text</name>
         <load_address>0x2000e726</load_address>
         <run_address>0x2000e726</run_address>
         <size>0x16</size>
         <input_file_ref idref="fl-fc"/>
      </object_component>
      <object_component id="oc-36e">
         <name>.text:CPUcpsie</name>
         <load_address>0x2000e73c</load_address>
         <run_address>0x2000e73c</run_address>
         <size>0x14</size>
         <input_file_ref idref="fl-22"/>
      </object_component>
      <object_component id="oc-1c4">
         <name>.text:GPIOIntClear</name>
         <load_address>0x2000e750</load_address>
         <run_address>0x2000e750</run_address>
         <size>0x14</size>
         <input_file_ref idref="fl-18"/>
      </object_component>
      <object_component id="oc-13a">
         <name>.text:IntVTableBaseSet</name>
         <load_address>0x2000e764</load_address>
         <run_address>0x2000e764</run_address>
         <size>0x14</size>
         <input_file_ref idref="fl-19"/>
      </object_component>
      <object_component id="oc-240">
         <name>.text</name>
         <load_address>0x2000e778</load_address>
         <run_address>0x2000e778</run_address>
         <size>0x14</size>
         <input_file_ref idref="fl-ea"/>
      </object_component>
      <object_component id="oc-6c8">
         <name>.text</name>
         <load_address>0x2000e78c</load_address>
         <run_address>0x2000e78c</run_address>
         <size>0x14</size>
         <input_file_ref idref="fl-fe"/>
      </object_component>
      <object_component id="oc-182">
         <name>.text</name>
         <load_address>0x2000e7a0</load_address>
         <run_address>0x2000e7a0</run_address>
         <size>0x14</size>
         <input_file_ref idref="fl-e7"/>
      </object_component>
      <object_component id="oc-164">
         <name>.text:SysTickEnable</name>
         <load_address>0x2000e7b4</load_address>
         <run_address>0x2000e7b4</run_address>
         <size>0x10</size>
         <input_file_ref idref="fl-1d"/>
      </object_component>
      <object_component id="oc-15e">
         <name>.text:SysTickIntEnable</name>
         <load_address>0x2000e7c4</load_address>
         <run_address>0x2000e7c4</run_address>
         <size>0x10</size>
         <input_file_ref idref="fl-1d"/>
      </object_component>
      <object_component id="oc-7c7">
         <name>.text:_SlDrvDispatchHttpServerEvents</name>
         <load_address>0x2000e7d4</load_address>
         <run_address>0x2000e7d4</run_address>
         <size>0x10</size>
         <input_file_ref idref="fl-11"/>
      </object_component>
      <object_component id="oc-331">
         <name>.text:_SlDrvResetCmdExt</name>
         <load_address>0x2000e7e4</load_address>
         <run_address>0x2000e7e4</run_address>
         <size>0xe</size>
         <input_file_ref idref="fl-11"/>
      </object_component>
      <object_component id="oc-18">
         <name>.text:decompress:none</name>
         <load_address>0x2000e7f2</load_address>
         <run_address>0x2000e7f2</run_address>
         <size>0xe</size>
         <input_file_ref idref="fl-db"/>
      </object_component>
      <object_component id="oc-2d">
         <name>.text</name>
         <load_address>0x2000e800</load_address>
         <run_address>0x2000e800</run_address>
         <size>0xe</size>
         <input_file_ref idref="fl-8"/>
      </object_component>
      <object_component id="oc-4e8">
         <name>.text:NwpMaskInterrupt</name>
         <load_address>0x2000e810</load_address>
         <run_address>0x2000e810</run_address>
         <size>0xc</size>
         <input_file_ref idref="fl-17"/>
      </object_component>
      <object_component id="oc-502">
         <name>.text:NwpUnMaskInterrupt</name>
         <load_address>0x2000e81c</load_address>
         <run_address>0x2000e81c</run_address>
         <size>0xc</size>
         <input_file_ref idref="fl-17"/>
      </object_component>
      <object_component id="oc-1ae">
         <name>.text:SysTickValueGet</name>
         <load_address>0x2000e828</load_address>
         <run_address>0x2000e828</run_address>
         <size>0xc</size>
         <input_file_ref idref="fl-1d"/>
      </object_component>
      <object_component id="oc-1e">
         <name>.text:decompress:ZI</name>
         <load_address>0x2000e834</load_address>
         <run_address>0x2000e834</run_address>
         <size>0xc</size>
         <input_file_ref idref="fl-dc"/>
      </object_component>
      <object_component id="oc-140">
         <name>.text:IntMasterEnable</name>
         <load_address>0x2000e840</load_address>
         <run_address>0x2000e840</run_address>
         <size>0xa</size>
         <input_file_ref idref="fl-19"/>
      </object_component>
      <object_component id="oc-176">
         <name>.text:UtilsDelay</name>
         <load_address>0x2000e84a</load_address>
         <run_address>0x2000e84a</run_address>
         <size>0x6</size>
         <input_file_ref idref="fl-21"/>
      </object_component>
      <object_component id="oc-5f">
         <name>.text</name>
         <load_address>0x2000e850</load_address>
         <run_address>0x2000e850</run_address>
         <size>0x4</size>
         <input_file_ref idref="fl-e4"/>
      </object_component>
      <object_component id="oc-291">
         <name>.const:.string:font</name>
         <load_address>0x2000e854</load_address>
         <run_address>0x2000e854</run_address>
         <size>0x4fb</size>
         <input_file_ref idref="fl-2"/>
      </object_component>
      <object_component id="oc-6d5">
         <name>.const:.string:_ctypes_</name>
         <load_address>0x2000ed4f</load_address>
         <run_address>0x2000ed4f</run_address>
         <size>0x101</size>
         <input_file_ref idref="fl-f0"/>
      </object_component>
      <object_component id="oc-5c1">
         <name>.const:g_ulPinToPadMap</name>
         <load_address>0x2000ee50</load_address>
         <run_address>0x2000ee50</run_address>
         <size>0x100</size>
         <input_file_ref idref="fl-1a"/>
      </object_component>
      <object_component id="oc-597">
         <name>.const:g_pulRegs</name>
         <load_address>0x2000ef50</load_address>
         <run_address>0x2000ef50</run_address>
         <size>0xd4</size>
         <input_file_ref idref="fl-19"/>
      </object_component>
      <object_component id="oc-415">
         <name>.const:PRCM_PeriphRegsList</name>
         <load_address>0x2000f024</load_address>
         <run_address>0x2000f024</run_address>
         <size>0xa8</size>
         <input_file_ref idref="fl-1b"/>
      </object_component>
      <object_component id="oc-712">
         <name>.const:OpcodeTranslateTable</name>
         <load_address>0x2000f0cc</load_address>
         <run_address>0x2000f0cc</run_address>
         <size>0x3c</size>
         <input_file_ref idref="fl-11"/>
      </object_component>
      <object_component id="oc-776">
         <name>.const:_SlActionLookupTable</name>
         <load_address>0x2000f108</load_address>
         <run_address>0x2000f108</run_address>
         <size>0x38</size>
         <input_file_ref idref="fl-11"/>
      </object_component>
      <object_component id="oc-299">
         <name>.const:.string</name>
         <load_address>0x2000f140</load_address>
         <run_address>0x2000f140</run_address>
         <size>0x30</size>
         <input_file_ref idref="fl-5"/>
      </object_component>
      <object_component id="oc-12d">
         <name>.const:$P$T1$2</name>
         <load_address>0x2000f170</load_address>
         <run_address>0x2000f170</run_address>
         <size>0x2c</size>
         <input_file_ref idref="fl-5"/>
      </object_component>
      <object_component id="oc-72b">
         <name>.const:g_ppulSPIIntMap</name>
         <load_address>0x2000f19c</load_address>
         <run_address>0x2000f19c</run_address>
         <size>0x24</size>
         <input_file_ref idref="fl-1c"/>
      </object_component>
      <object_component id="oc-139">
         <name>.const:.string:$P$T0$1</name>
         <load_address>0x2000f1c0</load_address>
         <run_address>0x2000f1c0</run_address>
         <size>0x22</size>
         <input_file_ref idref="fl-5"/>
      </object_component>
      <object_component id="oc-759">
         <name>.const:RxMsgClassLUT</name>
         <load_address>0x2000f1e4</load_address>
         <run_address>0x2000f1e4</run_address>
         <size>0x20</size>
         <input_file_ref idref="fl-11"/>
      </object_component>
      <object_component id="oc-66c">
         <name>.const:g_pulDisRegs</name>
         <load_address>0x2000f204</load_address>
         <run_address>0x2000f204</run_address>
         <size>0x18</size>
         <input_file_ref idref="fl-19"/>
      </object_component>
      <object_component id="oc-375">
         <name>.const:g_pulEnRegs</name>
         <load_address>0x2000f21c</load_address>
         <run_address>0x2000f21c</run_address>
         <size>0x18</size>
         <input_file_ref idref="fl-19"/>
      </object_component>
      <object_component id="oc-677">
         <name>.const:g_pulUnpendRegs</name>
         <load_address>0x2000f234</load_address>
         <run_address>0x2000f234</run_address>
         <size>0x18</size>
         <input_file_ref idref="fl-19"/>
      </object_component>
      <object_component id="oc-6ef">
         <name>.const:g_ulSPIDmaMaskMap</name>
         <load_address>0x2000f24c</load_address>
         <run_address>0x2000f24c</run_address>
         <size>0x18</size>
         <input_file_ref idref="fl-1c"/>
      </object_component>
      <object_component id="oc-1ad">
         <name>.const:.string:$P$T6$7</name>
         <load_address>0x2000f264</load_address>
         <run_address>0x2000f264</run_address>
         <size>0x15</size>
         <input_file_ref idref="fl-5"/>
      </object_component>
      <object_component id="oc-752">
         <name>.const:$P$T0$1</name>
         <load_address>0x2000f27c</load_address>
         <run_address>0x2000f27c</run_address>
         <size>0x14</size>
         <input_file_ref idref="fl-11"/>
      </object_component>
      <object_component id="oc-63c">
         <name>.const:$P$T0$1</name>
         <load_address>0x2000f290</load_address>
         <run_address>0x2000f290</run_address>
         <size>0x14</size>
         <input_file_ref idref="fl-14"/>
      </object_component>
      <object_component id="oc-136">
         <name>.const:$P$T2$3</name>
[...]
         <object_component_ref idref="oc-14c"/>
      </symbol>
      <symbol id="sm-d98">
         <name>PRCMHIBRegWrite</name>
         <value>0x2000e6fb</value>
         <object_component_ref idref="oc-385"/>
      </symbol>
      <symbol id="sm-d99">
         <name>PRCMSysResetCauseGet</name>
         <value>0x2000e059</value>
         <object_component_ref idref="oc-379"/>
      </symbol>
      <symbol id="sm-d9a">
         <name>PRCMPeripheralStatusGet</name>
         <value>0x2000df61</value>
         <object_component_ref idref="oc-4b0"/>
      </symbol>
      <symbol id="sm-d9b">
         <name>PRCMPeripheralClkDisable</name>
         <value>0x2000e131</value>
         <object_component_ref idref="oc-391"/>
      </symbol>
      <symbol id="sm-d9c">
         <name>PRCMHIBRegRead</name>
         <value>0x2000e6e5</value>
         <object_component_ref idref="oc-37f"/>
      </symbol>
      <symbol id="sm-e69">
         <name>SPIFIFODisable</name>
         <value>0x2000e58f</value>
         <object_component_ref idref="oc-561"/>
      </symbol>
      <symbol id="sm-e6a">
         <name>SPICSEnable</name>
         <value>0x2000e60d</value>
         <object_component_ref idref="oc-41d"/>
      </symbol>
      <symbol id="sm-e6b">
         <name>SPIDisable</name>
         <value>0x2000e625</value>
         <object_component_ref idref="oc-4aa"/>
      </symbol>
      <symbol id="sm-e6c">
         <name>SPIFIFOEnable</name>
         <value>0x2000e5a9</value>
         <object_component_ref idref="oc-4bc"/>
      </symbol>
      <symbol id="sm-e6d">
         <name>SPIWordCountSet</name>
         <value>0x2000e2cd</value>
         <object_component_ref idref="oc-71c"/>
      </symbol>
      <symbol id="sm-e6e">
         <name>SPIDataPut</name>
         <value>0x2000e3cf</value>
         <object_component_ref idref="oc-423"/>
      </symbol>
      <symbol id="sm-e6f">
         <name>SPIEnable</name>
         <value>0x2000e63d</value>
         <object_component_ref idref="oc-1e8"/>
      </symbol>
      <symbol id="sm-e70">
         <name>SPIDataGet</name>
         <value>0x2000e351</value>
         <object_component_ref idref="oc-429"/>
      </symbol>
      <symbol id="sm-e71">
         <name>SPIDmaEnable</name>
         <value>0x2000e575</value>
         <object_component_ref idref="oc-4c2"/>
      </symbol>
      <symbol id="sm-e72">
         <name>SPIConfigSetExpClk</name>
         <value>0x2000bef1</value>
         <object_component_ref idref="oc-1e2"/>
      </symbol>
      <symbol id="sm-e73">
         <name>SPIIntUnregister</name>
         <value>0x2000e5c3</value>
         <object_component_ref idref="oc-55b"/>
      </symbol>
      <symbol id="sm-e74">
         <name>SPIFIFOLevelSet</name>
         <value>0x2000df95</value>
         <object_component_ref idref="oc-4c8"/>
      </symbol>
      <symbol id="sm-e75">
         <name>SPIDmaDisable</name>
         <value>0x2000e55b</value>
         <object_component_ref idref="oc-567"/>
      </symbol>
      <symbol id="sm-e76">
         <name>SPIReset</name>
         <value>0x2000e2ab</value>
         <object_component_ref idref="oc-1d6"/>
      </symbol>
      <symbol id="sm-e77">
         <name>SPIIntEnable</name>
         <value>0x2000d78d</value>
         <object_component_ref idref="oc-4ce"/>
      </symbol>
      <symbol id="sm-e78">
         <name>SPIIntClear</name>
         <value>0x2000d9e9</value>
         <object_component_ref idref="oc-664"/>
      </symbol>
      <symbol id="sm-e79">
         <name>SPICSDisable</name>
         <value>0x2000e5f5</value>
         <object_component_ref idref="oc-42f"/>
      </symbol>
      <symbol id="sm-eb0">
         <name>SysTickEnable</name>
         <value>0x2000e7b5</value>
         <object_component_ref idref="oc-164"/>
      </symbol>
      <symbol id="sm-eb1">
         <name>SysTickIntRegister</name>
         <value>0x2000e465</value>
         <object_component_ref idref="oc-158"/>
      </symbol>
      <symbol id="sm-eb2">
         <name>SysTickIntEnable</name>
         <value>0x2000e7c5</value>
         <object_component_ref idref="oc-15e"/>
      </symbol>
      <symbol id="sm-eb3">
         <name>SysTickValueGet</name>
         <value>0x2000e829</value>
         <object_component_ref idref="oc-1ae"/>
      </symbol>
      <symbol id="sm-eb4">
         <name>SysTickPeriodSet</name>
         <value>0x2000e655</value>
         <object_component_ref idref="oc-152"/>
      </symbol>
      <symbol id="sm-ee7">
         <name>TimerLoadSet</name>
         <value>0x2000e0dd</value>
         <object_component_ref idref="oc-795"/>
      </symbol>
      <symbol id="sm-ee8">
         <name>TimerEnable</name>
         <value>0x2000e3ed</value>
         <object_component_ref idref="oc-79b"/>
      </symbol>
      <symbol id="sm-ee9">
         <name>TimerValueGet</name>
         <value>0x2000e481</value>
         <object_component_ref idref="oc-749"/>
      </symbol>
      <symbol id="sm-eea">
         <name>TimerPrescaleSet</name>
         <value>0x2000e107</value>
         <object_component_ref idref="oc-78f"/>
      </symbol>
      <symbol id="sm-eeb">
         <name>TimerConfigure</name>
         <value>0x2000db05</value>
         <object_component_ref idref="oc-789"/>
      </symbol>
      <symbol id="sm-f27">
         <name>UARTConfigSetExpClk</name>
         <value>0x2000cedd</value>
         <object_component_ref idref="oc-258"/>
      </symbol>
      <symbol id="sm-f28">
         <name>UARTDisable</name>
         <value>0x2000dff9</value>
         <object_component_ref idref="oc-465"/>
      </symbol>
      <symbol id="sm-f29">
         <name>UARTCharsAvail</name>
         <value>0x2000e66d</value>
         <object_component_ref idref="oc-26a"/>
      </symbol>
      <symbol id="sm-f2a">
         <name>UARTCharGetNonBlocking</name>
         <value>0x2000e49d</value>
         <object_component_ref idref="oc-270"/>
      </symbol>
      <symbol id="sm-f2b">
         <name>UARTCharPut</name>
         <value>0x2000e40b</value>
         <object_component_ref idref="oc-25e"/>
      </symbol>
      <symbol id="sm-f2c">
         <name>UARTEnable</name>
         <value>0x2000e241</value>
         <object_component_ref idref="oc-46b"/>
      </symbol>
      <symbol id="sm-f83">
         <name>uDMAChannelControlSet</name>
         <value>0x2000de49</value>
         <object_component_ref idref="oc-7f7"/>
      </symbol>
      <symbol id="sm-f84">
         <name>uDMAChannelAttributeEnable</name>
         <value>0x2000d36d</value>
         <object_component_ref idref="oc-7fd"/>
      </symbol>
      <symbol id="sm-f85">
         <name>uDMAChannelTransferSet</name>
         <value>0x2000b4b1</value>
         <object_component_ref idref="oc-803"/>
      </symbol>
      <symbol id="sm-f86">
         <name>uDMAChannelAssign</name>
         <value>0x2000d955</value>
         <object_component_ref idref="oc-644"/>
      </symbol>
      <symbol id="sm-f87">
         <name>uDMAChannelAttributeDisable</name>
         <value>0x2000d309</value>
         <object_component_ref idref="oc-64a"/>
      </symbol>
      <symbol id="sm-f88">
         <name>uDMAChannelEnable</name>
         <value>0x2000e4f1</value>
         <object_component_ref idref="oc-809"/>
      </symbol>
      <symbol id="sm-f8c">
         <name>UtilsDelay</name>
         <value>0x2000e84b</value>
         <object_component_ref idref="oc-176"/>
      </symbol>
      <symbol id="sm-f96">
         <name>CPUcpsie</name>
         <value>0x2000e73d</value>
         <object_component_ref idref="oc-36e"/>
      </symbol>
      <symbol id="sm-fa8">
         <name>_c_int00</name>
         <value>0x2000d695</value>
         <object_component_ref idref="oc-24"/>
      </symbol>
      <symbol id="sm-fa9">
         <name>__stack</name>
         <value>0x2002f000</value>
         <object_component_ref idref="oc-29"/>
      </symbol>
      <symbol id="sm-fc7">
         <name>__TI_decompress_lzss</name>
         <value>0x2000d111</value>
         <object_component_ref idref="oc-12"/>
      </symbol>
      <symbol id="sm-fde">
         <name>__TI_decompress_none</name>
         <value>0x2000e7f3</value>
         <object_component_ref idref="oc-18"/>
      </symbol>
      <symbol id="sm-ff0">
         <name>__TI_zero_init</name>
         <value>0x2000e835</value>
         <object_component_ref idref="oc-1e"/>
      </symbol>
      <symbol id="sm-1011">
         <name>C$$EXIT</name>
         <value>0x2000d6e9</value>
         <object_component_ref idref="oc-71"/>
      </symbol>
      <symbol id="sm-1012">
         <name>abort</name>
         <value>0x2000d6ed</value>
         <object_component_ref idref="oc-71"/>
      </symbol>
      <symbol id="sm-1013">
         <name>exit</name>
         <value>0x2000d6f5</value>
         <object_component_ref idref="oc-71"/>
      </symbol>
      <symbol id="sm-1014">
         <name>__TI_dtors_ptr</name>
         <value>0x2001f8d8</value>
         <object_component_ref idref="oc-b0"/>
      </symbol>
      <symbol id="sm-1015">
         <name>__TI_cleanup_ptr</name>
         <value>0x2001f8d4</value>
         <object_component_ref idref="oc-b0"/>
      </symbol>
      <symbol id="sm-1016">
         <name>__TI_enable_exit_profile_output</name>
         <value>0x2001f8dc</value>
         <object_component_ref idref="oc-b0"/>
      </symbol>
      <symbol id="sm-101f">
         <name>__aeabi_lmul</name>
         <value>0x2000e6cd</value>
         <object_component_ref idref="oc-1b9"/>
      </symbol>
      <symbol id="sm-103a">
         <name>memcpy</name>
         <value>0x2000bf91</value>
         <object_component_ref idref="oc-41"/>
      </symbol>
      <symbol id="sm-103b">
         <name>__aeabi_memcpy</name>
         <value>0x2000bf91</value>
         <object_component_ref idref="oc-41"/>
      </symbol>
      <symbol id="sm-103c">
         <name>__aeabi_memcpy8</name>
         <value>0x2000bf91</value>
         <object_component_ref idref="oc-41"/>
      </symbol>
      <symbol id="sm-103d">
         <name>__aeabi_memcpy4</name>
         <value>0x2000bf91</value>
         <object_component_ref idref="oc-41"/>
      </symbol>
      <symbol id="sm-104d">
         <name>memmove</name>
         <value>0x2000e265</value>
         <object_component_ref idref="oc-276"/>
      </symbol>
      <symbol id="sm-10c1">
         <name>_sys_memory</name>
         <value>0x20017000</value>
         <object_component_ref idref="oc-2a"/>
      </symbol>
      <symbol id="sm-10c2">
         <name>free</name>
         <value>0x20008ae3</value>
         <object_component_ref idref="oc-27c"/>
      </symbol>
      <symbol id="sm-10c3">
         <name>realloc</name>
         <value>0x20008ba5</value>
         <object_component_ref idref="oc-27c"/>
      </symbol>
      <symbol id="sm-10c4">
         <name>memalign</name>
         <value>0x20008cad</value>
         <object_component_ref idref="oc-27c"/>
      </symbol>
      <symbol id="sm-10c5">
         <name>calloc</name>
         <value>0x20008d99</value>
         <object_component_ref idref="oc-27c"/>
      </symbol>
      <symbol id="sm-10c6">
         <name>malloc</name>
         <value>0x20008a79</value>
         <object_component_ref idref="oc-27c"/>
      </symbol>
      <symbol id="sm-10c7">
         <name>minit</name>
         <value>0x200089f9</value>
         <object_component_ref idref="oc-27c"/>
      </symbol>
      <symbol id="sm-10d6">
         <name>__aeabi_memset</name>
         <value>0x2000cdeb</value>
         <object_component_ref idref="oc-4d"/>
      </symbol>
      <symbol id="sm-10d7">
         <name>memset</name>
         <value>0x2000cdf1</value>
         <object_component_ref idref="oc-4d"/>
      </symbol>
      <symbol id="sm-10d8">
         <name>__aeabi_memset8</name>
         <value>0x2000cdeb</value>
         <object_component_ref idref="oc-4d"/>
      </symbol>
      <symbol id="sm-10d9">
         <name>__aeabi_memset4</name>
         <value>0x2000cdeb</value>
         <object_component_ref idref="oc-4d"/>
      </symbol>
      <symbol id="sm-10da">
         <name>__aeabi_memclr8</name>
         <value>0x2000cde9</value>
         <object_component_ref idref="oc-4d"/>
      </symbol>
      <symbol id="sm-10db">
         <name>__aeabi_memclr4</name>
         <value>0x2000cde9</value>
         <object_component_ref idref="oc-4d"/>
      </symbol>
      <symbol id="sm-10dc">
         <name>__aeabi_memclr</name>
         <value>0x2000cde9</value>
         <object_component_ref idref="oc-4d"/>
      </symbol>
      <symbol id="sm-10e6">
         <name>__mpu_init</name>
         <value>0x200089f7</value>
         <object_component_ref idref="oc-59"/>
      </symbol>
      <symbol id="sm-10f0">
         <name>_system_pre_init</name>
         <value>0x2000e851</value>
         <object_component_ref idref="oc-5f"/>
      </symbol>
      <symbol id="sm-10f8">
         <name>main_func_sp</name>
         <value>0x2001f918</value>
         <object_component_ref idref="oc-77"/>
      </symbol>
      <symbol id="sm-1108">
         <name>strcat</name>
         <value>0x2000e447</value>
         <object_component_ref idref="oc-1ca"/>
      </symbol>
      <symbol id="sm-1116">
         <name>strlen</name>
         <value>0x2000e7a1</value>
         <object_component_ref idref="oc-182"/>
      </symbol>
      <symbol id="sm-1132">
         <name>__aeabi_uldivmod</name>
         <value>0x200098a9</value>
         <object_component_ref idref="oc-1b4"/>
      </symbol>
      <symbol id="sm-1153">
         <name>vsnprintf</name>
         <value>0x2000c949</value>
         <object_component_ref idref="oc-264"/>
      </symbol>
      <symbol id="sm-116c">
         <name>_nop</name>
         <value>0x2000e787</value>
         <object_component_ref idref="oc-240"/>
      </symbol>
      <symbol id="sm-116d">
         <name>_lock</name>
         <value>0x2001f904</value>
         <object_component_ref idref="oc-b3"/>
      </symbol>
      <symbol id="sm-116e">
         <name>_unlock</name>
         <value>0x2001f908</value>
         <object_component_ref idref="oc-b3"/>
      </symbol>
      <symbol id="sm-116f">
         <name>_register_lock</name>
         <value>0x2000e77f</value>
         <object_component_ref idref="oc-240"/>
      </symbol>
      <symbol id="sm-1170">
         <name>_register_unlock</name>
         <value>0x2000e779</value>
         <object_component_ref idref="oc-240"/>
      </symbol>
      <symbol id="sm-1271">
         <name>__TI_printfi</name>
         <value>0x20006c3d</value>
         <object_component_ref idref="oc-473"/>
      </symbol>
      <symbol id="sm-1285">
         <name>_args_main</name>
         <value>0x2000e6b5</value>
         <object_component_ref idref="oc-6b"/>
      </symbol>
      <symbol id="sm-129b">
         <name>atoi</name>
         <value>0x2000d8bd</value>
         <object_component_ref idref="oc-60f"/>
      </symbol>
      <symbol id="sm-12c5">
         <name>__TI_auto_init</name>
         <value>0x2000cfc9</value>
         <object_component_ref idref="oc-65"/>
      </symbol>
      <symbol id="sm-12df">
         <name>copy_in</name>
         <value>0x2000d909</value>
         <object_component_ref idref="oc-9a"/>
      </symbol>
      <symbol id="sm-12ea">
         <name>_ctypes_</name>
         <value>0x2000ed4f</value>
         <object_component_ref idref="oc-6d5"/>
      </symbol>
      <symbol id="sm-1301">
         <name>__aeabi_dsub</name>
         <value>0x20009c6d</value>
         <object_component_ref idref="oc-5f8"/>
      </symbol>
      <symbol id="sm-1302">
         <name>__aeabi_dadd</name>
         <value>0x20009c77</value>
         <object_component_ref idref="oc-5f8"/>
      </symbol>
      <symbol id="sm-1324">
         <name>__aeabi_cdcmpeq</name>
         <value>0x2000c9d1</value>
         <object_component_ref idref="oc-5d4"/>
      </symbol>
      <symbol id="sm-1325">
         <name>__aeabi_cdcmple</name>
         <value>0x2000c9d1</value>
         <object_component_ref idref="oc-5d4"/>
      </symbol>
      <symbol id="sm-1326">
         <name>__aeabi_cdrcmple</name>
         <value>0x2000ca57</value>
         <object_component_ref idref="oc-5e3"/>
      </symbol>
      <symbol id="sm-133a">
         <name>__aeabi_ddiv</name>
         <value>0x2000ab49</value>
         <object_component_ref idref="oc-5de"/>
      </symbol>
      <symbol id="sm-1345">
         <name>__aeabi_dmul</name>
         <value>0x2000afe9</value>
         <object_component_ref idref="oc-5d9"/>
      </symbol>
      <symbol id="sm-134f">
         <name>__aeabi_d2iz</name>
         <value>0x2000da79</value>
         <object_component_ref idref="oc-5e8"/>
      </symbol>
      <symbol id="sm-1359">
         <name>__aeabi_i2d</name>
         <value>0x2000e029</value>
         <object_component_ref idref="oc-5f3"/>
      </symbol>
      <symbol id="sm-1368">
         <name>ltoa</name>
         <value>0x2000d541</value>
         <object_component_ref idref="oc-5ed"/>
      </symbol>
      <symbol id="sm-1378">
         <name>memccpy</name>
         <value>0x2000e4d5</value>
         <object_component_ref idref="oc-615"/>
      </symbol>
      <symbol id="sm-1393">
         <name>frexpl</name>
         <value>0x2000d241</value>
         <object_component_ref idref="oc-5fd"/>
      </symbol>
      <symbol id="sm-1394">
         <name>frexp</name>
         <value>0x2000d241</value>
         <object_component_ref idref="oc-5fd"/>
      </symbol>
      <symbol id="sm-13b1">
         <name>scalbn</name>
         <value>0x2000b0e5</value>
         <object_component_ref idref="oc-603"/>
      </symbol>
      <symbol id="sm-13b2">
         <name>scalbnl</name>
         <value>0x2000b0e5</value>
         <object_component_ref idref="oc-603"/>
      </symbol>
      <symbol id="sm-13b3">
         <name>ldexpl</name>
         <value>0x2000b0e5</value>
         <object_component_ref idref="oc-603"/>
      </symbol>
      <symbol id="sm-13b4">
         <name>ldexp</name>
         <value>0x2000b0e5</value>
         <object_component_ref idref="oc-603"/>
      </symbol>
      <symbol id="sm-13be">
         <name>_system_post_cinit</name>
         <value>0x20009e23</value>
         <object_component_ref idref="oc-a0"/>
      </symbol>
      <symbol id="sm-13ce">
         <name>strchr</name>
         <value>0x2000e727</value>
         <object_component_ref idref="oc-609"/>
      </symbol>
      <symbol id="sm-13d6">
         <name>errno</name>
         <value>0x2001f914</value>
         <object_component_ref idref="oc-6ce"/>
      </symbol>
      <symbol id="sm-13e0">
         <name>copysign</name>
         <value>0x2000e78d</value>
         <object_component_ref idref="oc-6c8"/>
      </symbol>
      <symbol id="sm-13e1">
         <name>copysignl</name>
         <value>0x2000e78d</value>
         <object_component_ref idref="oc-6c8"/>
      </symbol>
      <symbol id="sm-13e2">
         <name>__TI_static_base__</name>
         <value>0x2000f348</value>
      </symbol>
      <symbol id="sm-13e5">
         <name>SHT$$INIT_ARRAY$$Limit</name>
         <value>0x0</value>
      </symbol>
      <symbol id="sm-13e6">
         <name>SHT$$INIT_ARRAY$$Base</name>
         <value>0x0</value>
      </symbol>
   </symbol_table>
   <title>Link successful</title>
</link_info>
