******************************************************************************
                  TI ARM Linker PC v16.9.0                     
******************************************************************************
>> Linked Tue May 30 15:56:24 2023

OUTPUT FILE NAME:   <Final.out>
ENTRY POINT SYMBOL: "_c_int00"  address: 2000d695


MEMORY CONFIGURATION

         name            origin    length      used     unused   attr    fill
----------------------  --------  ---------  --------  --------  ----  --------
  SRAM_CODE             20004000   00013000  0000b3d4  00007c2c  RW X
  SRAM_DATA             20017000   00019000  0000991e  0000f6e2  RW X


SEGMENT ALLOCATION MAP

run origin  load origin   length   init length attrs members
----------  ----------- ---------- ----------- ----- -------
20004000    20004000    0000b3d8   0000b3d8    r-x
  20004000    20004000    00000400   00000400    r-- .intvecs
  20004400    20004400    0000a454   0000a454    r-x .text
  2000e854    2000e854    00000af0   00000af0    r-- .const
  2000f348    2000f348    00000090   00000090    r-- .cinit
20017000    20017000    00008920   00000000    rw-
  20017000    20017000    00008000   00000000    rw- .sysmem
  2001f000    2001f000    000007fa   00000000    rw- .bss
  2001f7fc    2001f7fc    00000124   00000000    rw- .data
2002f000    2002f000    00001000   00000000    rw-
  2002f000    2002f000    00001000   00000000    rw- .stack


SECTION ALLOCATION MAP

 output                                  attributes/
section   page    origin      length       input sections
--------  ----  ----------  ----------   ----------------
.intvecs   0    20004000    00000400     
                  20004000    00000400     startup_ccs.obj (.intvecs)

.init_array 
*          0    20004000    00000000     UNINITIALIZED

.text      0    20004400    0000a454     
                  20004400    00001ffc     main.obj (.text)
                  200063fc    0000113a     rtsv7M4_T_le_v4SPD16_eabi.lib : _printfi.obj (.text)
                  20007536    00000002     driverlib.a : interrupt.obj (.text:IntDefaultHandler)
                  20007538    00000a80     Adafruit_GFX.obj (.text)
                  20007fb8    00000590     simplelink.a : driver.obj (.text:_SlDrvMsgRead)
                  20008548    000004ae     Adafruit_OLED.obj (.text)
                  200089f6    00000002     rtsv7M4_T_le_v4SPD16_eabi.lib : mpu_init.obj (.text)
                  200089f8    000003d0                                   : memory.obj (.text)
                  20008dc8    00000398     gpio_if.obj (.text)
                  20009160    00000280     simplelink.a : wlan.obj (.text:sl_WlanConnect)
                  200093e0    00000280     uart_if.obj (.text)
                  20009660    00000248     simplelink.a : driver.obj (.text:_SlDrvRxHdrRead)
                  200098a8    000001f4     rtsv7M4_T_le_v4SPD16_eabi.lib : ull_div_t2.obj (.text)
                  20009a9c    000001d0     simplelink.a : driver.obj (.text:_SlDrvReleasePoolObj)
                  20009c6c    000001b6     rtsv7M4_T_le_v4SPD16_eabi.lib : fd_add_t2.obj (.text)
                  20009e22    00000002                                   : startup.obj (.text)
                  20009e24    000001b4     simplelink.a : driver.obj (.text:_SlDrvDriverCBInit)
                  20009fd8    0000019c                  : driver.obj (.text:_SlDrvMsgWrite)
                  2000a174    00000190                  : driver.obj (.text:_SlDrvWaitForPoolObj)
                  2000a304    0000018c                  : socket.obj (.text:sl_Connect)
                  2000a490    00000178     driverlib.a : prcm.obj (.text:PRCMCC3200MCUInit)
                  2000a608    00000170     simplelink.a : driver.obj (.text:_SlFindAndSetActiveObj)
                  2000a778    00000148                  : cc_pal.obj (.text:spi_Open)
                  2000a8c0    00000144                  : driver.obj (.text:_SlDrvMsgReadCmdCtx)
                  2000aa04    00000144                  : netapp.obj (.text:sl_NetAppDnsGetHostByName)
                  2000ab48    00000136     rtsv7M4_T_le_v4SPD16_eabi.lib : fd_div_t2.obj (.text)
                  2000ac7e    00000002     --HOLE-- [fill = 0]
                  2000ac80    00000134     pin_mux_config.obj (.text)
                  2000adb4    00000130     simplelink.a : driver.obj (.text:_SlDrvDriverCBDeinit)
                  2000aee4    00000104                  : netapp.obj (.text:_SlDrvNetAppEventHandler)
                  2000afe8    000000fc     rtsv7M4_T_le_v4SPD16_eabi.lib : fd_mul_t2.obj (.text)
                  2000b0e4    000000fc                                   : s_scalbn.obj (.text)
                  2000b1e0    000000f0     simplelink.a : device.obj (.text:sl_Start)
                  2000b2d0    000000f0                  : device.obj (.text:sl_Stop)
                  2000b3c0    000000f0                  : cc_pal.obj (.text:spi_Read)
                  2000b4b0    000000f0     driverlib.a : udma.obj (.text:uDMAChannelTransferSet)
                  2000b5a0    000000e8     simplelink.a : driver.obj (.text:_SlAsyncEventGenericHandler)
                  2000b688    000000e8                  : driver.obj (.text:_SlDrvMsgReadSpawnCtx)
                  2000b770    000000e4                  : netapp.obj (.text:sl_NetAppMDNSRegisterUnregisterService)
                  2000b854    000000dc                  : driver.obj (.text:_SlDrvClassifyRxMsg)
                  2000b930    000000cc                  : netapp.obj (.text:_sl_HandleAsync_DnsGetHostByService)
                  2000b9fc    000000cc                  : device.obj (.text:sl_DevGet)
                  2000bac8    000000c4                  : driver.obj (.text:_SlRemoveFromList)
                  2000bb8c    000000c0                  : driver.obj (.text:_SlDrvCmdOp)
                  2000bc4c    000000b0                  : nonos.obj (.text:_SlNonOsSemGet)
                  2000bcfc    000000a8     driverlib.a : interrupt.obj (.text:IntDisable)
                  2000bda4    000000a8                 : interrupt.obj (.text:IntEnable)
                  2000be4c    000000a4     simplelink.a : driver.obj (.text:_SlDriverHandleError)
                  2000bef0    000000a0     driverlib.a : spi.obj (.text:SPIConfigSetExpClk)
                  2000bf90    0000009c     rtsv7M4_T_le_v4SPD16_eabi.lib : memcpy_t2.obj (.text)
                  2000c02c    0000009a     simplelink.a : device.obj (.text:_SlDrvDeviceEventHandler)
                  2000c0c6    00000002     --HOLE-- [fill = 0]
                  2000c0c8    00000098                  : device.obj (.text:sl_DevSet)
                  2000c160    00000098                  : netcfg.obj (.text:sl_NetCfgSet)
                  2000c1f8    00000098                  : socket.obj (.text:sl_SetSockOpt)
                  2000c290    00000098                  : wlan.obj (.text:sl_WlanSet)
                  2000c328    00000098                  : cc_pal.obj (.text:spi_Write)
                  2000c3c0    00000094     driverlib.a : prcm.obj (.text:PRCMPeripheralClockGet)
                  2000c454    00000090     simplelink.a : netapp.obj (.text:_sl_HandleAsync_DnsGetHostByName)
                  2000c4e4    00000090                  : netapp.obj (.text:_sl_HandleAsync_PingResponse)
                  2000c574    00000090                  : wlan.obj (.text:sl_WlanPolicySet)
                  2000c604    0000008c                  : cc_pal.obj (.text:SetupDMAReceive)
                  2000c690    0000008c                  : cc_pal.obj (.text:SetupDMASend)
                  2000c71c    0000008c                  : driver.obj (.text:_SlDrvIsTimeoutExpired)
                  2000c7a8    0000008c                  : device.obj (.text:_sl_HandleAsync_InitComplete)
                  2000c834    0000008c                  : socket.obj (.text:sl_Socket)
                  2000c8c0    00000088     driverlib.a : pin.obj (.text:PinConfigSet)
                  2000c948    00000088     rtsv7M4_T_le_v4SPD16_eabi.lib : vsnprintf.obj (.text)
                  2000c9d0    00000086                                   : fd_cmp_t2.obj (.text:__aeabi_cdcmple)
                  2000ca56    00000086                                   : fd_cmp_t2.obj (.text:__aeabi_cdrcmple)
                  2000cadc    00000084     simplelink.a : cc_pal.obj (.text:NwpPowerOnPreamble)
                  2000cb60    00000084                  : wlan.obj (.text:sl_WlanRxFilterSet)
                  2000cbe4    00000082     driverlib.a : gpio.obj (.text:GPIOIntTypeSet)
                  2000cc66    00000002     --HOLE-- [fill = 0]
                  2000cc68    00000080     simplelink.a : socket.obj (.text:_sl_HandleAsync_Connect)
                  2000cce8    00000080                  : cc_pal.obj (.text:spi_Read_CPU)
                  2000cd68    00000080                  : cc_pal.obj (.text:spi_Write_CPU)
                  2000cde8    0000007a     rtsv7M4_T_le_v4SPD16_eabi.lib : memset_t2.obj (.text)
                  2000ce62    00000002     --HOLE-- [fill = 0]
                  2000ce64    00000078     simplelink.a : cc_pal.obj (.text:spi_Close)
                  2000cedc    00000076     driverlib.a : uart.obj (.text:UARTConfigSetExpClk)
                  2000cf52    00000002     --HOLE-- [fill = 0]
                  2000cf54    00000074     simplelink.a : nonos.obj (.text:_SlNonOsMainLoopTask)
                  2000cfc8    00000070     rtsv7M4_T_le_v4SPD16_eabi.lib : autoinit.obj (.text)
                  2000d038    0000006c     simplelink.a : driver.obj (.text:_SlDrvCmdSend)
                  2000d0a4    0000006c                  : netapp.obj (.text:_sl_NetAppSendTokenValue)
                  2000d110    00000068     rtsv7M4_T_le_v4SPD16_eabi.lib : copy_decompress_lzss.obj (.text:decompress:lzss)
                  2000d178    00000064     simplelink.a : nonos.obj (.text:_SlNonOsSpawn)
                  2000d1dc    00000064                  : socket.obj (.text:_sl_HandleAsync_Accept)
                  2000d240    00000064     rtsv7M4_T_le_v4SPD16_eabi.lib : s_frexp.obj (.text)
                  2000d2a4    00000064     simplelink.a : netapp.obj (.text:sl_NetAppMDNSUnRegisterService)
                  2000d308    00000064     driverlib.a : udma.obj (.text:uDMAChannelAttributeDisable)
                  2000d36c    00000064                 : udma.obj (.text:uDMAChannelAttributeEnable)
                  2000d3d0    00000060     simplelink.a : wlan.obj (.text:sl_WlanProfileDel)
                  2000d430    00000060                  : wlan.obj (.text:sl_WlanSetMode)
                  2000d490    00000058     driverlib.a : interrupt.obj (.text:IntPendClear)
                  2000d4e8    00000058                 : prcm.obj (.text:PRCMPeripheralReset)
                  2000d540    00000056     rtsv7M4_T_le_v4SPD16_eabi.lib : ltoa.obj (.text)
                  2000d596    00000002     --HOLE-- [fill = 0]
                  2000d598    00000054     driverlib.a : interrupt.obj (.text:IntPrioritySet)
                  2000d5ec    00000054     simplelink.a : driver.obj (.text:_SlDrvRxIrqHandler)
                  2000d640    00000054                  : socket.obj (.text:_sl_HandleAsync_Select)
                  2000d694    00000054     rtsv7M4_T_le_v4SPD16_eabi.lib : boot.obj (.text)
                  2000d6e8    00000054                                   : exit.obj (.text)
                  2000d73c    00000050     simplelink.a : device.obj (.text:_sl_HandleAsync_Stop)
                  2000d78c    0000004c     driverlib.a : spi.obj (.text:SPIIntEnable)
                  2000d7d8    0000004c                 : spi.obj (.text:SPIIntNumberGet)
                  2000d824    0000004c     simplelink.a : driver.obj (.text:_SlDrvProtectAsyncRespSetting)
                  2000d870    0000004c                  : socket.obj (.text:_sl_BuildAddress)
                  2000d8bc    0000004c     rtsv7M4_T_le_v4SPD16_eabi.lib : atoi.obj (.text)
                  2000d908    0000004c                                   : cpy_tbl.obj (.text)
                  2000d954    0000004c     driverlib.a : udma.obj (.text:uDMAChannelAssign)
                  2000d9a0    00000048                 : gpio.obj (.text:GPIOGetIntNumber)
                  2000d9e8    00000048                 : spi.obj (.text:SPIIntClear)
                  2000da30    00000048     simplelink.a : driver.obj (.text:_SlDrvBasicCmd)
                  2000da78    00000048     rtsv7M4_T_le_v4SPD16_eabi.lib : fd_toi_t2.obj (.text)
                  2000dac0    00000044     driverlib.a : spi.obj (.text:SPIDmaMaskGet)
                  2000db04    00000044                 : timer.obj (.text:TimerConfigure)
                  2000db48    00000044     simplelink.a : driver.obj (.text:_SlDrvHandleHttpServerEvents)
                  2000db8c    00000044                  : driver.obj (.text:_SlDrvSyncObjWaitTimeout)
                  2000dbd0    00000044                  : cc_pal.obj (.text:cc_SetupTransfer)
                  2000dc14    00000042                  : socket.obj (.text:sl_Htonl)
                  2000dc56    00000002     --HOLE-- [fill = 0]
                  2000dc58    00000040     driverlib.a : pin.obj (.text:PinModeSet)
                  2000dc98    00000040     simplelink.a : driver.obj (.text:_SlDrvHandleNetAppEvents)
                  2000dcd8    00000040                  : driver.obj (.text:_SlDrvHandleWlanEvents)
                  2000dd18    0000003e                  : cc_pal.obj (.text:NwpRegisterInterruptHandler)
                  2000dd56    0000003c                  : netapp.obj (.text:CopyPingResultsToReport)
                  2000dd92    00000002     --HOLE-- [fill = 0]
                  2000dd94    0000003c     driverlib.a : prcm.obj (.text:PRCMPeripheralClkEnable)
                  2000ddd0    0000003c     simplelink.a : cc_pal.obj (.text:simplelink_timerA2_start)
                  2000de0c    0000003c                  : socket.obj (.text:sl_Htons)
                  2000de48    0000003c     driverlib.a : udma.obj (.text:uDMAChannelControlSet)
                  2000de84    00000038     simplelink.a : cc_pal.obj (.text:NwpPowerOff)
                  2000debc    00000038                  : wlan.obj (.text:sl_WlanDisconnect)
                  2000def4    00000036     driverlib.a : gpio.obj (.text:GPIODirModeSet)
                  2000df2a    00000002     --HOLE-- [fill = 0]
                  2000df2c    00000034     simplelink.a : cc_pal.obj (.text:NwpPowerOn)
                  2000df60    00000034     driverlib.a : prcm.obj (.text:PRCMPeripheralStatusGet)
                  2000df94    00000034                 : spi.obj (.text:SPIFIFOLevelSet)
                  2000dfc8    00000030                 : pin.obj (.text:PinTypeGPIO)
                  2000dff8    00000030                 : uart.obj (.text:UARTDisable)
                  2000e028    0000002e     rtsv7M4_T_le_v4SPD16_eabi.lib : i_tofd_t2.obj (.text)
                  2000e056    00000002     --HOLE-- [fill = 0]
                  2000e058    0000002c     driverlib.a : prcm.obj (.text:PRCMSysResetCauseGet)
                  2000e084    0000002c     simplelink.a : driver.obj (.text:_SlDrvObjGlobalLockWaitForever)
                  2000e0b0    0000002c                  : driver.obj (.text:_SlDrvProtectionObjLockWaitForever)
                  2000e0dc    0000002a     driverlib.a : timer.obj (.text:TimerLoadSet)
                  2000e106    0000002a                 : timer.obj (.text:TimerPrescaleSet)
                  2000e130    00000028                 : prcm.obj (.text:PRCMPeripheralClkDisable)
                  2000e158    00000028     simplelink.a : driver.obj (.text:_SlDrvGlobalObjUnLock)
                  2000e180    00000028                  : driver.obj (.text:_SlDrvProtectionObjUnLock)
                  2000e1a8    00000028                  : driver.obj (.text:_SlDrvSyncObjWaitForever)
                  2000e1d0    00000026     network_common.obj (.text)
                  2000e1f6    00000002     --HOLE-- [fill = 0]
                  2000e1f8    00000024     simplelink.a : cc_pal.obj (.text:DmaSpiSwIntHandler)
                  2000e21c    00000024     driverlib.a : interrupt.obj (.text:IntUnregister)
                  2000e240    00000024                 : uart.obj (.text:UARTEnable)
                  2000e264    00000024     rtsv7M4_T_le_v4SPD16_eabi.lib : memmov.obj (.text)
                  2000e288    00000022     driverlib.a : gpio.obj (.text:GPIOIntStatus)
                  2000e2aa    00000022                 : spi.obj (.text:SPIReset)
                  2000e2cc    00000022                 : spi.obj (.text:SPIWordCountSet)
                  2000e2ee    00000020                 : gpio.obj (.text:GPIOPinWrite)
                  2000e30e    00000002     --HOLE-- [fill = 0]
                  2000e310    00000020                 : interrupt.obj (.text:IntRegister)
                  2000e330    00000020     simplelink.a : cc_pal.obj (.text:NwpPrePowerOffTimout0)
                  2000e350    00000020     driverlib.a : spi.obj (.text:SPIDataGet)
                  2000e370    00000020     simplelink.a : cc_pal.obj (.text:TimerGetCurrentTimestamp)
                  2000e390    00000020                  : driver.obj (.text:_SlDrvSyncObjSignal)
                  2000e3b0    0000001e     driverlib.a : gpio.obj (.text:GPIOIntRegister)
                  2000e3ce    0000001e                 : spi.obj (.text:SPIDataPut)
                  2000e3ec    0000001e                 : timer.obj (.text:TimerEnable)
                  2000e40a    0000001e                 : uart.obj (.text:UARTCharPut)
                  2000e428    0000001e     simplelink.a : cc_pal.obj (.text:cc_UDMAChannelSelect)
                  2000e446    0000001e     rtsv7M4_T_le_v4SPD16_eabi.lib : strcat.obj (.text)
                  2000e464    0000001c     driverlib.a : systick.obj (.text:SysTickIntRegister)
                  2000e480    0000001c                 : timer.obj (.text:TimerValueGet)
                  2000e49c    0000001c                 : uart.obj (.text:UARTCharGetNonBlocking)
                  2000e4b8    0000001c     simplelink.a : driver.obj (.text:_SlDrvStartMeasureTimeout)
                  2000e4d4    0000001c     rtsv7M4_T_le_v4SPD16_eabi.lib : memccpy.obj (.text)
                  2000e4f0    0000001c     driverlib.a : udma.obj (.text:uDMAChannelEnable)
                  2000e50c    0000001a                 : gpio.obj (.text:GPIOIntEnable)
                  2000e526    0000001a                 : pin.obj (.text:PinTypeSPI)
                  2000e540    0000001a                 : pin.obj (.text:PinTypeUART)
                  2000e55a    0000001a                 : spi.obj (.text:SPIDmaDisable)
                  2000e574    0000001a                 : spi.obj (.text:SPIDmaEnable)
                  2000e58e    0000001a                 : spi.obj (.text:SPIFIFODisable)
                  2000e5a8    0000001a                 : spi.obj (.text:SPIFIFOEnable)
                  2000e5c2    0000001a                 : spi.obj (.text:SPIIntUnregister)
                  2000e5dc    00000018                 : gpio.obj (.text:GPIOPinRead)
                  2000e5f4    00000018                 : spi.obj (.text:SPICSDisable)
                  2000e60c    00000018                 : spi.obj (.text:SPICSEnable)
                  2000e624    00000018                 : spi.obj (.text:SPIDisable)
                  2000e63c    00000018                 : spi.obj (.text:SPIEnable)
                  2000e654    00000018                 : systick.obj (.text:SysTickPeriodSet)
                  2000e66c    00000018                 : uart.obj (.text:UARTCharsAvail)
                  2000e684    00000018     simplelink.a : nonos.obj (.text:_SlNonOsSemSet)
                  2000e69c    00000018                  : device.obj (.text:_sl_GetStartResponseConvert)
                  2000e6b4    00000018     rtsv7M4_T_le_v4SPD16_eabi.lib : args_main.obj (.text)
                  2000e6cc    00000018                                   : ll_mul_t2.obj (.text)
                  2000e6e4    00000016     driverlib.a : prcm.obj (.text:PRCMHIBRegRead)
                  2000e6fa    00000016                 : prcm.obj (.text:PRCMHIBRegWrite)
                  2000e710    00000016     simplelink.a : driver.obj (.text:_SlDrvMemZero)
                  2000e726    00000016     rtsv7M4_T_le_v4SPD16_eabi.lib : strchr.obj (.text)
                  2000e73c    00000014     driverlib.a : cpu.obj (.text:CPUcpsie)
                  2000e750    00000014                 : gpio.obj (.text:GPIOIntClear)
                  2000e764    00000014                 : interrupt.obj (.text:IntVTableBaseSet)
                  2000e778    00000014     rtsv7M4_T_le_v4SPD16_eabi.lib : _lock.obj (.text)
                  2000e78c    00000014                                   : s_copysign.obj (.text)
                  2000e7a0    00000014                                   : strlen.obj (.text)
                  2000e7b4    00000010     driverlib.a : systick.obj (.text:SysTickEnable)
                  2000e7c4    00000010                 : systick.obj (.text:SysTickIntEnable)
                  2000e7d4    00000010     simplelink.a : driver.obj (.text:_SlDrvDispatchHttpServerEvents)
                  2000e7e4    0000000e                  : driver.obj (.text:_SlDrvResetCmdExt)
                  2000e7f2    0000000e     rtsv7M4_T_le_v4SPD16_eabi.lib : copy_decompress_none.obj (.text:decompress:none)
                  2000e800    0000000e     startup_ccs.obj (.text)
                  2000e80e    00000002     --HOLE-- [fill = 0]
                  2000e810    0000000c     simplelink.a : cc_pal.obj (.text:NwpMaskInterrupt)
                  2000e81c    0000000c                  : cc_pal.obj (.text:NwpUnMaskInterrupt)
                  2000e828    0000000c     driverlib.a : systick.obj (.text:SysTickValueGet)
                  2000e834    0000000c     rtsv7M4_T_le_v4SPD16_eabi.lib : copy_zero_init.obj (.text:decompress:ZI)
                  2000e840    0000000a     driverlib.a : interrupt.obj (.text:IntMasterEnable)
                  2000e84a    00000006                 : utils.obj (.text:UtilsDelay)
                  2000e850    00000004     rtsv7M4_T_le_v4SPD16_eabi.lib : pre_init.obj (.text)

.const     0    2000e854    00000af0     
                  2000e854    000004fb     Adafruit_GFX.obj (.const:.string:font)
                  2000ed4f    00000101     rtsv7M4_T_le_v4SPD16_eabi.lib : ctype.obj (.const:.string:_ctypes_)
                  2000ee50    00000100     driverlib.a : pin.obj (.const:g_ulPinToPadMap)
                  2000ef50    000000d4                 : interrupt.obj (.const:g_pulRegs)
                  2000f024    000000a8                 : prcm.obj (.const:PRCM_PeriphRegsList)
                  2000f0cc    0000003c     simplelink.a : driver.obj (.const:OpcodeTranslateTable)
                  2000f108    00000038                  : driver.obj (.const:_SlActionLookupTable)
                  2000f140    00000030     main.obj (.const:.string)
                  2000f170    0000002c     main.obj (.const:$P$T1$2)
                  2000f19c    00000024     driverlib.a : spi.obj (.const:g_ppulSPIIntMap)
                  2000f1c0    00000022     main.obj (.const:.string:$P$T0$1)
                  2000f1e2    00000002     --HOLE-- [fill = 0]
                  2000f1e4    00000020     simplelink.a : driver.obj (.const:RxMsgClassLUT)
                  2000f204    00000018     driverlib.a : interrupt.obj (.const:g_pulDisRegs)
                  2000f21c    00000018                 : interrupt.obj (.const:g_pulEnRegs)
                  2000f234    00000018                 : interrupt.obj (.const:g_pulUnpendRegs)
                  2000f24c    00000018                 : spi.obj (.const:g_ulSPIDmaMaskMap)
                  2000f264    00000015     main.obj (.const:.string:$P$T6$7)
                  2000f279    00000003     --HOLE-- [fill = 0]
                  2000f27c    00000014     simplelink.a : driver.obj (.const:$P$T0$1)
                  2000f290    00000014                  : nonos.obj (.const:$P$T0$1)
                  2000f2a4    00000014     main.obj (.const:$P$T2$3)
                  2000f2b8    0000000c     main.obj (.const:$P$T4$5)
                  2000f2c4    0000000c     main.obj (.const:.string:$P$T3$4)
                  2000f2d0    00000009     main.obj (.const:.string:$P$T5$6)
                  2000f2d9    00000008     simplelink.a : device.obj (.const:StartResponseLUT)
                  2000f2e1    00000003     --HOLE-- [fill = 0]
                  2000f2e4    00000008                  : driver.obj (.const:g_H2NCnysPattern)
                  2000f2ec    00000008                  : driver.obj (.const:g_H2NSyncPattern)
                  2000f2f4    00000005     main.obj (.const:.string:$P$T7$8)
                  2000f2f9    00000001     --HOLE-- [fill = 0]
                  2000f2fa    00000004     simplelink.a : wlan.obj (.const:$P$T0$1)
                  2000f2fe    00000004                  : socket.obj (.const:$P$T2$3)
                  2000f302    00000004                  : device.obj (.const:_SlDeviceGetCmdCtrl)
                  2000f306    00000004                  : device.obj (.const:_SlDeviceSetCmdCtrl)
                  2000f30a    00000004                  : netapp.obj (.const:_SlGetHostByNameCtrl)
                  2000f30e    00000004                  : netapp.obj (.const:_SlNetAppSendTokenValueCmdCtrl)
                  2000f312    00000004                  : netcfg.obj (.const:_SlNetCfgSetCmdCtrl)
                  2000f316    00000004                  : wlan.obj (.const:_SlPolicySetCmdCtrl)
                  2000f31a    00000004                  : wlan.obj (.const:_SlProfileDelCmdCtrl)
                  2000f31e    00000004                  : netapp.obj (.const:_SlRegisterServiceCtrl)
                  2000f322    00000004                  : wlan.obj (.const:_SlRxFilterSetCmdCtrl)
                  2000f326    00000004                  : socket.obj (.const:_SlSetSockOptCmdCtrl)
                  2000f32a    00000004                  : socket.obj (.const:_SlSockSocketCmdCtrl)
                  2000f32e    00000004                  : device.obj (.const:_SlStopCmdCtrl)
                  2000f332    00000004                  : wlan.obj (.const:_SlWlanCfgSetCmdCtrl)
                  2000f336    00000004                  : wlan.obj (.const:_SlWlanSetModeCmdCtrl)
                  2000f33a    00000002     --HOLE-- [fill = 0]
                  2000f33c    00000004                  : driver.obj (.const:httpServer_callbacks)
                  2000f340    00000004                  : driver.obj (.const:netApp_callbacks)

.cinit     0    2000f348    00000090     
                  2000f348    00000068     (.cinit..data.load) [load image, compression = lzss]
                  2000f3b0    0000000c     (__TI_handler_table)
                  2000f3bc    00000004     --HOLE-- [fill = 0]
                  2000f3c0    00000008     (.cinit..bss.load) [load image, compression = zero_init]
                  2000f3c8    00000010     (__TI_cinit_table)

.sysmem    0    20017000    00008000     UNINITIALIZED
                  20017000    00000008     rtsv7M4_T_le_v4SPD16_eabi.lib : memory.obj (.sysmem)
                  20017008    00007ff8     --HOLE--

.bss       0    2001f000    000007fa     UNINITIALIZED
                  2001f000    00000400     (.common:cbuffer)
                  2001f400    00000168     simplelink.a : driver.obj (.bss:g_StatMem)
                  2001f568    00000100     (.common:emailMessage)
                  2001f668    00000090     (.common:dots)
                  2001f6f8    00000050     (.common:g_ucDinDout)
                  2001f748    00000040     (.common:buffer)
                  2001f788    0000002c     (.common:g_time)
                  2001f7b4    00000024     (.common:g_ucConnectionSSID)
                  2001f7d8    00000008     (.common:g_ucConnectionBSSID)
                  2001f7e0    00000004     uart_if.obj (.bss)
                  2001f7e4    00000004     (.common:SW_intflag)
                  2001f7e8    00000004     (.common:currButton)
                  2001f7ec    00000004     (.common:prevButton)
                  2001f7f0    00000004     (.common:prevData)
                  2001f7f4    00000001     (.common:RxIrqCnt)
                  2001f7f5    00000001     (.common:g_bDeviceRestartIsRequired)
                  2001f7f6    00000001     (.common:g_cDummy)
                  2001f7f7    00000001     (.common:g_ucLED1Pin)
                  2001f7f8    00000001     (.common:g_ucLED2Pin)
                  2001f7f9    00000001     (.common:g_ucLED3Pin)

.data      0    2001f7fc    00000124     UNINITIALIZED
                  2001f7fc    00000060     main.obj (.data)
                  2001f85c    0000003c     simplelink.a : nonos.obj (.data:g__SlNonOsCB)
                  2001f898    00000015     Adafruit_GFX.obj (.data)
                  2001f8ad    00000003     --HOLE--
                  2001f8b0    00000014     gpio_if.obj (.data:ulReg)
                  2001f8c4    0000000d     simplelink.a : driver.obj (.data)
                  2001f8d1    00000003     --HOLE--
                  2001f8d4    0000000c     rtsv7M4_T_le_v4SPD16_eabi.lib : exit.obj (.data:$O1$$)
                  2001f8e0    0000000c                                   : memory.obj (.data:$O1$$)
                  2001f8ec    0000000c     gpio_if.obj (.data)
                  2001f8f8    00000009     simplelink.a : cc_pal.obj (.data)
                  2001f901    00000003     --HOLE--
                  2001f904    00000008     rtsv7M4_T_le_v4SPD16_eabi.lib : _lock.obj (.data:$O1$$)
                  2001f90c    00000008     main.obj (.data:button)
                  2001f914    00000004     rtsv7M4_T_le_v4SPD16_eabi.lib : errno.obj (.data)
                  2001f918    00000004                                   : stkdepth_vars.obj (.data)
                  2001f91c    00000004     simplelink.a : driver.obj (.data:wlan_callbacks)

.stack     0    2002f000    00001000     UNINITIALIZED
                  2002f000    00001000     --HOLE--

MODULE SUMMARY

       Module                     code    ro data   rw data
       ------                     ----    -------   -------
    .\
       main.obj                   8188    205       1696   
       Adafruit_GFX.obj           2688    1275      21     
       Adafruit_OLED.obj          1198    0         0      
       startup_ccs.obj            14      1024      0      
       gpio_if.obj                920     0         35     
       uart_if.obj                640     0         4      
       pin_mux_config.obj         308     0         0      
       network_common.obj         38      0         0      
    +--+--------------------------+-------+---------+---------+
       Total:                     13994   2504      1756   
                                                           
    C:/ti/CC3200SDK_1.5.0/cc3200-sdk/driverlib/ccs/Release/driverlib.a
       prcm.obj                   852     168       0      
       spi.obj                    860     60        0      
       interrupt.obj              608     284       0      
       udma.obj                   604     0         0      
       pin.obj                    300     256       0      
       gpio.obj                   422     0         0      
       uart.obj                   284     0         0      
       timer.obj                  210     0         0      
       systick.obj                96      0         0      
       cpu.obj                    20      0         0      
       utils.obj                  6       0         0      
    +--+--------------------------+-------+---------+---------+
       Total:                     4262    768       0      
                                                           
    C:/ti/CC3200SDK_1.5.0/cc3200-sdk/simplelink/ccs/NON_OS_debug/simplelink.a
       driver.obj                 7016    192       379    
       cc_pal.obj                 1960    0         90     
       netapp.obj                 1572    12        0      
       wlan.obj                   1316    24        0      
       device.obj                 1234    20        0      
       socket.obj                 1202    12        0      
       nonos.obj                  416     20        60     
       netcfg.obj                 152     4         0      
    +--+--------------------------+-------+---------+---------+
       Total:                     14868   284       529    
                                                           
    C:\ti\ccsv7\tools\compiler\ti-cgt-arm_16.9.0.LTS\lib\rtsv7M4_T_le_v4SPD16_eabi.lib
       _printfi.obj               4410    0         0      
       memory.obj                 976     0         12     
       ull_div_t2.obj             500     0         0      
       fd_add_t2.obj              438     0         0      
       fd_div_t2.obj              310     0         0      
       fd_cmp_t2.obj              268     0         0      
       ctype.obj                  0       257       0      
       fd_mul_t2.obj              252     0         0      
       s_scalbn.obj               252     0         0      
       memcpy_t2.obj              156     0         0      
       vsnprintf.obj              136     0         0      
       memset_t2.obj              122     0         0      
       autoinit.obj               112     0         0      
       copy_decompress_lzss.obj   104     0         0      
       s_frexp.obj                100     0         0      
       exit.obj                   84      0         12     
       ltoa.obj                   86      0         0      
       boot.obj                   84      0         0      
       atoi.obj                   76      0         0      
       cpy_tbl.obj                76      0         0      
       fd_toi_t2.obj              72      0         0      
       i_tofd_t2.obj              46      0         0      
       memmov.obj                 36      0         0      
       strcat.obj                 30      0         0      
       _lock.obj                  20      0         8      
       memccpy.obj                28      0         0      
       args_main.obj              24      0         0      
       ll_mul_t2.obj              24      0         0      
       strchr.obj                 22      0         0      
       s_copysign.obj             20      0         0      
       strlen.obj                 20      0         0      
       copy_decompress_none.obj   14      0         0      
       copy_zero_init.obj         12      0         0      
       errno.obj                  0       0         4      
       pre_init.obj               4       0         0      
       stkdepth_vars.obj          0       0         4      
       mpu_init.obj               2       0         0      
       startup.obj                2       0         0      
    +--+--------------------------+-------+---------+---------+
       Total:                     8918    257       40     
                                                           
       Heap:                      0       0         32768  
       Stack:                     0       0         4096   
       Linker Generated:          0       140       0      
    +--+--------------------------+-------+---------+---------+
       Grand Total:               42042   3953      39189  


LINKER GENERATED COPY TABLES

__TI_cinit_table @ 2000f3c8 records: 2, size/record: 8, table size: 16
	.data: load addr=2000f348, load size=00000068 bytes, run addr=2001f7fc, run size=00000124 bytes, compression=lzss
	.bss: load addr=2000f3c0, load size=00000008 bytes, run addr=2001f000, run size=000007fa bytes, compression=zero_init


LINKER GENERATED HANDLER TABLE

__TI_handler_table @ 2000f3b0 records: 3, size/record: 4, table size: 12
	index: 0, handler: __TI_decompress_lzss
	index: 1, handler: __TI_decompress_none
	index: 2, handler: __TI_zero_init


GLOBAL SYMBOLS: SORTED ALPHABETICALLY BY Name 

address   name                                  
-------   ----                                  
200085d9  Adafruit_Init                         
2000d6e9  C$$EXIT                               
2000e73d  CPUcpsie                              
20009421  ClearTerm                             
2000874f  Color565                              
20004aa1  DisplayButtonPressed                  
2000440f  DisplayColor                          
200046f5  DisplayNextLetter                     
2000e1f9  DmaSpiSwIntHandler                    
2001f828  EnterMessage                          
2000942b  Error                                 
2000def5  GPIODirModeSet                        
2000e751  GPIOIntClear                          
2000e50d  GPIOIntEnable                         
2000e3b1  GPIOIntRegister                       
2000e289  GPIOIntStatus                         
2000cbe5  GPIOIntTypeSet                        
2000e5dd  GPIOPinRead                           
2000e2ef  GPIOPinWrite                          
20009089  GPIO_IF_ConfigureNIntEnable           
20009115  GPIO_IF_Get                           
20009043  GPIO_IF_GetPortNPin                   
20008e05  GPIO_IF_LedConfigure                  
20008ef7  GPIO_IF_LedOff                        
20008e43  GPIO_IF_LedOn                         
20008fab  GPIO_IF_LedStatus                     
20009015  GPIO_IF_LedToggle                     
200090d1  GPIO_IF_Set                           
20009463  GetCmd                                
200093e1  InitTerm                              
2000bcfd  IntDisable                            
2000bda5  IntEnable                             
2000e841  IntMasterEnable                       
2000d491  IntPendClear                          
2000d599  IntPrioritySet                        
2000e311  IntRegister                           
2000e21d  IntUnregister                         
2000e765  IntVTableBaseSet                      
200093ff  Message                               
2000e811  NwpMaskInterrupt                      
2000de85  NwpPowerOff                           
2000df2d  NwpPowerOn                            
2000cadd  NwpPowerOnPreamble                    
2000e331  NwpPrePowerOffTimout0                 
2000dd19  NwpRegisterInterruptHandler           
2000e81d  NwpUnMaskInterrupt                    
2001f844  OLEDColor                             
2000f0cc  OpcodeTranslateTable                  
20007ee3  Outstr                                
2000a491  PRCMCC3200MCUInit                     
2000e6e5  PRCMHIBRegRead                        
2000e6fb  PRCMHIBRegWrite                       
2000e131  PRCMPeripheralClkDisable              
2000dd95  PRCMPeripheralClkEnable               
2000c3c1  PRCMPeripheralClockGet                
2000d4e9  PRCMPeripheralReset                   
2000df61  PRCMPeripheralStatusGet               
2000e059  PRCMSysResetCauseGet                  
2000c8c1  PinConfigSet                          
2000dc59  PinModeSet                            
2000ac81  PinMuxConfig                          
2000dfc9  PinTypeGPIO                           
2000e527  PinTypeSPI                            
2000e541  PinTypeUART                           
200095a1  Report                                
2000e801  ResetISR                              
2001f7f4  RxIrqCnt                              
UNDEFED   SHT$$INIT_ARRAY$$Base                 
UNDEFED   SHT$$INIT_ARRAY$$Limit                
2000e5f5  SPICSDisable                          
2000e60d  SPICSEnable                           
2000bef1  SPIConfigSetExpClk                    
2000e351  SPIDataGet                            
2000e3cf  SPIDataPut                            
2000e625  SPIDisable                            
2000e55b  SPIDmaDisable                         
2000e575  SPIDmaEnable                          
2000e63d  SPIEnable                             
2000e58f  SPIFIFODisable                        
2000e5a9  SPIFIFOEnable                         
2000df95  SPIFIFOLevelSet                       
2000d9e9  SPIIntClear                           
2000d78d  SPIIntEnable                          
2000e5c3  SPIIntUnregister                      
2000e2ab  SPIReset                              
2000e2cd  SPIWordCountSet                       
2001f810  SW_intcount                           
2001f7e4  SW_intflag                            
20004ef1  SimpleLinkGeneralEventHandler         
20004ee5  SimpleLinkHttpServerCallback          
20004e49  SimpleLinkNetAppEventHandler          
20004f0b  SimpleLinkSockEventHandler            
20004c11  SimpleLinkWlanEventHandler            
2000e7b5  SysTickEnable                         
2000e7c5  SysTickIntEnable                      
2000e465  SysTickIntRegister                    
2000e655  SysTickPeriodSet                      
2000e829  SysTickValueGet                       
2000db05  TimerConfigure                        
2000e3ed  TimerEnable                           
2000e371  TimerGetCurrentTimestamp              
2000e0dd  TimerLoadSet                          
2000e107  TimerPrescaleSet                      
2000e481  TimerValueGet                         
20009509  TrimSpace                             
2000e49d  UARTCharGetNonBlocking                
2000e40b  UARTCharPut                           
2000e66d  UARTCharsAvail                        
2000cedd  UARTConfigSetExpClk                   
2000dff9  UARTDisable                           
2000e241  UARTEnable                            
2000e84b  UtilsDelay                            
2000f108  _SlActionLookupTable                  
2000be4d  _SlDriverHandleError                  
2000da31  _SlDrvBasicCmd                        
2000bb8d  _SlDrvCmdOp                           
2000d039  _SlDrvCmdSend                         
2000c02d  _SlDrvDeviceEventHandler              
2000e7d5  _SlDrvDispatchHttpServerEvents        
2000adb5  _SlDrvDriverCBDeinit                  
20009e25  _SlDrvDriverCBInit                    
2000e159  _SlDrvGlobalObjUnLock                 
2000db49  _SlDrvHandleHttpServerEvents          
2000dc99  _SlDrvHandleNetAppEvents              
2000dcd9  _SlDrvHandleWlanEvents                
2000c71d  _SlDrvIsTimeoutExpired                
2000e711  _SlDrvMemZero                         
2000b689  _SlDrvMsgReadSpawnCtx                 
2000aee5  _SlDrvNetAppEventHandler              
2000d825  _SlDrvProtectAsyncRespSetting         
2000e0b1  _SlDrvProtectionObjLockWaitForever    
2000e181  _SlDrvProtectionObjUnLock             
20009a9d  _SlDrvReleasePoolObj                  
2000e7e5  _SlDrvResetCmdExt                     
2000d5ed  _SlDrvRxIrqHandler                    
2000e4b9  _SlDrvStartMeasureTimeout             
2000e391  _SlDrvSyncObjSignal                   
2000e1a9  _SlDrvSyncObjWaitForever              
2000db8d  _SlDrvSyncObjWaitTimeout              
2000a175  _SlDrvWaitForPoolObj                  
2000f30e  _SlNetAppSendTokenValueCmdCtrl        
2000cf55  _SlNonOsMainLoopTask                  
2000bc4d  _SlNonOsSemGet                        
2000e685  _SlNonOsSemSet                        
2000d179  _SlNonOsSpawn                         
20030000  __STACK_END                           
00001000  __STACK_SIZE                          
00008000  __SYSMEM_SIZE                         
2000f3c8  __TI_CINIT_Base                       
2000f3d8  __TI_CINIT_Limit                      
2000f3b0  __TI_Handler_Table_Base               
2000f3bc  __TI_Handler_Table_Limit              
2000cfc9  __TI_auto_init                        
2001f8d4  __TI_cleanup_ptr                      
2000d111  __TI_decompress_lzss                  
2000e7f3  __TI_decompress_none                  
2001f8d8  __TI_dtors_ptr                        
2001f8dc  __TI_enable_exit_profile_output       
ffffffff  __TI_pprof_out_hndl                   
20006c3d  __TI_printfi                          
ffffffff  __TI_prof_data_size                   
ffffffff  __TI_prof_data_start                  
2000f348  __TI_static_base__                    
2000e835  __TI_zero_init                        
2000c9d1  __aeabi_cdcmpeq                       
2000c9d1  __aeabi_cdcmple                       
2000ca57  __aeabi_cdrcmple                      
2000da79  __aeabi_d2iz                          
20009c77  __aeabi_dadd                          
2000ab49  __aeabi_ddiv                          
2000afe9  __aeabi_dmul                          
20009c6d  __aeabi_dsub                          
2000e029  __aeabi_i2d                           
2000e6cd  __aeabi_lmul                          
2000cde9  __aeabi_memclr                        
2000cde9  __aeabi_memclr4                       
2000cde9  __aeabi_memclr8                       
2000bf91  __aeabi_memcpy                        
2000bf91  __aeabi_memcpy4                       
2000bf91  __aeabi_memcpy8                       
2000cdeb  __aeabi_memset                        
2000cdeb  __aeabi_memset4                       
2000cdeb  __aeabi_memset8                       
200098a9  __aeabi_uldivmod                      
ffffffff  __binit__                             
ffffffff  __c_args__                            
200089f7  __mpu_init                            
2002f000  __stack                               
2000e6b5  _args_main                            
2000d695  _c_int00                              
2000ed4f  _ctypes_                              
2001f904  _lock                                 
2000e787  _nop                                  
2000e77f  _register_lock                        
2000e779  _register_unlock                      
2000d1dd  _sl_HandleAsync_Accept                
2000cc69  _sl_HandleAsync_Connect               
2000c455  _sl_HandleAsync_DnsGetHostByName      
2000b931  _sl_HandleAsync_DnsGetHostByService   
2000c7a9  _sl_HandleAsync_InitComplete          
2000c4e5  _sl_HandleAsync_PingResponse          
2000d641  _sl_HandleAsync_Select                
2000d73d  _sl_HandleAsync_Stop                  
2000d0a5  _sl_NetAppSendTokenValue              
20017000  _sys_memory                           
20009e23  _system_post_cinit                    
2000e851  _system_pre_init                      
2001f908  _unlock                               
2000d6ed  abort                                 
2000d8bd  atoi                                  
ffffffff  binit                                 
2001f820  bufIndex                              
2001f748  buffer                                
2001f838  cBufIndex                             
20008d99  calloc                                
2001f000  cbuffer                               
20005e01  clearLastChar                         
20005e31  clearMessage                          
2001f834  color                                 
2001f84c  connectedDotsLength                   
2000d909  copy_in                               
2000e78d  copysign                              
2000e78d  copysignl                             
2001f7e8  currButton                            
2001f850  cursorI                               
2001f854  cursorJ                               
2001f898  cursor_x                              
2001f89c  cursor_y                              
2001f83c  cx                                    
2001f840  cy                                    
2001f82c  data                                  
2001f668  dots                                  
20007d97  drawChar                              
20007539  drawCircle                            
2000766d  drawCircleHelper                      
20004b8f  drawCursor                            
20004b6f  drawDot                               
20008901  drawFastHLine                         
20008865  drawFastVLine                         
200078b3  drawLine                              
2000899d  drawPixel                             
2000799f  drawRect                              
200079ed  drawRoundRect                         
20007b55  drawTriangle                          
2001f568  emailMessage                          
20004bb9  eraseCursor                           
2001f914  errno                                 
2000d6f5  exit                                  
2000778b  fillCircle                            
200077c5  fillCircleHelper                      
200087a7  fillRect                              
20007adb  fillRoundRect                         
20008791  fillScreen                            
20007b97  fillTriangle                          
200044c5  firstLetter                           
2001f814  first_edge                            
20008ae3  free                                  
2000d241  frexp                                 
2000d241  frexpl                                
2001f808  g_Host                                
2001f8c4  g_SlDeviceStatus                      
2001f8f8  g_SpiFd                               
2001f85c  g__SlNonOsCB                          
2001f7f5  g_bDeviceRestartIsRequired            
2001f7f6  g_cDummy                              
2001f8c8  g_pCB                                 
2001f8fc  g_pHostIntHdl                         
20004000  g_pfnVectors                          
2001f788  g_time                                
2001f7d8  g_ucConnectionBSSID                   
2001f7b4  g_ucConnectionSSID                    
2001f900  g_ucDMAEnabled                        
2001f6f8  g_ucDinDout                           
2001f7f7  g_ucLED1Pin                           
2001f7f8  g_ucLED2Pin                           
2001f7f9  g_ucLED3Pin                           
2001f8ec  g_uiLED1Port                          
2001f8f0  g_uiLED2Port                          
2001f8f4  g_uiLED3Port                          
2001f804  g_ulGatewayIP                         
2001f800  g_ulPingPacketsRecv                   
2001f7fc  g_ulStatus                            
2000870b  goTo                                  
20007f97  height                                
200089db  invert                                
2001f848  keyDotsLength                         
2000b0e5  ldexp                                 
2000b0e5  ldexpl                                
2000d541  ltoa                                  
20005ee9  main                                  
2001f918  main_func_sp                          
20008a79  malloc                                
20008cad  memalign                              
2000e4d5  memccpy                               
2000bf91  memcpy                                
2000e265  memmove                               
2000cdf1  memset                                
200089f9  minit                                 
2001f858  mode                                  
2001f8cc  pPingCallBackFunc                     
2001f7ec  prevButton                            
2001f7f0  prevData                              
2001f81c  prevLetter                            
200058d5  printErrConvenience                   
20008ba5  realloc                               
2001f824  sameButton                            
2000b0e5  scalbn                                
2000b0e5  scalbnl                               
20007f2f  setCursor                             
20007f67  setTextColor                          
20007f47  setTextSize                           
20007f7f  setTextWrap                           
2000ddd1  simplelink_timerA2_start              
2000a305  sl_Connect                            
2000b9fd  sl_DevGet                             
2000c0c9  sl_DevSet                             
2000dc15  sl_Htonl                              
2000de0d  sl_Htons                              
2000aa05  sl_NetAppDnsGetHostByName             
2000b771  sl_NetAppMDNSRegisterUnregisterService
2000d2a5  sl_NetAppMDNSUnRegisterService        
2000c161  sl_NetCfgSet                          
2000e1d1  sl_Provisioning_HttpServerEventHdl    
2000e1df  sl_Provisioning_NetAppEventHdl        
2000e1eb  sl_Provisioning_WlanEventHdl          
2000c1f9  sl_SetSockOpt                         
2000c835  sl_Socket                             
2000b1e1  sl_Start                              
2000b2d1  sl_Stop                               
20009161  sl_WlanConnect                        
2000debd  sl_WlanDisconnect                     
2000c575  sl_WlanPolicySet                      
2000d3d1  sl_WlanProfileDel                     
2000cb61  sl_WlanRxFilterSet                    
2000c291  sl_WlanSet                            
2000d431  sl_WlanSetMode                        
2000ce65  spi_Close                             
2000a779  spi_Open                              
2000b3c1  spi_Read                              
2000c329  spi_Write                             
2001f818  start                                 
2000e447  strcat                                
2000e727  strchr                                
2000e7a1  strlen                                
2001f80c  systick_cnt                           
2001f8a8  textbgcolor                           
2001f8a4  textcolor                             
2001f8a0  textsize                              
2001f830  track                                 
2000d955  uDMAChannelAssign                     
2000d309  uDMAChannelAttributeDisable           
2000d36d  uDMAChannelAttributeEnable            
2000de49  uDMAChannelControlSet                 
2000e4f1  uDMAChannelEnable                     
2000b4b1  uDMAChannelTransferSet                
20005d8d  updateEmailMessage                    
2000c949  vsnprintf                             
20007f93  width                                 
2001f8ac  wrap                                  
20008549  writeCommand                          
20008591  writeData                             


GLOBAL SYMBOLS: SORTED BY Symbol Address 

address   name                                  
-------   ----                                  
00001000  __STACK_SIZE                          
00008000  __SYSMEM_SIZE                         
20004000  g_pfnVectors                          
2000440f  DisplayColor                          
200044c5  firstLetter                           
200046f5  DisplayNextLetter                     
20004aa1  DisplayButtonPressed                  
20004b6f  drawDot                               
20004b8f  drawCursor                            
20004bb9  eraseCursor                           
20004c11  SimpleLinkWlanEventHandler            
20004e49  SimpleLinkNetAppEventHandler          
20004ee5  SimpleLinkHttpServerCallback          
20004ef1  SimpleLinkGeneralEventHandler         
20004f0b  SimpleLinkSockEventHandler            
200058d5  printErrConvenience                   
20005d8d  updateEmailMessage                    
20005e01  clearLastChar                         
20005e31  clearMessage                          
20005ee9  main                                  
20006c3d  __TI_printfi                          
20007539  drawCircle                            
2000766d  drawCircleHelper                      
2000778b  fillCircle                            
200077c5  fillCircleHelper                      
200078b3  drawLine                              
2000799f  drawRect                              
200079ed  drawRoundRect                         
20007adb  fillRoundRect                         
20007b55  drawTriangle                          
20007b97  fillTriangle                          
20007d97  drawChar                              
20007ee3  Outstr                                
20007f2f  setCursor                             
20007f47  setTextSize                           
20007f67  setTextColor                          
20007f7f  setTextWrap                           
20007f93  width                                 
20007f97  height                                
20008549  writeCommand                          
20008591  writeData                             
200085d9  Adafruit_Init                         
2000870b  goTo                                  
2000874f  Color565                              
20008791  fillScreen                            
200087a7  fillRect                              
20008865  drawFastVLine                         
20008901  drawFastHLine                         
2000899d  drawPixel                             
200089db  invert                                
200089f7  __mpu_init                            
200089f9  minit                                 
20008a79  malloc                                
20008ae3  free                                  
20008ba5  realloc                               
20008cad  memalign                              
20008d99  calloc                                
20008e05  GPIO_IF_LedConfigure                  
20008e43  GPIO_IF_LedOn                         
20008ef7  GPIO_IF_LedOff                        
20008fab  GPIO_IF_LedStatus                     
20009015  GPIO_IF_LedToggle                     
20009043  GPIO_IF_GetPortNPin                   
20009089  GPIO_IF_ConfigureNIntEnable           
200090d1  GPIO_IF_Set                           
20009115  GPIO_IF_Get                           
20009161  sl_WlanConnect                        
200093e1  InitTerm                              
200093ff  Message                               
20009421  ClearTerm                             
2000942b  Error                                 
20009463  GetCmd                                
20009509  TrimSpace                             
200095a1  Report                                
200098a9  __aeabi_uldivmod                      
20009a9d  _SlDrvReleasePoolObj                  
20009c6d  __aeabi_dsub                          
20009c77  __aeabi_dadd                          
20009e23  _system_post_cinit                    
20009e25  _SlDrvDriverCBInit                    
2000a175  _SlDrvWaitForPoolObj                  
2000a305  sl_Connect                            
2000a491  PRCMCC3200MCUInit                     
2000a779  spi_Open                              
2000aa05  sl_NetAppDnsGetHostByName             
2000ab49  __aeabi_ddiv                          
2000ac81  PinMuxConfig                          
2000adb5  _SlDrvDriverCBDeinit                  
2000aee5  _SlDrvNetAppEventHandler              
2000afe9  __aeabi_dmul                          
2000b0e5  ldexp                                 
2000b0e5  ldexpl                                
2000b0e5  scalbn                                
2000b0e5  scalbnl                               
2000b1e1  sl_Start                              
2000b2d1  sl_Stop                               
2000b3c1  spi_Read                              
2000b4b1  uDMAChannelTransferSet                
2000b689  _SlDrvMsgReadSpawnCtx                 
2000b771  sl_NetAppMDNSRegisterUnregisterService
2000b931  _sl_HandleAsync_DnsGetHostByService   
2000b9fd  sl_DevGet                             
2000bb8d  _SlDrvCmdOp                           
2000bc4d  _SlNonOsSemGet                        
2000bcfd  IntDisable                            
2000bda5  IntEnable                             
2000be4d  _SlDriverHandleError                  
2000bef1  SPIConfigSetExpClk                    
2000bf91  __aeabi_memcpy                        
2000bf91  __aeabi_memcpy4                       
2000bf91  __aeabi_memcpy8                       
2000bf91  memcpy                                
2000c02d  _SlDrvDeviceEventHandler              
2000c0c9  sl_DevSet                             
2000c161  sl_NetCfgSet                          
2000c1f9  sl_SetSockOpt                         
2000c291  sl_WlanSet                            
2000c329  spi_Write                             
2000c3c1  PRCMPeripheralClockGet                
2000c455  _sl_HandleAsync_DnsGetHostByName      
2000c4e5  _sl_HandleAsync_PingResponse          
2000c575  sl_WlanPolicySet                      
2000c71d  _SlDrvIsTimeoutExpired                
2000c7a9  _sl_HandleAsync_InitComplete          
2000c835  sl_Socket                             
2000c8c1  PinConfigSet                          
2000c949  vsnprintf                             
2000c9d1  __aeabi_cdcmpeq                       
2000c9d1  __aeabi_cdcmple                       
2000ca57  __aeabi_cdrcmple                      
2000cadd  NwpPowerOnPreamble                    
2000cb61  sl_WlanRxFilterSet                    
2000cbe5  GPIOIntTypeSet                        
2000cc69  _sl_HandleAsync_Connect               
2000cde9  __aeabi_memclr                        
2000cde9  __aeabi_memclr4                       
2000cde9  __aeabi_memclr8                       
2000cdeb  __aeabi_memset                        
2000cdeb  __aeabi_memset4                       
2000cdeb  __aeabi_memset8                       
2000cdf1  memset                                
2000ce65  spi_Close                             
2000cedd  UARTConfigSetExpClk                   
2000cf55  _SlNonOsMainLoopTask                  
2000cfc9  __TI_auto_init                        
2000d039  _SlDrvCmdSend                         
2000d0a5  _sl_NetAppSendTokenValue              
2000d111  __TI_decompress_lzss                  
2000d179  _SlNonOsSpawn                         
2000d1dd  _sl_HandleAsync_Accept                
2000d241  frexp                                 
2000d241  frexpl                                
2000d2a5  sl_NetAppMDNSUnRegisterService        
2000d309  uDMAChannelAttributeDisable           
2000d36d  uDMAChannelAttributeEnable            
2000d3d1  sl_WlanProfileDel                     
2000d431  sl_WlanSetMode                        
2000d491  IntPendClear                          
2000d4e9  PRCMPeripheralReset                   
2000d541  ltoa                                  
2000d599  IntPrioritySet                        
2000d5ed  _SlDrvRxIrqHandler                    
2000d641  _sl_HandleAsync_Select                
2000d695  _c_int00                              
2000d6e9  C$$EXIT                               
2000d6ed  abort                                 
2000d6f5  exit                                  
2000d73d  _sl_HandleAsync_Stop                  
2000d78d  SPIIntEnable                          
2000d825  _SlDrvProtectAsyncRespSetting         
2000d8bd  atoi                                  
2000d909  copy_in                               
2000d955  uDMAChannelAssign                     
2000d9e9  SPIIntClear                           
2000da31  _SlDrvBasicCmd                        
2000da79  __aeabi_d2iz                          
2000db05  TimerConfigure                        
2000db49  _SlDrvHandleHttpServerEvents          
2000db8d  _SlDrvSyncObjWaitTimeout              
2000dc15  sl_Htonl                              
2000dc59  PinModeSet                            
2000dc99  _SlDrvHandleNetAppEvents              
2000dcd9  _SlDrvHandleWlanEvents                
2000dd19  NwpRegisterInterruptHandler           
2000dd95  PRCMPeripheralClkEnable               
2000ddd1  simplelink_timerA2_start              
2000de0d  sl_Htons                              
2000de49  uDMAChannelControlSet                 
2000de85  NwpPowerOff                           
2000debd  sl_WlanDisconnect                     
2000def5  GPIODirModeSet                        
2000df2d  NwpPowerOn                            
2000df61  PRCMPeripheralStatusGet               
2000df95  SPIFIFOLevelSet                       
2000dfc9  PinTypeGPIO                           
2000dff9  UARTDisable                           
2000e029  __aeabi_i2d                           
2000e059  PRCMSysResetCauseGet                  
2000e0b1  _SlDrvProtectionObjLockWaitForever    
2000e0dd  TimerLoadSet                          
2000e107  TimerPrescaleSet                      
2000e131  PRCMPeripheralClkDisable              
2000e159  _SlDrvGlobalObjUnLock                 
2000e181  _SlDrvProtectionObjUnLock             
2000e1a9  _SlDrvSyncObjWaitForever              
2000e1d1  sl_Provisioning_HttpServerEventHdl    
2000e1df  sl_Provisioning_NetAppEventHdl        
2000e1eb  sl_Provisioning_WlanEventHdl          
2000e1f9  DmaSpiSwIntHandler                    
2000e21d  IntUnregister                         
2000e241  UARTEnable                            
2000e265  memmove                               
2000e289  GPIOIntStatus                         
2000e2ab  SPIReset                              
2000e2cd  SPIWordCountSet                       
2000e2ef  GPIOPinWrite                          
2000e311  IntRegister                           
2000e331  NwpPrePowerOffTimout0                 
2000e351  SPIDataGet                            
2000e371  TimerGetCurrentTimestamp              
2000e391  _SlDrvSyncObjSignal                   
2000e3b1  GPIOIntRegister                       
2000e3cf  SPIDataPut                            
2000e3ed  TimerEnable                           
2000e40b  UARTCharPut                           
2000e447  strcat                                
2000e465  SysTickIntRegister                    
2000e481  TimerValueGet                         
2000e49d  UARTCharGetNonBlocking                
2000e4b9  _SlDrvStartMeasureTimeout             
2000e4d5  memccpy                               
2000e4f1  uDMAChannelEnable                     
2000e50d  GPIOIntEnable                         
2000e527  PinTypeSPI                            
2000e541  PinTypeUART                           
2000e55b  SPIDmaDisable                         
2000e575  SPIDmaEnable                          
2000e58f  SPIFIFODisable                        
2000e5a9  SPIFIFOEnable                         
2000e5c3  SPIIntUnregister                      
2000e5dd  GPIOPinRead                           
2000e5f5  SPICSDisable                          
2000e60d  SPICSEnable                           
2000e625  SPIDisable                            
2000e63d  SPIEnable                             
2000e655  SysTickPeriodSet                      
2000e66d  UARTCharsAvail                        
2000e685  _SlNonOsSemSet                        
2000e6b5  _args_main                            
2000e6cd  __aeabi_lmul                          
2000e6e5  PRCMHIBRegRead                        
2000e6fb  PRCMHIBRegWrite                       
2000e711  _SlDrvMemZero                         
2000e727  strchr                                
2000e73d  CPUcpsie                              
2000e751  GPIOIntClear                          
2000e765  IntVTableBaseSet                      
2000e779  _register_unlock                      
2000e77f  _register_lock                        
2000e787  _nop                                  
2000e78d  copysign                              
2000e78d  copysignl                             
2000e7a1  strlen                                
2000e7b5  SysTickEnable                         
2000e7c5  SysTickIntEnable                      
2000e7d5  _SlDrvDispatchHttpServerEvents        
2000e7e5  _SlDrvResetCmdExt                     
2000e7f3  __TI_decompress_none                  
2000e801  ResetISR                              
2000e811  NwpMaskInterrupt                      
2000e81d  NwpUnMaskInterrupt                    
2000e829  SysTickValueGet                       
2000e835  __TI_zero_init                        
2000e841  IntMasterEnable                       
2000e84b  UtilsDelay                            
2000e851  _system_pre_init                      
2000ed4f  _ctypes_                              
2000f0cc  OpcodeTranslateTable                  
2000f108  _SlActionLookupTable                  
2000f30e  _SlNetAppSendTokenValueCmdCtrl        
2000f348  __TI_static_base__                    
2000f3b0  __TI_Handler_Table_Base               
2000f3bc  __TI_Handler_Table_Limit              
2000f3c8  __TI_CINIT_Base                       
2000f3d8  __TI_CINIT_Limit                      
20017000  _sys_memory                           
2001f000  cbuffer                               
2001f568  emailMessage                          
2001f668  dots                                  
2001f6f8  g_ucDinDout                           
2001f748  buffer                                
2001f788  g_time                                
2001f7b4  g_ucConnectionSSID                    
2001f7d8  g_ucConnectionBSSID                   
2001f7e4  SW_intflag                            
2001f7e8  currButton                            
2001f7ec  prevButton                            
2001f7f0  prevData                              
2001f7f4  RxIrqCnt                              
2001f7f5  g_bDeviceRestartIsRequired            
2001f7f6  g_cDummy                              
2001f7f7  g_ucLED1Pin                           
2001f7f8  g_ucLED2Pin                           
2001f7f9  g_ucLED3Pin                           
2001f7fc  g_ulStatus                            
2001f800  g_ulPingPacketsRecv                   
2001f804  g_ulGatewayIP                         
2001f808  g_Host                                
2001f80c  systick_cnt                           
2001f810  SW_intcount                           
2001f814  first_edge                            
2001f818  start                                 
2001f81c  prevLetter                            
2001f820  bufIndex                              
2001f824  sameButton                            
2001f828  EnterMessage                          
2001f82c  data                                  
2001f830  track                                 
2001f834  color                                 
2001f838  cBufIndex                             
2001f83c  cx                                    
2001f840  cy                                    
2001f844  OLEDColor                             
2001f848  keyDotsLength                         
2001f84c  connectedDotsLength                   
2001f850  cursorI                               
2001f854  cursorJ                               
2001f858  mode                                  
2001f85c  g__SlNonOsCB                          
2001f898  cursor_x                              
2001f89c  cursor_y                              
2001f8a0  textsize                              
2001f8a4  textcolor                             
2001f8a8  textbgcolor                           
2001f8ac  wrap                                  
2001f8c4  g_SlDeviceStatus                      
2001f8c8  g_pCB                                 
2001f8cc  pPingCallBackFunc                     
2001f8d4  __TI_cleanup_ptr                      
2001f8d8  __TI_dtors_ptr                        
2001f8dc  __TI_enable_exit_profile_output       
2001f8ec  g_uiLED1Port                          
2001f8f0  g_uiLED2Port                          
2001f8f4  g_uiLED3Port                          
2001f8f8  g_SpiFd                               
2001f8fc  g_pHostIntHdl                         
2001f900  g_ucDMAEnabled                        
2001f904  _lock                                 
2001f908  _unlock                               
2001f914  errno                                 
2001f918  main_func_sp                          
2002f000  __stack                               
20030000  __STACK_END                           
ffffffff  __TI_pprof_out_hndl                   
ffffffff  __TI_prof_data_size                   
ffffffff  __TI_prof_data_start                  
ffffffff  __binit__                             
ffffffff  __c_args__                            
ffffffff  binit                                 
UNDEFED   SHT$$INIT_ARRAY$$Base                 
UNDEFED   SHT$$INIT_ARRAY$$Limit                

[361 symbols]
