******************************************************************************
                  TI ARM Linker PC v16.9.0                     
******************************************************************************
>> Linked Thu May 25 16:23:56 2023

OUTPUT FILE NAME:   <ssl.out>
ENTRY POINT SYMBOL: "_c_int00"  address: 2000dd75


MEMORY CONFIGURATION

         name            origin    length      used     unused   attr    fill
----------------------  --------  ---------  --------  --------  ----  --------
  SRAM_CODE             20004000   00013000  0000bb68  00007498  RW X
  SRAM_DATA             20017000   00019000  0000987a  0000f786  RW X


SEGMENT ALLOCATION MAP

run origin  load origin   length   init length attrs members
----------  ----------- ---------- ----------- ----- -------
20004000    20004000    0000bb68   0000bb68    r-x
  20004000    20004000    00000400   00000400    r-- .intvecs
  20004400    20004400    0000abcc   0000abcc    r-x .text
  2000efcc    2000efcc    00000b0c   00000b0c    r-- .const
  2000fad8    2000fad8    00000090   00000090    r-- .cinit
20017000    20017000    0000887c   00000000    rw-
  20017000    20017000    00008000   00000000    rw- .sysmem
  2001f000    2001f000    0000076a   00000000    rw- .bss
  2001f76c    2001f76c    00000110   00000000    rw- .data
2002f000    2002f000    00001000   00000000    rw-
  2002f000    2002f000    00001000   00000000    rw- .stack


SECTION ALLOCATION MAP

 output                                  attributes/
section   page    origin      length       input sections
--------  ----  ----------  ----------   ----------------
.intvecs   0    20004000    00000400     
                  20004000    00000400     startup_ccs.obj (.intvecs)

.init_array 
*          0    20004000    00000000     UNINITIALIZED

.text      0    20004400    0000abcc     
                  20004400    00002114     main.obj (.text)
                  20006514    0000113a     rtsv7M4_T_le_v4SPD16_eabi.lib : _printfi.obj (.text)
                  2000764e    00000002     driverlib.a : interrupt.obj (.text:IntDefaultHandler)
                  20007650    00000a80     Adafruit_GFX.obj (.text)
                  200080d0    00000590     simplelink.a : driver.obj (.text:_SlDrvMsgRead)
                  20008660    000004ae     Adafruit_OLED.obj (.text)
                  20008b0e    00000002     rtsv7M4_T_le_v4SPD16_eabi.lib : mpu_init.obj (.text)
                  20008b10    000003d0                                   : memory.obj (.text)
                  20008ee0    00000398     gpio_if.obj (.text)
                  20009278    00000280     simplelink.a : wlan.obj (.text:sl_WlanConnect)
                  200094f8    00000280     uart_if.obj (.text)
                  20009778    00000248     simplelink.a : driver.obj (.text:_SlDrvRxHdrRead)
                  200099c0    000001f4     rtsv7M4_T_le_v4SPD16_eabi.lib : ull_div_t2.obj (.text)
                  20009bb4    000001e4     simplelink.a : driver.obj (.text:_SlDrvDataReadOp)
                  20009d98    000001d0                  : driver.obj (.text:_SlDrvReleasePoolObj)
                  20009f68    000001b6     rtsv7M4_T_le_v4SPD16_eabi.lib : fd_add_t2.obj (.text)
                  2000a11e    00000002                                   : startup.obj (.text)
                  2000a120    000001b4     simplelink.a : driver.obj (.text:_SlDrvDriverCBInit)
                  2000a2d4    0000019c                  : driver.obj (.text:_SlDrvMsgWrite)
                  2000a470    00000190                  : driver.obj (.text:_SlDrvWaitForPoolObj)
                  2000a600    0000018c                  : socket.obj (.text:sl_Connect)
                  2000a78c    00000178     driverlib.a : prcm.obj (.text:PRCMCC3200MCUInit)
                  2000a904    00000170     simplelink.a : driver.obj (.text:_SlFindAndSetActiveObj)
                  2000aa74    00000150                  : driver.obj (.text:_SlDrvDataWriteOp)
                  2000abc4    00000148                  : cc_pal.obj (.text:spi_Open)
                  2000ad0c    00000144                  : driver.obj (.text:_SlDrvMsgReadCmdCtx)
                  2000ae50    00000144                  : netapp.obj (.text:sl_NetAppDnsGetHostByName)
                  2000af94    00000136     rtsv7M4_T_le_v4SPD16_eabi.lib : fd_div_t2.obj (.text)
                  2000b0ca    00000002     --HOLE-- [fill = 0]
                  2000b0cc    00000134     pin_mux_config.obj (.text)
                  2000b200    00000134     simplelink.a : socket.obj (.text:sl_Send)
                  2000b334    00000130                  : driver.obj (.text:_SlDrvDriverCBDeinit)
                  2000b464    00000104                  : netapp.obj (.text:_SlDrvNetAppEventHandler)
                  2000b568    000000fc     rtsv7M4_T_le_v4SPD16_eabi.lib : fd_mul_t2.obj (.text)
                  2000b664    000000fc                                   : s_scalbn.obj (.text)
                  2000b760    000000f0     simplelink.a : device.obj (.text:sl_Start)
                  2000b850    000000f0                  : device.obj (.text:sl_Stop)
                  2000b940    000000f0                  : cc_pal.obj (.text:spi_Read)
                  2000ba30    000000f0     driverlib.a : udma.obj (.text:uDMAChannelTransferSet)
                  2000bb20    000000e8     simplelink.a : driver.obj (.text:_SlAsyncEventGenericHandler)
                  2000bc08    000000e8                  : driver.obj (.text:_SlDrvMsgReadSpawnCtx)
                  2000bcf0    000000e4                  : netapp.obj (.text:sl_NetAppMDNSRegisterUnregisterService)
                  2000bdd4    000000dc                  : driver.obj (.text:_SlDrvClassifyRxMsg)
                  2000beb0    000000cc                  : netapp.obj (.text:_sl_HandleAsync_DnsGetHostByService)
                  2000bf7c    000000cc                  : device.obj (.text:sl_DevGet)
                  2000c048    000000c4                  : driver.obj (.text:_SlRemoveFromList)
                  2000c10c    000000c0                  : driver.obj (.text:_SlDrvCmdOp)
                  2000c1cc    000000b0                  : nonos.obj (.text:_SlNonOsSemGet)
                  2000c27c    000000a8     driverlib.a : interrupt.obj (.text:IntDisable)
                  2000c324    000000a8                 : interrupt.obj (.text:IntEnable)
                  2000c3cc    000000a4     simplelink.a : driver.obj (.text:_SlDriverHandleError)
                  2000c470    000000a0     driverlib.a : spi.obj (.text:SPIConfigSetExpClk)
                  2000c510    000000a0     simplelink.a : socket.obj (.text:sl_Recv)
                  2000c5b0    0000009c     rtsv7M4_T_le_v4SPD16_eabi.lib : memcpy_t2.obj (.text)
                  2000c64c    0000009a     simplelink.a : device.obj (.text:_SlDrvDeviceEventHandler)
                  2000c6e6    00000002     --HOLE-- [fill = 0]
                  2000c6e8    00000098                  : device.obj (.text:sl_DevSet)
                  2000c780    00000098                  : netcfg.obj (.text:sl_NetCfgSet)
                  2000c818    00000098                  : socket.obj (.text:sl_SetSockOpt)
                  2000c8b0    00000098                  : wlan.obj (.text:sl_WlanSet)
                  2000c948    00000098                  : cc_pal.obj (.text:spi_Write)
                  2000c9e0    00000094     driverlib.a : prcm.obj (.text:PRCMPeripheralClockGet)
                  2000ca74    00000090     simplelink.a : netapp.obj (.text:_sl_HandleAsync_DnsGetHostByName)
                  2000cb04    00000090                  : netapp.obj (.text:_sl_HandleAsync_PingResponse)
                  2000cb94    00000090                  : wlan.obj (.text:sl_WlanPolicySet)
                  2000cc24    0000008c                  : cc_pal.obj (.text:SetupDMAReceive)
                  2000ccb0    0000008c                  : cc_pal.obj (.text:SetupDMASend)
                  2000cd3c    0000008c                  : driver.obj (.text:_SlDrvIsTimeoutExpired)
                  2000cdc8    0000008c                  : device.obj (.text:_sl_HandleAsync_InitComplete)
                  2000ce54    0000008c                  : socket.obj (.text:sl_Socket)
                  2000cee0    00000088     driverlib.a : pin.obj (.text:PinConfigSet)
                  2000cf68    00000088     rtsv7M4_T_le_v4SPD16_eabi.lib : vsnprintf.obj (.text)
                  2000cff0    00000086                                   : fd_cmp_t2.obj (.text:__aeabi_cdcmple)
                  2000d076    00000086                                   : fd_cmp_t2.obj (.text:__aeabi_cdrcmple)
                  2000d0fc    00000084     simplelink.a : cc_pal.obj (.text:NwpPowerOnPreamble)
                  2000d180    00000084                  : wlan.obj (.text:sl_WlanRxFilterSet)
                  2000d204    00000082     driverlib.a : gpio.obj (.text:GPIOIntTypeSet)
                  2000d286    00000002     --HOLE-- [fill = 0]
                  2000d288    00000080     simplelink.a : socket.obj (.text:_sl_HandleAsync_Connect)
                  2000d308    00000080                  : cc_pal.obj (.text:spi_Read_CPU)
                  2000d388    00000080                  : cc_pal.obj (.text:spi_Write_CPU)
                  2000d408    0000007a     rtsv7M4_T_le_v4SPD16_eabi.lib : memset_t2.obj (.text)
                  2000d482    00000002     --HOLE-- [fill = 0]
                  2000d484    00000078     simplelink.a : cc_pal.obj (.text:spi_Close)
                  2000d4fc    00000076     driverlib.a : uart.obj (.text:UARTConfigSetExpClk)
                  2000d572    00000002     --HOLE-- [fill = 0]
                  2000d574    00000074     simplelink.a : nonos.obj (.text:_SlNonOsMainLoopTask)
                  2000d5e8    00000070     rtsv7M4_T_le_v4SPD16_eabi.lib : autoinit.obj (.text)
                  2000d658    0000006c     simplelink.a : driver.obj (.text:_SlDrvCmdSend)
                  2000d6c4    0000006c                  : netapp.obj (.text:_sl_NetAppSendTokenValue)
                  2000d730    00000068     rtsv7M4_T_le_v4SPD16_eabi.lib : copy_decompress_lzss.obj (.text:decompress:lzss)
                  2000d798    00000064     simplelink.a : nonos.obj (.text:_SlNonOsSpawn)
                  2000d7fc    00000064                  : socket.obj (.text:_sl_HandleAsync_Accept)
                  2000d860    00000064     rtsv7M4_T_le_v4SPD16_eabi.lib : s_frexp.obj (.text)
                  2000d8c4    00000064     simplelink.a : netapp.obj (.text:sl_NetAppMDNSUnRegisterService)
                  2000d928    00000064     driverlib.a : udma.obj (.text:uDMAChannelAttributeDisable)
                  2000d98c    00000064                 : udma.obj (.text:uDMAChannelAttributeEnable)
                  2000d9f0    00000060     rtsv7M4_T_le_v4SPD16_eabi.lib : sprintf.obj (.text)
                  2000da50    00000060     simplelink.a : socket.obj (.text:sl_Close)
                  2000dab0    00000060                  : wlan.obj (.text:sl_WlanProfileDel)
                  2000db10    00000060                  : wlan.obj (.text:sl_WlanSetMode)
                  2000db70    00000058     driverlib.a : interrupt.obj (.text:IntPendClear)
                  2000dbc8    00000058                 : prcm.obj (.text:PRCMPeripheralReset)
                  2000dc20    00000056     rtsv7M4_T_le_v4SPD16_eabi.lib : ltoa.obj (.text)
                  2000dc76    00000002     --HOLE-- [fill = 0]
                  2000dc78    00000054     driverlib.a : interrupt.obj (.text:IntPrioritySet)
                  2000dccc    00000054     simplelink.a : driver.obj (.text:_SlDrvRxIrqHandler)
                  2000dd20    00000054                  : socket.obj (.text:_sl_HandleAsync_Select)
                  2000dd74    00000054     rtsv7M4_T_le_v4SPD16_eabi.lib : boot.obj (.text)
                  2000ddc8    00000054                                   : exit.obj (.text)
                  2000de1c    00000050     simplelink.a : device.obj (.text:_sl_HandleAsync_Stop)
                  2000de6c    0000004c     driverlib.a : spi.obj (.text:SPIIntEnable)
                  2000deb8    0000004c                 : spi.obj (.text:SPIIntNumberGet)
                  2000df04    0000004c     simplelink.a : driver.obj (.text:_SlDrvProtectAsyncRespSetting)
                  2000df50    0000004c                  : socket.obj (.text:_sl_BuildAddress)
                  2000df9c    0000004c     rtsv7M4_T_le_v4SPD16_eabi.lib : atoi.obj (.text)
                  2000dfe8    0000004c                                   : cpy_tbl.obj (.text)
                  2000e034    0000004c     driverlib.a : udma.obj (.text:uDMAChannelAssign)
                  2000e080    00000048                 : gpio.obj (.text:GPIOGetIntNumber)
                  2000e0c8    00000048                 : spi.obj (.text:SPIIntClear)
                  2000e110    00000048     simplelink.a : driver.obj (.text:_SlDrvBasicCmd)
                  2000e158    00000048     rtsv7M4_T_le_v4SPD16_eabi.lib : fd_toi_t2.obj (.text)
                  2000e1a0    00000044     driverlib.a : spi.obj (.text:SPIDmaMaskGet)
                  2000e1e4    00000044                 : timer.obj (.text:TimerConfigure)
                  2000e228    00000044     simplelink.a : driver.obj (.text:_SlDrvHandleHttpServerEvents)
                  2000e26c    00000044                  : driver.obj (.text:_SlDrvSyncObjWaitTimeout)
                  2000e2b0    00000044                  : cc_pal.obj (.text:cc_SetupTransfer)
                  2000e2f4    00000042                  : socket.obj (.text:sl_Htonl)
                  2000e336    00000002     --HOLE-- [fill = 0]
                  2000e338    00000040     driverlib.a : pin.obj (.text:PinModeSet)
                  2000e378    00000040     simplelink.a : driver.obj (.text:_SlDrvHandleNetAppEvents)
                  2000e3b8    00000040                  : driver.obj (.text:_SlDrvHandleWlanEvents)
                  2000e3f8    00000040                  : socket.obj (.text:_sl_TruncatePayloadByProtocol)
                  2000e438    0000003e                  : cc_pal.obj (.text:NwpRegisterInterruptHandler)
                  2000e476    0000003c                  : netapp.obj (.text:CopyPingResultsToReport)
                  2000e4b2    00000002     --HOLE-- [fill = 0]
                  2000e4b4    0000003c     driverlib.a : prcm.obj (.text:PRCMPeripheralClkEnable)
                  2000e4f0    0000003c     simplelink.a : cc_pal.obj (.text:simplelink_timerA2_start)
                  2000e52c    0000003c                  : socket.obj (.text:sl_Htons)
                  2000e568    0000003c     driverlib.a : udma.obj (.text:uDMAChannelControlSet)
                  2000e5a4    00000038     simplelink.a : cc_pal.obj (.text:NwpPowerOff)
                  2000e5dc    00000038                  : wlan.obj (.text:sl_WlanDisconnect)
                  2000e614    00000036     driverlib.a : gpio.obj (.text:GPIODirModeSet)
                  2000e64a    00000002     --HOLE-- [fill = 0]
                  2000e64c    00000034     simplelink.a : cc_pal.obj (.text:NwpPowerOn)
                  2000e680    00000034     driverlib.a : prcm.obj (.text:PRCMPeripheralStatusGet)
                  2000e6b4    00000034                 : spi.obj (.text:SPIFIFOLevelSet)
                  2000e6e8    00000030                 : pin.obj (.text:PinTypeGPIO)
                  2000e718    00000030                 : uart.obj (.text:UARTDisable)
                  2000e748    0000002e     rtsv7M4_T_le_v4SPD16_eabi.lib : i_tofd_t2.obj (.text)
                  2000e776    00000002     --HOLE-- [fill = 0]
                  2000e778    0000002c     driverlib.a : prcm.obj (.text:PRCMSysResetCauseGet)
                  2000e7a4    0000002c     simplelink.a : driver.obj (.text:_SlDrvObjGlobalLockWaitForever)
                  2000e7d0    0000002c                  : driver.obj (.text:_SlDrvProtectionObjLockWaitForever)
                  2000e7fc    0000002a     driverlib.a : timer.obj (.text:TimerLoadSet)
                  2000e826    0000002a                 : timer.obj (.text:TimerPrescaleSet)
                  2000e850    00000028                 : prcm.obj (.text:PRCMPeripheralClkDisable)
                  2000e878    00000028     simplelink.a : driver.obj (.text:_SlDrvGlobalObjUnLock)
                  2000e8a0    00000028                  : driver.obj (.text:_SlDrvProtectionObjUnLock)
                  2000e8c8    00000028                  : driver.obj (.text:_SlDrvSyncObjWaitForever)
                  2000e8f0    00000026                  : driver.obj (.text:_SlDrvObjLockWaitForever)
                  2000e916    00000026     network_common.obj (.text)
                  2000e93c    00000024     simplelink.a : cc_pal.obj (.text:DmaSpiSwIntHandler)
                  2000e960    00000024     driverlib.a : interrupt.obj (.text:IntUnregister)
                  2000e984    00000024                 : uart.obj (.text:UARTEnable)
                  2000e9a8    00000024     rtsv7M4_T_le_v4SPD16_eabi.lib : memmov.obj (.text)
                  2000e9cc    00000022     driverlib.a : gpio.obj (.text:GPIOIntStatus)
                  2000e9ee    00000022                 : spi.obj (.text:SPIReset)
                  2000ea10    00000022                 : spi.obj (.text:SPIWordCountSet)
                  2000ea32    00000020                 : gpio.obj (.text:GPIOPinWrite)
                  2000ea52    00000002     --HOLE-- [fill = 0]
                  2000ea54    00000020                 : interrupt.obj (.text:IntRegister)
                  2000ea74    00000020     simplelink.a : cc_pal.obj (.text:NwpPrePowerOffTimout0)
                  2000ea94    00000020     driverlib.a : spi.obj (.text:SPIDataGet)
                  2000eab4    00000020     simplelink.a : cc_pal.obj (.text:TimerGetCurrentTimestamp)
                  2000ead4    00000020                  : driver.obj (.text:_SlDrvObjUnLock)
                  2000eaf4    00000020                  : driver.obj (.text:_SlDrvSyncObjSignal)
                  2000eb14    0000001e     driverlib.a : gpio.obj (.text:GPIOIntRegister)
                  2000eb32    0000001e                 : spi.obj (.text:SPIDataPut)
                  2000eb50    0000001e                 : timer.obj (.text:TimerEnable)
                  2000eb6e    0000001e                 : uart.obj (.text:UARTCharPut)
                  2000eb8c    0000001e     simplelink.a : cc_pal.obj (.text:cc_UDMAChannelSelect)
                  2000ebaa    0000001e     rtsv7M4_T_le_v4SPD16_eabi.lib : strcat.obj (.text)
                  2000ebc8    0000001c     driverlib.a : systick.obj (.text:SysTickIntRegister)
                  2000ebe4    0000001c                 : timer.obj (.text:TimerValueGet)
                  2000ec00    0000001c                 : uart.obj (.text:UARTCharGetNonBlocking)
                  2000ec1c    0000001c     simplelink.a : driver.obj (.text:_SlDrvStartMeasureTimeout)
                  2000ec38    0000001c     rtsv7M4_T_le_v4SPD16_eabi.lib : memccpy.obj (.text)
                  2000ec54    0000001c     driverlib.a : udma.obj (.text:uDMAChannelEnable)
                  2000ec70    0000001a                 : gpio.obj (.text:GPIOIntEnable)
                  2000ec8a    0000001a                 : pin.obj (.text:PinTypeSPI)
                  2000eca4    0000001a                 : pin.obj (.text:PinTypeUART)
                  2000ecbe    0000001a                 : spi.obj (.text:SPIDmaDisable)
                  2000ecd8    0000001a                 : spi.obj (.text:SPIDmaEnable)
                  2000ecf2    0000001a                 : spi.obj (.text:SPIFIFODisable)
                  2000ed0c    0000001a                 : spi.obj (.text:SPIFIFOEnable)
                  2000ed26    0000001a                 : spi.obj (.text:SPIIntUnregister)
                  2000ed40    00000018                 : gpio.obj (.text:GPIOPinRead)
                  2000ed58    00000018                 : spi.obj (.text:SPICSDisable)
                  2000ed70    00000018                 : spi.obj (.text:SPICSEnable)
                  2000ed88    00000018                 : spi.obj (.text:SPIDisable)
                  2000eda0    00000018                 : spi.obj (.text:SPIEnable)
                  2000edb8    00000018                 : systick.obj (.text:SysTickPeriodSet)
                  2000edd0    00000018                 : uart.obj (.text:UARTCharsAvail)
                  2000ede8    00000018     simplelink.a : nonos.obj (.text:_SlNonOsSemSet)
                  2000ee00    00000018                  : device.obj (.text:_sl_GetStartResponseConvert)
                  2000ee18    00000018     rtsv7M4_T_le_v4SPD16_eabi.lib : args_main.obj (.text)
                  2000ee30    00000018                                   : ll_mul_t2.obj (.text)
                  2000ee48    00000016     driverlib.a : prcm.obj (.text:PRCMHIBRegRead)
                  2000ee5e    00000016                 : prcm.obj (.text:PRCMHIBRegWrite)
                  2000ee74    00000016     simplelink.a : driver.obj (.text:_SlDrvMemZero)
                  2000ee8a    00000016     rtsv7M4_T_le_v4SPD16_eabi.lib : strchr.obj (.text)
                  2000eea0    00000014     driverlib.a : cpu.obj (.text:CPUcpsie)
                  2000eeb4    00000014                 : gpio.obj (.text:GPIOIntClear)
                  2000eec8    00000014                 : interrupt.obj (.text:IntVTableBaseSet)
                  2000eedc    00000014     rtsv7M4_T_le_v4SPD16_eabi.lib : _lock.obj (.text)
                  2000eef0    00000014                                   : s_copysign.obj (.text)
                  2000ef04    00000014                                   : strcpy.obj (.text)
                  2000ef18    00000014                                   : strlen.obj (.text)
                  2000ef2c    00000010     driverlib.a : systick.obj (.text:SysTickEnable)
                  2000ef3c    00000010                 : systick.obj (.text:SysTickIntEnable)
                  2000ef4c    00000010     simplelink.a : driver.obj (.text:_SlDrvDispatchHttpServerEvents)
                  2000ef5c    0000000e                  : driver.obj (.text:_SlDrvResetCmdExt)
                  2000ef6a    0000000e     rtsv7M4_T_le_v4SPD16_eabi.lib : copy_decompress_none.obj (.text:decompress:none)
                  2000ef78    0000000e     startup_ccs.obj (.text)
                  2000ef86    00000002     --HOLE-- [fill = 0]
                  2000ef88    0000000c     simplelink.a : cc_pal.obj (.text:NwpMaskInterrupt)
                  2000ef94    0000000c                  : cc_pal.obj (.text:NwpUnMaskInterrupt)
                  2000efa0    0000000c     driverlib.a : systick.obj (.text:SysTickValueGet)
                  2000efac    0000000c     rtsv7M4_T_le_v4SPD16_eabi.lib : copy_zero_init.obj (.text:decompress:ZI)
                  2000efb8    0000000a     driverlib.a : interrupt.obj (.text:IntMasterEnable)
                  2000efc2    00000006                 : utils.obj (.text:UtilsDelay)
                  2000efc8    00000004     rtsv7M4_T_le_v4SPD16_eabi.lib : pre_init.obj (.text)

.const     0    2000efcc    00000b0c     
                  2000efcc    000004fb     Adafruit_GFX.obj (.const:.string:font)
                  2000f4c7    00000101     rtsv7M4_T_le_v4SPD16_eabi.lib : ctype.obj (.const:.string:_ctypes_)
                  2000f5c8    00000100     driverlib.a : pin.obj (.const:g_ulPinToPadMap)
                  2000f6c8    000000d4                 : interrupt.obj (.const:g_pulRegs)
                  2000f79c    000000a8                 : prcm.obj (.const:PRCM_PeriphRegsList)
                  2000f844    0000003c     simplelink.a : driver.obj (.const:OpcodeTranslateTable)
                  2000f880    00000038                  : driver.obj (.const:_SlActionLookupTable)
                  2000f8b8    00000030     main.obj (.const:.string)
                  2000f8e8    0000002c     main.obj (.const:$P$T1$2)
                  2000f914    00000024     driverlib.a : spi.obj (.const:g_ppulSPIIntMap)
                  2000f938    00000022     main.obj (.const:.string:$P$T0$1)
                  2000f95a    00000002     --HOLE-- [fill = 0]
                  2000f95c    00000020     simplelink.a : driver.obj (.const:RxMsgClassLUT)
                  2000f97c    00000018     driverlib.a : interrupt.obj (.const:g_pulDisRegs)
                  2000f994    00000018                 : interrupt.obj (.const:g_pulEnRegs)
                  2000f9ac    00000018                 : interrupt.obj (.const:g_pulUnpendRegs)
                  2000f9c4    00000018                 : spi.obj (.const:g_ulSPIDmaMaskMap)
                  2000f9dc    00000015     main.obj (.const:.string:$P$T6$7)
                  2000f9f1    00000003     --HOLE-- [fill = 0]
                  2000f9f4    00000014     simplelink.a : driver.obj (.const:$P$T0$1)
                  2000fa08    00000014                  : nonos.obj (.const:$P$T0$1)
                  2000fa1c    00000014     main.obj (.const:$P$T2$3)
                  2000fa30    00000010     simplelink.a : socket.obj (.const:.string:_SlPayloadByProtocolLUT)
                  2000fa40    0000000c     main.obj (.const:$P$T4$5)
                  2000fa4c    0000000c     main.obj (.const:.string:$P$T3$4)
                  2000fa58    00000009     main.obj (.const:.string:$P$T5$6)
                  2000fa61    00000008     simplelink.a : device.obj (.const:StartResponseLUT)
                  2000fa69    00000003     --HOLE-- [fill = 0]
                  2000fa6c    00000008                  : driver.obj (.const:g_H2NCnysPattern)
                  2000fa74    00000008                  : driver.obj (.const:g_H2NSyncPattern)
                  2000fa7c    00000005     main.obj (.const:.string:$P$T7$8)
                  2000fa81    00000001     --HOLE-- [fill = 0]
                  2000fa82    00000004     simplelink.a : wlan.obj (.const:$P$T0$1)
                  2000fa86    00000004                  : socket.obj (.const:$P$T2$3)
                  2000fa8a    00000004                  : device.obj (.const:_SlDeviceGetCmdCtrl)
                  2000fa8e    00000004                  : device.obj (.const:_SlDeviceSetCmdCtrl)
                  2000fa92    00000004                  : netapp.obj (.const:_SlGetHostByNameCtrl)
                  2000fa96    00000004                  : netapp.obj (.const:_SlNetAppSendTokenValueCmdCtrl)
                  2000fa9a    00000004                  : netcfg.obj (.const:_SlNetCfgSetCmdCtrl)
                  2000fa9e    00000004                  : wlan.obj (.const:_SlPolicySetCmdCtrl)
                  2000faa2    00000004                  : wlan.obj (.const:_SlProfileDelCmdCtrl)
                  2000faa6    00000004                  : socket.obj (.const:_SlRecvCmdCtrl)
                  2000faaa    00000004                  : netapp.obj (.const:_SlRegisterServiceCtrl)
                  2000faae    00000004                  : wlan.obj (.const:_SlRxFilterSetCmdCtrl)
                  2000fab2    00000004                  : socket.obj (.const:_SlSendCmdCtrl)
                  2000fab6    00000004                  : socket.obj (.const:_SlSetSockOptCmdCtrl)
                  2000faba    00000004                  : socket.obj (.const:_SlSockCloseCmdCtrl)
                  2000fabe    00000004                  : socket.obj (.const:_SlSockSocketCmdCtrl)
                  2000fac2    00000004                  : device.obj (.const:_SlStopCmdCtrl)
                  2000fac6    00000004                  : wlan.obj (.const:_SlWlanCfgSetCmdCtrl)
                  2000faca    00000004                  : wlan.obj (.const:_SlWlanSetModeCmdCtrl)
                  2000face    00000002     --HOLE-- [fill = 0]
                  2000fad0    00000004                  : driver.obj (.const:httpServer_callbacks)
                  2000fad4    00000004                  : driver.obj (.const:netApp_callbacks)

.cinit     0    2000fad8    00000090     
                  2000fad8    00000068     (.cinit..data.load) [load image, compression = lzss]
                  2000fb40    0000000c     (__TI_handler_table)
                  2000fb4c    00000004     --HOLE-- [fill = 0]
                  2000fb50    00000008     (.cinit..bss.load) [load image, compression = zero_init]
                  2000fb58    00000010     (__TI_cinit_table)

.sysmem    0    20017000    00008000     UNINITIALIZED
                  20017000    00000008     rtsv7M4_T_le_v4SPD16_eabi.lib : memory.obj (.sysmem)
                  20017008    00007ff8     --HOLE--

.bss       0    2001f000    0000076a     UNINITIALIZED
                  2001f000    00000400     (.common:cbuffer)
                  2001f400    00000168     simplelink.a : driver.obj (.bss:g_StatMem)
                  2001f568    00000100     (.common:emailMessage)
                  2001f668    00000050     (.common:g_ucDinDout)
                  2001f6b8    00000040     (.common:buffer)
                  2001f6f8    0000002c     (.common:g_time)
                  2001f724    00000024     (.common:g_ucConnectionSSID)
                  2001f748    00000008     (.common:g_ucConnectionBSSID)
                  2001f750    00000004     uart_if.obj (.bss)
                  2001f754    00000004     (.common:SW_intflag)
                  2001f758    00000004     (.common:currButton)
                  2001f75c    00000004     (.common:prevButton)
                  2001f760    00000004     (.common:prevData)
                  2001f764    00000001     (.common:RxIrqCnt)
                  2001f765    00000001     (.common:g_bDeviceRestartIsRequired)
                  2001f766    00000001     (.common:g_cDummy)
                  2001f767    00000001     (.common:g_ucLED1Pin)
                  2001f768    00000001     (.common:g_ucLED2Pin)
                  2001f769    00000001     (.common:g_ucLED3Pin)

.data      0    2001f76c    00000110     UNINITIALIZED
                  2001f76c    0000004c     main.obj (.data)
                  2001f7b8    0000003c     simplelink.a : nonos.obj (.data:g__SlNonOsCB)
                  2001f7f4    00000015     Adafruit_GFX.obj (.data)
                  2001f809    00000003     --HOLE--
                  2001f80c    00000014     gpio_if.obj (.data:ulReg)
                  2001f820    0000000d     simplelink.a : driver.obj (.data)
                  2001f82d    00000003     --HOLE--
                  2001f830    0000000c     rtsv7M4_T_le_v4SPD16_eabi.lib : exit.obj (.data:$O1$$)
                  2001f83c    0000000c                                   : memory.obj (.data:$O1$$)
                  2001f848    0000000c     gpio_if.obj (.data)
                  2001f854    00000009     simplelink.a : cc_pal.obj (.data)
                  2001f85d    00000003     --HOLE--
                  2001f860    00000008     rtsv7M4_T_le_v4SPD16_eabi.lib : _lock.obj (.data:$O1$$)
                  2001f868    00000008     main.obj (.data:button)
                  2001f870    00000004     rtsv7M4_T_le_v4SPD16_eabi.lib : errno.obj (.data)
                  2001f874    00000004                                   : stkdepth_vars.obj (.data)
                  2001f878    00000004     simplelink.a : driver.obj (.data:wlan_callbacks)

.stack     0    2002f000    00001000     UNINITIALIZED
                  2002f000    00001000     --HOLE--

MODULE SUMMARY

       Module                     code    ro data   rw data
       ------                     ----    -------   -------
    .\
       main.obj                   8468    205       1532   
       Adafruit_GFX.obj           2688    1275      21     
       Adafruit_OLED.obj          1198    0         0      
       startup_ccs.obj            14      1024      0      
       gpio_if.obj                920     0         35     
       uart_if.obj                640     0         4      
       pin_mux_config.obj         308     0         0      
       network_common.obj         38      0         0      
    +--+--------------------------+-------+---------+---------+
       Total:                     14274   2504      1592   
                                                           
    C:/ti/CC3200SDK_1.5.0/cc3200-sdk/driverlib/ccs/Release/driverlib.a
       prcm.obj                   852     168       0      
       spi.obj                    860     60        0      
       interrupt.obj              608     284       0      
       udma.obj                   604     0         0      
       pin.obj                    300     256       0      
       gpio.obj                   422     0         0      
       uart.obj                   284     0         0      
       timer.obj                  210     0         0      
       systick.obj                96      0         0      
       cpu.obj                    20      0         0      
       utils.obj                  6       0         0      
    +--+--------------------------+-------+---------+---------+
       Total:                     4262    768       0      
                                                           
    C:/ti/CC3200SDK_1.5.0/cc3200-sdk/simplelink/ccs/NON_OS_debug/simplelink.a
       driver.obj                 7906    192       379    
       cc_pal.obj                 1960    0         90     
       socket.obj                 1830    40        0      
       netapp.obj                 1572    12        0      
       wlan.obj                   1316    24        0      
       device.obj                 1234    20        0      
       nonos.obj                  416     20        60     
       netcfg.obj                 152     4         0      
    +--+--------------------------+-------+---------+---------+
       Total:                     16386   312       529    
                                                           
    C:\ti\ccsv7\tools\compiler\ti-cgt-arm_16.9.0.LTS\lib\rtsv7M4_T_le_v4SPD16_eabi.lib
       _printfi.obj               4410    0         0      
       memory.obj                 976     0         12     
       ull_div_t2.obj             500     0         0      
       fd_add_t2.obj              438     0         0      
       fd_div_t2.obj              310     0         0      
       fd_cmp_t2.obj              268     0         0      
       ctype.obj                  0       257       0      
       fd_mul_t2.obj              252     0         0      
       s_scalbn.obj               252     0         0      
       memcpy_t2.obj              156     0         0      
       vsnprintf.obj              136     0         0      
       memset_t2.obj              122     0         0      
       autoinit.obj               112     0         0      
       copy_decompress_lzss.obj   104     0         0      
       s_frexp.obj                100     0         0      
       exit.obj                   84      0         12     
       sprintf.obj                96      0         0      
       ltoa.obj                   86      0         0      
       boot.obj                   84      0         0      
       atoi.obj                   76      0         0      
       cpy_tbl.obj                76      0         0      
       fd_toi_t2.obj              72      0         0      
       i_tofd_t2.obj              46      0         0      
       memmov.obj                 36      0         0      
       strcat.obj                 30      0         0      
       _lock.obj                  20      0         8      
       memccpy.obj                28      0         0      
       args_main.obj              24      0         0      
       ll_mul_t2.obj              24      0         0      
       strchr.obj                 22      0         0      
       s_copysign.obj             20      0         0      
       strcpy.obj                 20      0         0      
       strlen.obj                 20      0         0      
       copy_decompress_none.obj   14      0         0      
       copy_zero_init.obj         12      0         0      
       errno.obj                  0       0         4      
       pre_init.obj               4       0         0      
       stkdepth_vars.obj          0       0         4      
       mpu_init.obj               2       0         0      
       startup.obj                2       0         0      
    +--+--------------------------+-------+---------+---------+
       Total:                     9034    257       40     
                                                           
       Heap:                      0       0         32768  
       Stack:                     0       0         4096   
       Linker Generated:          0       140       0      
    +--+--------------------------+-------+---------+---------+
       Grand Total:               43956   3981      39025  


LINKER GENERATED COPY TABLES

__TI_cinit_table @ 2000fb58 records: 2, size/record: 8, table size: 16
	.data: load addr=2000fad8, load size=00000068 bytes, run addr=2001f76c, run size=00000110 bytes, compression=lzss
	.bss: load addr=2000fb50, load size=00000008 bytes, run addr=2001f000, run size=0000076a bytes, compression=zero_init


LINKER GENERATED HANDLER TABLE

__TI_handler_table @ 2000fb40 records: 3, size/record: 4, table size: 12
	index: 0, handler: __TI_decompress_lzss
	index: 1, handler: __TI_decompress_none
	index: 2, handler: __TI_zero_init


GLOBAL SYMBOLS: SORTED ALPHABETICALLY BY Name 

address   name                                  
-------   ----                                  
200086f1  Adafruit_Init                         
2000ddc9  C$$EXIT                               
2000eea1  CPUcpsie                              
20009539  ClearTerm                             
20008867  Color565                              
20004aa1  DisplayButtonPressed                  
2000440f  DisplayColor                          
200046f5  DisplayNextLetter                     
2000e93d  DmaSpiSwIntHandler                    
2001f798  EnterMessage                          
20009543  Error                                 
2000e615  GPIODirModeSet                        
2000eeb5  GPIOIntClear                          
2000ec71  GPIOIntEnable                         
2000eb15  GPIOIntRegister                       
2000e9cd  GPIOIntStatus                         
2000d205  GPIOIntTypeSet                        
2000ed41  GPIOPinRead                           
2000ea33  GPIOPinWrite                          
200091a1  GPIO_IF_ConfigureNIntEnable           
2000922d  GPIO_IF_Get                           
2000915b  GPIO_IF_GetPortNPin                   
20008f1d  GPIO_IF_LedConfigure                  
2000900f  GPIO_IF_LedOff                        
20008f5b  GPIO_IF_LedOn                         
200090c3  GPIO_IF_LedStatus                     
2000912d  GPIO_IF_LedToggle                     
200091e9  GPIO_IF_Set                           
2000957b  GetCmd                                
200094f9  InitTerm                              
2000c27d  IntDisable                            
2000c325  IntEnable                             
2000efb9  IntMasterEnable                       
2000db71  IntPendClear                          
2000dc79  IntPrioritySet                        
2000ea55  IntRegister                           
2000e961  IntUnregister                         
2000eec9  IntVTableBaseSet                      
20009517  Message                               
2000ef89  NwpMaskInterrupt                      
2000e5a5  NwpPowerOff                           
2000e64d  NwpPowerOn                            
2000d0fd  NwpPowerOnPreamble                    
2000ea75  NwpPrePowerOffTimout0                 
2000e439  NwpRegisterInterruptHandler           
2000ef95  NwpUnMaskInterrupt                    
2001f7b4  OLEDColor                             
2000f844  OpcodeTranslateTable                  
20007ffb  Outstr                                
2000a78d  PRCMCC3200MCUInit                     
2000ee49  PRCMHIBRegRead                        
2000ee5f  PRCMHIBRegWrite                       
2000e851  PRCMPeripheralClkDisable              
2000e4b5  PRCMPeripheralClkEnable               
2000c9e1  PRCMPeripheralClockGet                
2000dbc9  PRCMPeripheralReset                   
2000e681  PRCMPeripheralStatusGet               
2000e779  PRCMSysResetCauseGet                  
2000cee1  PinConfigSet                          
2000e339  PinModeSet                            
2000b0cd  PinMuxConfig                          
2000e6e9  PinTypeGPIO                           
2000ec8b  PinTypeSPI                            
2000eca5  PinTypeUART                           
200096b9  Report                                
2000ef79  ResetISR                              
2001f764  RxIrqCnt                              
UNDEFED   SHT$$INIT_ARRAY$$Base                 
UNDEFED   SHT$$INIT_ARRAY$$Limit                
2000ed59  SPICSDisable                          
2000ed71  SPICSEnable                           
2000c471  SPIConfigSetExpClk                    
2000ea95  SPIDataGet                            
2000eb33  SPIDataPut                            
2000ed89  SPIDisable                            
2000ecbf  SPIDmaDisable                         
2000ecd9  SPIDmaEnable                          
2000eda1  SPIEnable                             
2000ecf3  SPIFIFODisable                        
2000ed0d  SPIFIFOEnable                         
2000e6b5  SPIFIFOLevelSet                       
2000e0c9  SPIIntClear                           
2000de6d  SPIIntEnable                          
2000ed27  SPIIntUnregister                      
2000e9ef  SPIReset                              
2000ea11  SPIWordCountSet                       
2001f780  SW_intcount                           
2001f754  SW_intflag                            
20004e95  SimpleLinkGeneralEventHandler         
20004e89  SimpleLinkHttpServerCallback          
20004ded  SimpleLinkNetAppEventHandler          
20004f21  SimpleLinkSockEventHandler            
20004bad  SimpleLinkWlanEventHandler            
2000ef2d  SysTickEnable                         
2000ef3d  SysTickIntEnable                      
2000ebc9  SysTickIntRegister                    
2000edb9  SysTickPeriodSet                      
2000efa1  SysTickValueGet                       
2000e1e5  TimerConfigure                        
2000eb51  TimerEnable                           
2000eab5  TimerGetCurrentTimestamp              
2000e7fd  TimerLoadSet                          
2000e827  TimerPrescaleSet                      
2000ebe5  TimerValueGet                         
20009621  TrimSpace                             
2000ec01  UARTCharGetNonBlocking                
2000eb6f  UARTCharPut                           
2000edd1  UARTCharsAvail                        
2000d4fd  UARTConfigSetExpClk                   
2000e719  UARTDisable                           
2000e985  UARTEnable                            
2000efc3  UtilsDelay                            
2000f880  _SlActionLookupTable                  
2000c3cd  _SlDriverHandleError                  
2000e111  _SlDrvBasicCmd                        
2000c10d  _SlDrvCmdOp                           
2000d659  _SlDrvCmdSend                         
20009bb5  _SlDrvDataReadOp                      
2000aa75  _SlDrvDataWriteOp                     
2000c64d  _SlDrvDeviceEventHandler              
2000ef4d  _SlDrvDispatchHttpServerEvents        
2000b335  _SlDrvDriverCBDeinit                  
2000a121  _SlDrvDriverCBInit                    
2000e879  _SlDrvGlobalObjUnLock                 
2000e229  _SlDrvHandleHttpServerEvents          
2000e379  _SlDrvHandleNetAppEvents              
2000e3b9  _SlDrvHandleWlanEvents                
2000cd3d  _SlDrvIsTimeoutExpired                
2000ee75  _SlDrvMemZero                         
2000bc09  _SlDrvMsgReadSpawnCtx                 
2000b465  _SlDrvNetAppEventHandler              
2000e8f1  _SlDrvObjLockWaitForever              
2000ead5  _SlDrvObjUnLock                       
2000df05  _SlDrvProtectAsyncRespSetting         
2000e7d1  _SlDrvProtectionObjLockWaitForever    
2000e8a1  _SlDrvProtectionObjUnLock             
20009d99  _SlDrvReleasePoolObj                  
2000ef5d  _SlDrvResetCmdExt                     
2000dccd  _SlDrvRxIrqHandler                    
2000ec1d  _SlDrvStartMeasureTimeout             
2000eaf5  _SlDrvSyncObjSignal                   
2000e8c9  _SlDrvSyncObjWaitForever              
2000e26d  _SlDrvSyncObjWaitTimeout              
2000a471  _SlDrvWaitForPoolObj                  
2000fa96  _SlNetAppSendTokenValueCmdCtrl        
2000d575  _SlNonOsMainLoopTask                  
2000c1cd  _SlNonOsSemGet                        
2000ede9  _SlNonOsSemSet                        
2000d799  _SlNonOsSpawn                         
20030000  __STACK_END                           
00001000  __STACK_SIZE                          
00008000  __SYSMEM_SIZE                         
2000fb58  __TI_CINIT_Base                       
2000fb68  __TI_CINIT_Limit                      
2000fb40  __TI_Handler_Table_Base               
2000fb4c  __TI_Handler_Table_Limit              
2000d5e9  __TI_auto_init                        
2001f830  __TI_cleanup_ptr                      
2000d731  __TI_decompress_lzss                  
2000ef6b  __TI_decompress_none                  
2001f834  __TI_dtors_ptr                        
2001f838  __TI_enable_exit_profile_output       
ffffffff  __TI_pprof_out_hndl                   
20006d55  __TI_printfi                          
ffffffff  __TI_prof_data_size                   
ffffffff  __TI_prof_data_start                  
2000fad8  __TI_static_base__                    
2000efad  __TI_zero_init                        
2000cff1  __aeabi_cdcmpeq                       
2000cff1  __aeabi_cdcmple                       
2000d077  __aeabi_cdrcmple                      
2000e159  __aeabi_d2iz                          
20009f73  __aeabi_dadd                          
2000af95  __aeabi_ddiv                          
2000b569  __aeabi_dmul                          
20009f69  __aeabi_dsub                          
2000e749  __aeabi_i2d                           
2000ee31  __aeabi_lmul                          
2000d409  __aeabi_memclr                        
2000d409  __aeabi_memclr4                       
2000d409  __aeabi_memclr8                       
2000c5b1  __aeabi_memcpy                        
2000c5b1  __aeabi_memcpy4                       
2000c5b1  __aeabi_memcpy8                       
2000d40b  __aeabi_memset                        
2000d40b  __aeabi_memset4                       
2000d40b  __aeabi_memset8                       
200099c1  __aeabi_uldivmod                      
ffffffff  __binit__                             
ffffffff  __c_args__                            
20008b0f  __mpu_init                            
2002f000  __stack                               
2000ee19  _args_main                            
2000dd75  _c_int00                              
2000f4c7  _ctypes_                              
2001f860  _lock                                 
2000eeeb  _nop                                  
2000eee3  _register_lock                        
2000eedd  _register_unlock                      
2000d7fd  _sl_HandleAsync_Accept                
2000d289  _sl_HandleAsync_Connect               
2000ca75  _sl_HandleAsync_DnsGetHostByName      
2000beb1  _sl_HandleAsync_DnsGetHostByService   
2000cdc9  _sl_HandleAsync_InitComplete          
2000cb05  _sl_HandleAsync_PingResponse          
2000dd21  _sl_HandleAsync_Select                
2000de1d  _sl_HandleAsync_Stop                  
2000d6c5  _sl_NetAppSendTokenValue              
20017000  _sys_memory                           
2000a11f  _system_post_cinit                    
2000efc9  _system_pre_init                      
2001f864  _unlock                               
2000ddcd  abort                                 
2000df9d  atoi                                  
ffffffff  binit                                 
2001f790  bufIndex                              
2001f6b8  buffer                                
2001f7a8  cBufIndex                             
20008eb1  calloc                                
2001f000  cbuffer                               
20005da1  clearLastChar                         
20005dd1  clearMessage                          
2001f7a4  color                                 
2000dfe9  copy_in                               
2000eef1  copysign                              
2000eef1  copysignl                             
2001f758  currButton                            
2001f7f4  cursor_x                              
2001f7f8  cursor_y                              
2001f7ac  cx                                    
2001f7b0  cy                                    
2001f79c  data                                  
20007eaf  drawChar                              
20007651  drawCircle                            
20007785  drawCircleHelper                      
20008a19  drawFastHLine                         
2000897d  drawFastVLine                         
200079cb  drawLine                              
20008ab5  drawPixel                             
20007ab7  drawRect                              
20007b05  drawRoundRect                         
20007c6d  drawTriangle                          
2001f568  emailMessage                          
2001f870  errno                                 
2000ddd5  exit                                  
200078a3  fillCircle                            
200078dd  fillCircleHelper                      
200088bf  fillRect                              
20007bf3  fillRoundRect                         
200088a9  fillScreen                            
20007caf  fillTriangle                          
200044c5  firstLetter                           
2001f784  first_edge                            
20008bfb  free                                  
2000d861  frexp                                 
2000d861  frexpl                                
2001f778  g_Host                                
2001f820  g_SlDeviceStatus                      
2001f854  g_SpiFd                               
2001f7b8  g__SlNonOsCB                          
2001f765  g_bDeviceRestartIsRequired            
2001f766  g_cDummy                              
2001f824  g_pCB                                 
2001f858  g_pHostIntHdl                         
20004000  g_pfnVectors                          
2001f6f8  g_time                                
2001f748  g_ucConnectionBSSID                   
2001f724  g_ucConnectionSSID                    
2001f85c  g_ucDMAEnabled                        
2001f668  g_ucDinDout                           
2001f767  g_ucLED1Pin                           
2001f768  g_ucLED2Pin                           
2001f769  g_ucLED3Pin                           
2001f848  g_uiLED1Port                          
2001f84c  g_uiLED2Port                          
2001f850  g_uiLED3Port                          
2001f774  g_ulGatewayIP                         
2001f770  g_ulPingPacketsRecv                   
2001f76c  g_ulStatus                            
20008823  goTo                                  
200080af  height                                
20008af3  invert                                
2000b665  ldexp                                 
2000b665  ldexpl                                
2000dc21  ltoa                                  
20005e6d  main                                  
2001f874  main_func_sp                          
20008b91  malloc                                
20008dc5  memalign                              
2000ec39  memccpy                               
2000c5b1  memcpy                                
2000e9a9  memmove                               
2000d411  memset                                
20008b11  minit                                 
2001f828  pPingCallBackFunc                     
2001f75c  prevButton                            
2001f760  prevData                              
2001f78c  prevLetter                            
20005875  printErrConvenience                   
20008cbd  realloc                               
2001f794  sameButton                            
2000b665  scalbn                                
2000b665  scalbnl                               
20008047  setCursor                             
2000807f  setTextColor                          
2000805f  setTextSize                           
20008097  setTextWrap                           
2000e4f1  simplelink_timerA2_start              
2000da51  sl_Close                              
2000a601  sl_Connect                            
2000bf7d  sl_DevGet                             
2000c6e9  sl_DevSet                             
2000e2f5  sl_Htonl                              
2000e52d  sl_Htons                              
2000ae51  sl_NetAppDnsGetHostByName             
2000bcf1  sl_NetAppMDNSRegisterUnregisterService
2000d8c5  sl_NetAppMDNSUnRegisterService        
2000c781  sl_NetCfgSet                          
2000e917  sl_Provisioning_HttpServerEventHdl    
2000e925  sl_Provisioning_NetAppEventHdl        
2000e931  sl_Provisioning_WlanEventHdl          
2000c511  sl_Recv                               
2000b201  sl_Send                               
2000c819  sl_SetSockOpt                         
2000ce55  sl_Socket                             
2000b761  sl_Start                              
2000b851  sl_Stop                               
20009279  sl_WlanConnect                        
2000e5dd  sl_WlanDisconnect                     
2000cb95  sl_WlanPolicySet                      
2000dab1  sl_WlanProfileDel                     
2000d181  sl_WlanRxFilterSet                    
2000c8b1  sl_WlanSet                            
2000db11  sl_WlanSetMode                        
2000d485  spi_Close                             
2000abc5  spi_Open                              
2000b941  spi_Read                              
2000c949  spi_Write                             
2000d9f1  sprintf                               
2001f788  start                                 
2000ebab  strcat                                
2000ee8b  strchr                                
2000ef05  strcpy                                
2000ef19  strlen                                
2001f77c  systick_cnt                           
2001f804  textbgcolor                           
2001f800  textcolor                             
2001f7fc  textsize                              
2001f7a0  track                                 
2000e035  uDMAChannelAssign                     
2000d929  uDMAChannelAttributeDisable           
2000d98d  uDMAChannelAttributeEnable            
2000e569  uDMAChannelControlSet                 
2000ec55  uDMAChannelEnable                     
2000ba31  uDMAChannelTransferSet                
20005d2d  updateEmailMessage                    
2000cf69  vsnprintf                             
200080ab  width                                 
2001f808  wrap                                  
20008661  writeCommand                          
200086a9  writeData                             


GLOBAL SYMBOLS: SORTED BY Symbol Address 

address   name                                  
-------   ----                                  
00001000  __STACK_SIZE                          
00008000  __SYSMEM_SIZE                         
20004000  g_pfnVectors                          
2000440f  DisplayColor                          
200044c5  firstLetter                           
200046f5  DisplayNextLetter                     
20004aa1  DisplayButtonPressed                  
20004bad  SimpleLinkWlanEventHandler            
20004ded  SimpleLinkNetAppEventHandler          
20004e89  SimpleLinkHttpServerCallback          
20004e95  SimpleLinkGeneralEventHandler         
20004f21  SimpleLinkSockEventHandler            
20005875  printErrConvenience                   
20005d2d  updateEmailMessage                    
20005da1  clearLastChar                         
20005dd1  clearMessage                          
20005e6d  main                                  
20006d55  __TI_printfi                          
20007651  drawCircle                            
20007785  drawCircleHelper                      
200078a3  fillCircle                            
200078dd  fillCircleHelper                      
200079cb  drawLine                              
20007ab7  drawRect                              
20007b05  drawRoundRect                         
20007bf3  fillRoundRect                         
20007c6d  drawTriangle                          
20007caf  fillTriangle                          
20007eaf  drawChar                              
20007ffb  Outstr                                
20008047  setCursor                             
2000805f  setTextSize                           
2000807f  setTextColor                          
20008097  setTextWrap                           
200080ab  width                                 
200080af  height                                
20008661  writeCommand                          
200086a9  writeData                             
200086f1  Adafruit_Init                         
20008823  goTo                                  
20008867  Color565                              
200088a9  fillScreen                            
200088bf  fillRect                              
2000897d  drawFastVLine                         
20008a19  drawFastHLine                         
20008ab5  drawPixel                             
20008af3  invert                                
20008b0f  __mpu_init                            
20008b11  minit                                 
20008b91  malloc                                
20008bfb  free                                  
20008cbd  realloc                               
20008dc5  memalign                              
20008eb1  calloc                                
20008f1d  GPIO_IF_LedConfigure                  
20008f5b  GPIO_IF_LedOn                         
2000900f  GPIO_IF_LedOff                        
200090c3  GPIO_IF_LedStatus                     
2000912d  GPIO_IF_LedToggle                     
2000915b  GPIO_IF_GetPortNPin                   
200091a1  GPIO_IF_ConfigureNIntEnable           
200091e9  GPIO_IF_Set                           
2000922d  GPIO_IF_Get                           
20009279  sl_WlanConnect                        
200094f9  InitTerm                              
20009517  Message                               
20009539  ClearTerm                             
20009543  Error                                 
2000957b  GetCmd                                
20009621  TrimSpace                             
200096b9  Report                                
200099c1  __aeabi_uldivmod                      
20009bb5  _SlDrvDataReadOp                      
20009d99  _SlDrvReleasePoolObj                  
20009f69  __aeabi_dsub                          
20009f73  __aeabi_dadd                          
2000a11f  _system_post_cinit                    
2000a121  _SlDrvDriverCBInit                    
2000a471  _SlDrvWaitForPoolObj                  
2000a601  sl_Connect                            
2000a78d  PRCMCC3200MCUInit                     
2000aa75  _SlDrvDataWriteOp                     
2000abc5  spi_Open                              
2000ae51  sl_NetAppDnsGetHostByName             
2000af95  __aeabi_ddiv                          
2000b0cd  PinMuxConfig                          
2000b201  sl_Send                               
2000b335  _SlDrvDriverCBDeinit                  
2000b465  _SlDrvNetAppEventHandler              
2000b569  __aeabi_dmul                          
2000b665  ldexp                                 
2000b665  ldexpl                                
2000b665  scalbn                                
2000b665  scalbnl                               
2000b761  sl_Start                              
2000b851  sl_Stop                               
2000b941  spi_Read                              
2000ba31  uDMAChannelTransferSet                
2000bc09  _SlDrvMsgReadSpawnCtx                 
2000bcf1  sl_NetAppMDNSRegisterUnregisterService
2000beb1  _sl_HandleAsync_DnsGetHostByService   
2000bf7d  sl_DevGet                             
2000c10d  _SlDrvCmdOp                           
2000c1cd  _SlNonOsSemGet                        
2000c27d  IntDisable                            
2000c325  IntEnable                             
2000c3cd  _SlDriverHandleError                  
2000c471  SPIConfigSetExpClk                    
2000c511  sl_Recv                               
2000c5b1  __aeabi_memcpy                        
2000c5b1  __aeabi_memcpy4                       
2000c5b1  __aeabi_memcpy8                       
2000c5b1  memcpy                                
2000c64d  _SlDrvDeviceEventHandler              
2000c6e9  sl_DevSet                             
2000c781  sl_NetCfgSet                          
2000c819  sl_SetSockOpt                         
2000c8b1  sl_WlanSet                            
2000c949  spi_Write                             
2000c9e1  PRCMPeripheralClockGet                
2000ca75  _sl_HandleAsync_DnsGetHostByName      
2000cb05  _sl_HandleAsync_PingResponse          
2000cb95  sl_WlanPolicySet                      
2000cd3d  _SlDrvIsTimeoutExpired                
2000cdc9  _sl_HandleAsync_InitComplete          
2000ce55  sl_Socket                             
2000cee1  PinConfigSet                          
2000cf69  vsnprintf                             
2000cff1  __aeabi_cdcmpeq                       
2000cff1  __aeabi_cdcmple                       
2000d077  __aeabi_cdrcmple                      
2000d0fd  NwpPowerOnPreamble                    
2000d181  sl_WlanRxFilterSet                    
2000d205  GPIOIntTypeSet                        
2000d289  _sl_HandleAsync_Connect               
2000d409  __aeabi_memclr                        
2000d409  __aeabi_memclr4                       
2000d409  __aeabi_memclr8                       
2000d40b  __aeabi_memset                        
2000d40b  __aeabi_memset4                       
2000d40b  __aeabi_memset8                       
2000d411  memset                                
2000d485  spi_Close                             
2000d4fd  UARTConfigSetExpClk                   
2000d575  _SlNonOsMainLoopTask                  
2000d5e9  __TI_auto_init                        
2000d659  _SlDrvCmdSend                         
2000d6c5  _sl_NetAppSendTokenValue              
2000d731  __TI_decompress_lzss                  
2000d799  _SlNonOsSpawn                         
2000d7fd  _sl_HandleAsync_Accept                
2000d861  frexp                                 
2000d861  frexpl                                
2000d8c5  sl_NetAppMDNSUnRegisterService        
2000d929  uDMAChannelAttributeDisable           
2000d98d  uDMAChannelAttributeEnable            
2000d9f1  sprintf                               
2000da51  sl_Close                              
2000dab1  sl_WlanProfileDel                     
2000db11  sl_WlanSetMode                        
2000db71  IntPendClear                          
2000dbc9  PRCMPeripheralReset                   
2000dc21  ltoa                                  
2000dc79  IntPrioritySet                        
2000dccd  _SlDrvRxIrqHandler                    
2000dd21  _sl_HandleAsync_Select                
2000dd75  _c_int00                              
2000ddc9  C$$EXIT                               
2000ddcd  abort                                 
2000ddd5  exit                                  
2000de1d  _sl_HandleAsync_Stop                  
2000de6d  SPIIntEnable                          
2000df05  _SlDrvProtectAsyncRespSetting         
2000df9d  atoi                                  
2000dfe9  copy_in                               
2000e035  uDMAChannelAssign                     
2000e0c9  SPIIntClear                           
2000e111  _SlDrvBasicCmd                        
2000e159  __aeabi_d2iz                          
2000e1e5  TimerConfigure                        
2000e229  _SlDrvHandleHttpServerEvents          
2000e26d  _SlDrvSyncObjWaitTimeout              
2000e2f5  sl_Htonl                              
2000e339  PinModeSet                            
2000e379  _SlDrvHandleNetAppEvents              
2000e3b9  _SlDrvHandleWlanEvents                
2000e439  NwpRegisterInterruptHandler           
2000e4b5  PRCMPeripheralClkEnable               
2000e4f1  simplelink_timerA2_start              
2000e52d  sl_Htons                              
2000e569  uDMAChannelControlSet                 
2000e5a5  NwpPowerOff                           
2000e5dd  sl_WlanDisconnect                     
2000e615  GPIODirModeSet                        
2000e64d  NwpPowerOn                            
2000e681  PRCMPeripheralStatusGet               
2000e6b5  SPIFIFOLevelSet                       
2000e6e9  PinTypeGPIO                           
2000e719  UARTDisable                           
2000e749  __aeabi_i2d                           
2000e779  PRCMSysResetCauseGet                  
2000e7d1  _SlDrvProtectionObjLockWaitForever    
2000e7fd  TimerLoadSet                          
2000e827  TimerPrescaleSet                      
2000e851  PRCMPeripheralClkDisable              
2000e879  _SlDrvGlobalObjUnLock                 
2000e8a1  _SlDrvProtectionObjUnLock             
2000e8c9  _SlDrvSyncObjWaitForever              
2000e8f1  _SlDrvObjLockWaitForever              
2000e917  sl_Provisioning_HttpServerEventHdl    
2000e925  sl_Provisioning_NetAppEventHdl        
2000e931  sl_Provisioning_WlanEventHdl          
2000e93d  DmaSpiSwIntHandler                    
2000e961  IntUnregister                         
2000e985  UARTEnable                            
2000e9a9  memmove                               
2000e9cd  GPIOIntStatus                         
2000e9ef  SPIReset                              
2000ea11  SPIWordCountSet                       
2000ea33  GPIOPinWrite                          
2000ea55  IntRegister                           
2000ea75  NwpPrePowerOffTimout0                 
2000ea95  SPIDataGet                            
2000eab5  TimerGetCurrentTimestamp              
2000ead5  _SlDrvObjUnLock                       
2000eaf5  _SlDrvSyncObjSignal                   
2000eb15  GPIOIntRegister                       
2000eb33  SPIDataPut                            
2000eb51  TimerEnable                           
2000eb6f  UARTCharPut                           
2000ebab  strcat                                
2000ebc9  SysTickIntRegister                    
2000ebe5  TimerValueGet                         
2000ec01  UARTCharGetNonBlocking                
2000ec1d  _SlDrvStartMeasureTimeout             
2000ec39  memccpy                               
2000ec55  uDMAChannelEnable                     
2000ec71  GPIOIntEnable                         
2000ec8b  PinTypeSPI                            
2000eca5  PinTypeUART                           
2000ecbf  SPIDmaDisable                         
2000ecd9  SPIDmaEnable                          
2000ecf3  SPIFIFODisable                        
2000ed0d  SPIFIFOEnable                         
2000ed27  SPIIntUnregister                      
2000ed41  GPIOPinRead                           
2000ed59  SPICSDisable                          
2000ed71  SPICSEnable                           
2000ed89  SPIDisable                            
2000eda1  SPIEnable                             
2000edb9  SysTickPeriodSet                      
2000edd1  UARTCharsAvail                        
2000ede9  _SlNonOsSemSet                        
2000ee19  _args_main                            
2000ee31  __aeabi_lmul                          
2000ee49  PRCMHIBRegRead                        
2000ee5f  PRCMHIBRegWrite                       
2000ee75  _SlDrvMemZero                         
2000ee8b  strchr                                
2000eea1  CPUcpsie                              
2000eeb5  GPIOIntClear                          
2000eec9  IntVTableBaseSet                      
2000eedd  _register_unlock                      
2000eee3  _register_lock                        
2000eeeb  _nop                                  
2000eef1  copysign                              
2000eef1  copysignl                             
2000ef05  strcpy                                
2000ef19  strlen                                
2000ef2d  SysTickEnable                         
2000ef3d  SysTickIntEnable                      
2000ef4d  _SlDrvDispatchHttpServerEvents        
2000ef5d  _SlDrvResetCmdExt                     
2000ef6b  __TI_decompress_none                  
2000ef79  ResetISR                              
2000ef89  NwpMaskInterrupt                      
2000ef95  NwpUnMaskInterrupt                    
2000efa1  SysTickValueGet                       
2000efad  __TI_zero_init                        
2000efb9  IntMasterEnable                       
2000efc3  UtilsDelay                            
2000efc9  _system_pre_init                      
2000f4c7  _ctypes_                              
2000f844  OpcodeTranslateTable                  
2000f880  _SlActionLookupTable                  
2000fa96  _SlNetAppSendTokenValueCmdCtrl        
2000fad8  __TI_static_base__                    
2000fb40  __TI_Handler_Table_Base               
2000fb4c  __TI_Handler_Table_Limit              
2000fb58  __TI_CINIT_Base                       
2000fb68  __TI_CINIT_Limit                      
20017000  _sys_memory                           
2001f000  cbuffer                               
2001f568  emailMessage                          
2001f668  g_ucDinDout                           
2001f6b8  buffer                                
2001f6f8  g_time                                
2001f724  g_ucConnectionSSID                    
2001f748  g_ucConnectionBSSID                   
2001f754  SW_intflag                            
2001f758  currButton                            
2001f75c  prevButton                            
2001f760  prevData                              
2001f764  RxIrqCnt                              
2001f765  g_bDeviceRestartIsRequired            
2001f766  g_cDummy                              
2001f767  g_ucLED1Pin                           
2001f768  g_ucLED2Pin                           
2001f769  g_ucLED3Pin                           
2001f76c  g_ulStatus                            
2001f770  g_ulPingPacketsRecv                   
2001f774  g_ulGatewayIP                         
2001f778  g_Host                                
2001f77c  systick_cnt                           
2001f780  SW_intcount                           
2001f784  first_edge                            
2001f788  start                                 
2001f78c  prevLetter                            
2001f790  bufIndex                              
2001f794  sameButton                            
2001f798  EnterMessage                          
2001f79c  data                                  
2001f7a0  track                                 
2001f7a4  color                                 
2001f7a8  cBufIndex                             
2001f7ac  cx                                    
2001f7b0  cy                                    
2001f7b4  OLEDColor                             
2001f7b8  g__SlNonOsCB                          
2001f7f4  cursor_x                              
2001f7f8  cursor_y                              
2001f7fc  textsize                              
2001f800  textcolor                             
2001f804  textbgcolor                           
2001f808  wrap                                  
2001f820  g_SlDeviceStatus                      
2001f824  g_pCB                                 
2001f828  pPingCallBackFunc                     
2001f830  __TI_cleanup_ptr                      
2001f834  __TI_dtors_ptr                        
2001f838  __TI_enable_exit_profile_output       
2001f848  g_uiLED1Port                          
2001f84c  g_uiLED2Port                          
2001f850  g_uiLED3Port                          
2001f854  g_SpiFd                               
2001f858  g_pHostIntHdl                         
2001f85c  g_ucDMAEnabled                        
2001f860  _lock                                 
2001f864  _unlock                               
2001f870  errno                                 
2001f874  main_func_sp                          
2002f000  __stack                               
20030000  __STACK_END                           
ffffffff  __TI_pprof_out_hndl                   
ffffffff  __TI_prof_data_size                   
ffffffff  __TI_prof_data_start                  
ffffffff  __binit__                             
ffffffff  __c_args__                            
ffffffff  binit                                 
UNDEFED   SHT$$INIT_ARRAY$$Base                 
UNDEFED   SHT$$INIT_ARRAY$$Limit                

[361 symbols]
