<?xml version="1.0"?>
<link_info>
   <banner>TI ARM Linker PC v16.9.0.LTS</banner>
   <copyright>Copyright (c) 1996-2015 Texas Instruments Incorporated</copyright>
   <link_time>0x646fee0c</link_time>
   <link_errors>0x0</link_errors>
   <output_file>ssl.out</output_file>
   <entry_point>
      <name>_c_int00</name>
      <address>0x2000dd75</address>
   </entry_point>
   <input_file_list>
      <input_file id="fl-2">
         <path>.\</path>
         <kind>object</kind>
         <file>Adafruit_GFX.obj</file>
         <name>Adafruit_GFX.obj</name>
      </input_file>
      <input_file id="fl-3">
         <path>.\</path>
         <kind>object</kind>
         <file>Adafruit_OLED.obj</file>
         <name>Adafruit_OLED.obj</name>
      </input_file>
      <input_file id="fl-4">
         <path>.\</path>
         <kind>object</kind>
         <file>gpio_if.obj</file>
         <name>gpio_if.obj</name>
      </input_file>
      <input_file id="fl-5">
         <path>.\</path>
         <kind>object</kind>
         <file>main.obj</file>
         <name>main.obj</name>
      </input_file>
      <input_file id="fl-6">
         <path>.\</path>
         <kind>object</kind>
         <file>network_common.obj</file>
         <name>network_common.obj</name>
      </input_file>
      <input_file id="fl-7">
         <path>.\</path>
         <kind>object</kind>
         <file>pin_mux_config.obj</file>
         <name>pin_mux_config.obj</name>
      </input_file>
      <input_file id="fl-8">
         <path>.\</path>
         <kind>object</kind>
         <file>startup_ccs.obj</file>
         <name>startup_ccs.obj</name>
      </input_file>
      <input_file id="fl-9">
         <path>.\</path>
         <kind>object</kind>
         <file>uart_if.obj</file>
         <name>uart_if.obj</name>
      </input_file>
      <input_file id="fl-10">
         <path>C:\ti\CC3200SDK_1.5.0\cc3200-sdk\simplelink\ccs\NON_OS_debug\</path>
         <kind>archive</kind>
         <file>simplelink.a</file>
         <name>device.obj</name>
      </input_file>
      <input_file id="fl-11">
         <path>C:\ti\CC3200SDK_1.5.0\cc3200-sdk\simplelink\ccs\NON_OS_debug\</path>
         <kind>archive</kind>
         <file>simplelink.a</file>
         <name>driver.obj</name>
      </input_file>
      <input_file id="fl-12">
         <path>C:\ti\CC3200SDK_1.5.0\cc3200-sdk\simplelink\ccs\NON_OS_debug\</path>
         <kind>archive</kind>
         <file>simplelink.a</file>
         <name>netapp.obj</name>
      </input_file>
      <input_file id="fl-13">
         <path>C:\ti\CC3200SDK_1.5.0\cc3200-sdk\simplelink\ccs\NON_OS_debug\</path>
         <kind>archive</kind>
         <file>simplelink.a</file>
         <name>netcfg.obj</name>
      </input_file>
      <input_file id="fl-14">
         <path>C:\ti\CC3200SDK_1.5.0\cc3200-sdk\simplelink\ccs\NON_OS_debug\</path>
         <kind>archive</kind>
         <file>simplelink.a</file>
         <name>nonos.obj</name>
      </input_file>
      <input_file id="fl-15">
         <path>C:\ti\CC3200SDK_1.5.0\cc3200-sdk\simplelink\ccs\NON_OS_debug\</path>
         <kind>archive</kind>
         <file>simplelink.a</file>
         <name>socket.obj</name>
      </input_file>
      <input_file id="fl-16">
         <path>C:\ti\CC3200SDK_1.5.0\cc3200-sdk\simplelink\ccs\NON_OS_debug\</path>
         <kind>archive</kind>
         <file>simplelink.a</file>
         <name>wlan.obj</name>
      </input_file>
      <input_file id="fl-17">
         <path>C:\ti\CC3200SDK_1.5.0\cc3200-sdk\simplelink\ccs\NON_OS_debug\</path>
         <kind>archive</kind>
         <file>simplelink.a</file>
         <name>cc_pal.obj</name>
      </input_file>
      <input_file id="fl-18">
         <path>C:\ti\CC3200SDK_1.5.0\cc3200-sdk\driverlib\ccs\Release\</path>
         <kind>archive</kind>
         <file>driverlib.a</file>
         <name>gpio.obj</name>
      </input_file>
      <input_file id="fl-19">
         <path>C:\ti\CC3200SDK_1.5.0\cc3200-sdk\driverlib\ccs\Release\</path>
         <kind>archive</kind>
         <file>driverlib.a</file>
         <name>interrupt.obj</name>
      </input_file>
      <input_file id="fl-1a">
         <path>C:\ti\CC3200SDK_1.5.0\cc3200-sdk\driverlib\ccs\Release\</path>
         <kind>archive</kind>
         <file>driverlib.a</file>
         <name>pin.obj</name>
      </input_file>
      <input_file id="fl-1b">
         <path>C:\ti\CC3200SDK_1.5.0\cc3200-sdk\driverlib\ccs\Release\</path>
         <kind>archive</kind>
         <file>driverlib.a</file>
         <name>prcm.obj</name>
      </input_file>
      <input_file id="fl-1c">
         <path>C:\ti\CC3200SDK_1.5.0\cc3200-sdk\driverlib\ccs\Release\</path>
         <kind>archive</kind>
         <file>driverlib.a</file>
         <name>spi.obj</name>
      </input_file>
      <input_file id="fl-1d">
         <path>C:\ti\CC3200SDK_1.5.0\cc3200-sdk\driverlib\ccs\Release\</path>
         <kind>archive</kind>
         <file>driverlib.a</file>
         <name>systick.obj</name>
      </input_file>
      <input_file id="fl-1e">
         <path>C:\ti\CC3200SDK_1.5.0\cc3200-sdk\driverlib\ccs\Release\</path>
         <kind>archive</kind>
         <file>driverlib.a</file>
         <name>timer.obj</name>
      </input_file>
      <input_file id="fl-1f">
         <path>C:\ti\CC3200SDK_1.5.0\cc3200-sdk\driverlib\ccs\Release\</path>
         <kind>archive</kind>
         <file>driverlib.a</file>
         <name>uart.obj</name>
      </input_file>
      <input_file id="fl-20">
         <path>C:\ti\CC3200SDK_1.5.0\cc3200-sdk\driverlib\ccs\Release\</path>
         <kind>archive</kind>
         <file>driverlib.a</file>
         <name>udma.obj</name>
      </input_file>
      <input_file id="fl-21">
         <path>C:\ti\CC3200SDK_1.5.0\cc3200-sdk\driverlib\ccs\Release\</path>
         <kind>archive</kind>
         <file>driverlib.a</file>
         <name>utils.obj</name>
      </input_file>
      <input_file id="fl-22">
         <path>C:\ti\CC3200SDK_1.5.0\cc3200-sdk\driverlib\ccs\Release\</path>
         <kind>archive</kind>
         <file>driverlib.a</file>
         <name>cpu.obj</name>
      </input_file>
      <input_file id="fl-23">
         <path>C:\ti\CC3200SDK_1.5.0\cc3200-sdk\driverlib\ccs\Release\</path>
         <kind>archive</kind>
         <file>driverlib.a</file>
         <name>flash.obj</name>
      </input_file>
      <input_file id="fl-d9">
         <path>C:\ti\ccsv7\tools\compiler\ti-cgt-arm_16.9.0.LTS\lib\</path>
         <kind>archive</kind>
         <file>rtsv7M4_T_le_v4SPD16_eabi.lib</file>
         <name>boot.obj</name>
      </input_file>
      <input_file id="fl-da">
         <path>C:\ti\ccsv7\tools\compiler\ti-cgt-arm_16.9.0.LTS\lib\</path>
         <kind>archive</kind>
         <file>rtsv7M4_T_le_v4SPD16_eabi.lib</file>
         <name>copy_decompress_lzss.obj</name>
      </input_file>
      <input_file id="fl-db">
         <path>C:\ti\ccsv7\tools\compiler\ti-cgt-arm_16.9.0.LTS\lib\</path>
         <kind>archive</kind>
         <file>rtsv7M4_T_le_v4SPD16_eabi.lib</file>
         <name>copy_decompress_none.obj</name>
      </input_file>
      <input_file id="fl-dc">
         <path>C:\ti\ccsv7\tools\compiler\ti-cgt-arm_16.9.0.LTS\lib\</path>
         <kind>archive</kind>
         <file>rtsv7M4_T_le_v4SPD16_eabi.lib</file>
         <name>copy_zero_init.obj</name>
      </input_file>
      <input_file id="fl-dd">
         <path>C:\ti\ccsv7\tools\compiler\ti-cgt-arm_16.9.0.LTS\lib\</path>
         <kind>archive</kind>
         <file>rtsv7M4_T_le_v4SPD16_eabi.lib</file>
         <name>exit.obj</name>
      </input_file>
      <input_file id="fl-de">
         <path>C:\ti\ccsv7\tools\compiler\ti-cgt-arm_16.9.0.LTS\lib\</path>
         <kind>archive</kind>
         <file>rtsv7M4_T_le_v4SPD16_eabi.lib</file>
         <name>ll_mul_t2.obj</name>
      </input_file>
      <input_file id="fl-df">
         <path>C:\ti\ccsv7\tools\compiler\ti-cgt-arm_16.9.0.LTS\lib\</path>
         <kind>archive</kind>
         <file>rtsv7M4_T_le_v4SPD16_eabi.lib</file>
         <name>memcpy_t2.obj</name>
      </input_file>
      <input_file id="fl-e0">
         <path>C:\ti\ccsv7\tools\compiler\ti-cgt-arm_16.9.0.LTS\lib\</path>
         <kind>archive</kind>
         <file>rtsv7M4_T_le_v4SPD16_eabi.lib</file>
         <name>memmov.obj</name>
      </input_file>
      <input_file id="fl-e1">
         <path>C:\ti\ccsv7\tools\compiler\ti-cgt-arm_16.9.0.LTS\lib\</path>
         <kind>archive</kind>
         <file>rtsv7M4_T_le_v4SPD16_eabi.lib</file>
         <name>memory.obj</name>
      </input_file>
      <input_file id="fl-e2">
         <path>C:\ti\ccsv7\tools\compiler\ti-cgt-arm_16.9.0.LTS\lib\</path>
         <kind>archive</kind>
         <file>rtsv7M4_T_le_v4SPD16_eabi.lib</file>
         <name>memset_t2.obj</name>
      </input_file>
      <input_file id="fl-e3">
         <path>C:\ti\ccsv7\tools\compiler\ti-cgt-arm_16.9.0.LTS\lib\</path>
         <kind>archive</kind>
         <file>rtsv7M4_T_le_v4SPD16_eabi.lib</file>
         <name>mpu_init.obj</name>
      </input_file>
      <input_file id="fl-e4">
         <path>C:\ti\ccsv7\tools\compiler\ti-cgt-arm_16.9.0.LTS\lib\</path>
         <kind>archive</kind>
         <file>rtsv7M4_T_le_v4SPD16_eabi.lib</file>
         <name>pre_init.obj</name>
      </input_file>
      <input_file id="fl-e5">
         <path>C:\ti\ccsv7\tools\compiler\ti-cgt-arm_16.9.0.LTS\lib\</path>
         <kind>archive</kind>
         <file>rtsv7M4_T_le_v4SPD16_eabi.lib</file>
         <name>sprintf.obj</name>
      </input_file>
      <input_file id="fl-e6">
         <path>C:\ti\ccsv7\tools\compiler\ti-cgt-arm_16.9.0.LTS\lib\</path>
         <kind>archive</kind>
         <file>rtsv7M4_T_le_v4SPD16_eabi.lib</file>
         <name>stkdepth_vars.obj</name>
      </input_file>
      <input_file id="fl-e7">
         <path>C:\ti\ccsv7\tools\compiler\ti-cgt-arm_16.9.0.LTS\lib\</path>
         <kind>archive</kind>
         <file>rtsv7M4_T_le_v4SPD16_eabi.lib</file>
         <name>strcat.obj</name>
      </input_file>
      <input_file id="fl-e8">
         <path>C:\ti\ccsv7\tools\compiler\ti-cgt-arm_16.9.0.LTS\lib\</path>
         <kind>archive</kind>
         <file>rtsv7M4_T_le_v4SPD16_eabi.lib</file>
         <name>strcpy.obj</name>
      </input_file>
      <input_file id="fl-e9">
         <path>C:\ti\ccsv7\tools\compiler\ti-cgt-arm_16.9.0.LTS\lib\</path>
         <kind>archive</kind>
         <file>rtsv7M4_T_le_v4SPD16_eabi.lib</file>
         <name>strlen.obj</name>
      </input_file>
      <input_file id="fl-ea">
         <path>C:\ti\ccsv7\tools\compiler\ti-cgt-arm_16.9.0.LTS\lib\</path>
         <kind>archive</kind>
         <file>rtsv7M4_T_le_v4SPD16_eabi.lib</file>
         <name>ull_div_t2.obj</name>
      </input_file>
      <input_file id="fl-eb">
         <path>C:\ti\ccsv7\tools\compiler\ti-cgt-arm_16.9.0.LTS\lib\</path>
         <kind>archive</kind>
         <file>rtsv7M4_T_le_v4SPD16_eabi.lib</file>
         <name>vsnprintf.obj</name>
      </input_file>
      <input_file id="fl-ec">
         <path>C:\ti\ccsv7\tools\compiler\ti-cgt-arm_16.9.0.LTS\lib\</path>
         <kind>archive</kind>
         <file>rtsv7M4_T_le_v4SPD16_eabi.lib</file>
         <name>_lock.obj</name>
      </input_file>
      <input_file id="fl-ed">
         <path>C:\ti\ccsv7\tools\compiler\ti-cgt-arm_16.9.0.LTS\lib\</path>
         <kind>archive</kind>
         <file>rtsv7M4_T_le_v4SPD16_eabi.lib</file>
         <name>_printfi.obj</name>
      </input_file>
      <input_file id="fl-ee">
         <path>C:\ti\ccsv7\tools\compiler\ti-cgt-arm_16.9.0.LTS\lib\</path>
         <kind>archive</kind>
         <file>rtsv7M4_T_le_v4SPD16_eabi.lib</file>
         <name>args_main.obj</name>
      </input_file>
      <input_file id="fl-ef">
         <path>C:\ti\ccsv7\tools\compiler\ti-cgt-arm_16.9.0.LTS\lib\</path>
         <kind>archive</kind>
         <file>rtsv7M4_T_le_v4SPD16_eabi.lib</file>
         <name>atoi.obj</name>
      </input_file>
      <input_file id="fl-f0">
         <path>C:\ti\ccsv7\tools\compiler\ti-cgt-arm_16.9.0.LTS\lib\</path>
         <kind>archive</kind>
         <file>rtsv7M4_T_le_v4SPD16_eabi.lib</file>
         <name>autoinit.obj</name>
      </input_file>
      <input_file id="fl-f1">
         <path>C:\ti\ccsv7\tools\compiler\ti-cgt-arm_16.9.0.LTS\lib\</path>
         <kind>archive</kind>
         <file>rtsv7M4_T_le_v4SPD16_eabi.lib</file>
         <name>cpy_tbl.obj</name>
      </input_file>
      <input_file id="fl-f2">
         <path>C:\ti\ccsv7\tools\compiler\ti-cgt-arm_16.9.0.LTS\lib\</path>
         <kind>archive</kind>
         <file>rtsv7M4_T_le_v4SPD16_eabi.lib</file>
         <name>ctype.obj</name>
      </input_file>
      <input_file id="fl-f3">
         <path>C:\ti\ccsv7\tools\compiler\ti-cgt-arm_16.9.0.LTS\lib\</path>
         <kind>archive</kind>
         <file>rtsv7M4_T_le_v4SPD16_eabi.lib</file>
         <name>fd_add_t2.obj</name>
      </input_file>
      <input_file id="fl-f4">
         <path>C:\ti\ccsv7\tools\compiler\ti-cgt-arm_16.9.0.LTS\lib\</path>
         <kind>archive</kind>
         <file>rtsv7M4_T_le_v4SPD16_eabi.lib</file>
         <name>fd_cmp_t2.obj</name>
      </input_file>
      <input_file id="fl-f5">
         <path>C:\ti\ccsv7\tools\compiler\ti-cgt-arm_16.9.0.LTS\lib\</path>
         <kind>archive</kind>
         <file>rtsv7M4_T_le_v4SPD16_eabi.lib</file>
         <name>fd_div_t2.obj</name>
      </input_file>
      <input_file id="fl-f6">
         <path>C:\ti\ccsv7\tools\compiler\ti-cgt-arm_16.9.0.LTS\lib\</path>
         <kind>archive</kind>
         <file>rtsv7M4_T_le_v4SPD16_eabi.lib</file>
         <name>fd_mul_t2.obj</name>
      </input_file>
      <input_file id="fl-f7">
         <path>C:\ti\ccsv7\tools\compiler\ti-cgt-arm_16.9.0.LTS\lib\</path>
         <kind>archive</kind>
         <file>rtsv7M4_T_le_v4SPD16_eabi.lib</file>
         <name>fd_toi_t2.obj</name>
      </input_file>
      <input_file id="fl-f8">
         <path>C:\ti\ccsv7\tools\compiler\ti-cgt-arm_16.9.0.LTS\lib\</path>
         <kind>archive</kind>
         <file>rtsv7M4_T_le_v4SPD16_eabi.lib</file>
         <name>i_tofd_t2.obj</name>
      </input_file>
      <input_file id="fl-f9">
         <path>C:\ti\ccsv7\tools\compiler\ti-cgt-arm_16.9.0.LTS\lib\</path>
         <kind>archive</kind>
         <file>rtsv7M4_T_le_v4SPD16_eabi.lib</file>
         <name>ltoa.obj</name>
      </input_file>
      <input_file id="fl-fa">
         <path>C:\ti\ccsv7\tools\compiler\ti-cgt-arm_16.9.0.LTS\lib\</path>
         <kind>archive</kind>
         <file>rtsv7M4_T_le_v4SPD16_eabi.lib</file>
         <name>memccpy.obj</name>
      </input_file>
      <input_file id="fl-fb">
         <path>C:\ti\ccsv7\tools\compiler\ti-cgt-arm_16.9.0.LTS\lib\</path>
         <kind>archive</kind>
         <file>rtsv7M4_T_le_v4SPD16_eabi.lib</file>
         <name>s_frexp.obj</name>
      </input_file>
      <input_file id="fl-fc">
         <path>C:\ti\ccsv7\tools\compiler\ti-cgt-arm_16.9.0.LTS\lib\</path>
         <kind>archive</kind>
         <file>rtsv7M4_T_le_v4SPD16_eabi.lib</file>
         <name>s_scalbn.obj</name>
      </input_file>
      <input_file id="fl-fd">
         <path>C:\ti\ccsv7\tools\compiler\ti-cgt-arm_16.9.0.LTS\lib\</path>
         <kind>archive</kind>
         <file>rtsv7M4_T_le_v4SPD16_eabi.lib</file>
         <name>startup.obj</name>
      </input_file>
      <input_file id="fl-fe">
         <path>C:\ti\ccsv7\tools\compiler\ti-cgt-arm_16.9.0.LTS\lib\</path>
         <kind>archive</kind>
         <file>rtsv7M4_T_le_v4SPD16_eabi.lib</file>
         <name>strchr.obj</name>
      </input_file>
      <input_file id="fl-ff">
         <path>C:\ti\ccsv7\tools\compiler\ti-cgt-arm_16.9.0.LTS\lib\</path>
         <kind>archive</kind>
         <file>rtsv7M4_T_le_v4SPD16_eabi.lib</file>
         <name>errno.obj</name>
      </input_file>
      <input_file id="fl-100">
         <path>C:\ti\ccsv7\tools\compiler\ti-cgt-arm_16.9.0.LTS\lib\</path>
         <kind>archive</kind>
         <file>rtsv7M4_T_le_v4SPD16_eabi.lib</file>
         <name>s_copysign.obj</name>
      </input_file>
   </input_file_list>
   <object_component_list>
      <object_component id="oc-f">
         <name>.intvecs</name>
         <load_address>0x20004000</load_address>
         <run_address>0x20004000</run_address>
         <size>0x400</size>
         <input_file_ref idref="fl-8"/>
      </object_component>
      <object_component id="oc-a8">
         <name>.text</name>
         <load_address>0x20004400</load_address>
         <run_address>0x20004400</run_address>
         <size>0x2114</size>
         <input_file_ref idref="fl-5"/>
      </object_component>
      <object_component id="oc-481">
         <name>.text</name>
         <load_address>0x20006514</load_address>
         <run_address>0x20006514</run_address>
         <size>0x113a</size>
         <input_file_ref idref="fl-ed"/>
      </object_component>
      <object_component id="oc-6cb">
         <name>.text:IntDefaultHandler</name>
         <load_address>0x2000764e</load_address>
         <run_address>0x2000764e</run_address>
         <size>0x2</size>
         <input_file_ref idref="fl-19"/>
      </object_component>
      <object_component id="oc-de">
         <name>.text</name>
         <load_address>0x20007650</load_address>
         <run_address>0x20007650</run_address>
         <size>0xa80</size>
         <input_file_ref idref="fl-2"/>
      </object_component>
      <object_component id="oc-6dd">
         <name>.text:_SlDrvMsgRead</name>
         <load_address>0x200080d0</load_address>
         <run_address>0x200080d0</run_address>
         <size>0x590</size>
         <input_file_ref idref="fl-11"/>
      </object_component>
      <object_component id="oc-1ee">
         <name>.text</name>
         <load_address>0x20008660</load_address>
         <run_address>0x20008660</run_address>
         <size>0x4ae</size>
         <input_file_ref idref="fl-3"/>
      </object_component>
      <object_component id="oc-59">
         <name>.text</name>
         <load_address>0x20008b0e</load_address>
         <run_address>0x20008b0e</run_address>
         <size>0x2</size>
         <input_file_ref idref="fl-e3"/>
      </object_component>
      <object_component id="oc-294">
         <name>.text</name>
         <load_address>0x20008b10</load_address>
         <run_address>0x20008b10</run_address>
         <size>0x3d0</size>
         <input_file_ref idref="fl-e1"/>
      </object_component>
      <object_component id="oc-170">
         <name>.text</name>
         <load_address>0x20008ee0</load_address>
         <run_address>0x20008ee0</run_address>
         <size>0x398</size>
         <input_file_ref idref="fl-4"/>
      </object_component>
      <object_component id="oc-16a">
         <name>.text:sl_WlanConnect</name>
         <load_address>0x20009278</load_address>
         <run_address>0x20009278</run_address>
         <size>0x280</size>
         <input_file_ref idref="fl-16"/>
      </object_component>
      <object_component id="oc-d8">
         <name>.text</name>
         <load_address>0x200094f8</load_address>
         <run_address>0x200094f8</run_address>
         <size>0x280</size>
         <input_file_ref idref="fl-9"/>
      </object_component>
      <object_component id="oc-758">
         <name>.text:_SlDrvRxHdrRead</name>
         <load_address>0x20009778</load_address>
         <run_address>0x20009778</run_address>
         <size>0x248</size>
         <input_file_ref idref="fl-11"/>
      </object_component>
      <object_component id="oc-1b4">
         <name>.text</name>
         <load_address>0x200099c0</load_address>
         <run_address>0x200099c0</run_address>
         <size>0x1f4</size>
         <input_file_ref idref="fl-ea"/>
      </object_component>
      <object_component id="oc-49d">
         <name>.text:_SlDrvDataReadOp</name>
         <load_address>0x20009bb4</load_address>
         <run_address>0x20009bb4</run_address>
         <size>0x1e4</size>
         <input_file_ref idref="fl-11"/>
      </object_component>
      <object_component id="oc-2fa">
         <name>.text:_SlDrvReleasePoolObj</name>
         <load_address>0x20009d98</load_address>
         <run_address>0x20009d98</run_address>
         <size>0x1d0</size>
         <input_file_ref idref="fl-11"/>
      </object_component>
      <object_component id="oc-637">
         <name>.text</name>
         <load_address>0x20009f68</load_address>
         <run_address>0x20009f68</run_address>
         <size>0x1b6</size>
         <input_file_ref idref="fl-f3"/>
      </object_component>
      <object_component id="oc-a0">
         <name>.text</name>
         <load_address>0x2000a11e</load_address>
         <run_address>0x2000a11e</run_address>
         <size>0x2</size>
         <input_file_ref idref="fl-fd"/>
      </object_component>
      <object_component id="oc-2d0">
         <name>.text:_SlDrvDriverCBInit</name>
         <load_address>0x2000a120</load_address>
         <run_address>0x2000a120</run_address>
         <size>0x1b4</size>
         <input_file_ref idref="fl-11"/>
      </object_component>
      <object_component id="oc-588">
         <name>.text:_SlDrvMsgWrite</name>
         <load_address>0x2000a2d4</load_address>
         <run_address>0x2000a2d4</run_address>
         <size>0x19c</size>
         <input_file_ref idref="fl-11"/>
      </object_component>
      <object_component id="oc-3f0">
         <name>.text:_SlDrvWaitForPoolObj</name>
         <load_address>0x2000a470</load_address>
         <run_address>0x2000a470</run_address>
         <size>0x190</size>
         <input_file_ref idref="fl-11"/>
      </object_component>
      <object_component id="oc-1a6">
         <name>.text:sl_Connect</name>
         <load_address>0x2000a600</load_address>
         <run_address>0x2000a600</run_address>
         <size>0x18c</size>
         <input_file_ref idref="fl-15"/>
      </object_component>
      <object_component id="oc-14c">
         <name>.text:PRCMCC3200MCUInit</name>
         <load_address>0x2000a78c</load_address>
         <run_address>0x2000a78c</run_address>
         <size>0x178</size>
         <input_file_ref idref="fl-1b"/>
      </object_component>
      <object_component id="oc-76a">
         <name>.text:_SlFindAndSetActiveObj</name>
         <load_address>0x2000a904</load_address>
         <run_address>0x2000a904</run_address>
         <size>0x170</size>
         <input_file_ref idref="fl-11"/>
      </object_component>
      <object_component id="oc-48f">
         <name>.text:_SlDrvDataWriteOp</name>
         <load_address>0x2000aa74</load_address>
         <run_address>0x2000aa74</run_address>
         <size>0x150</size>
         <input_file_ref idref="fl-11"/>
      </object_component>
      <object_component id="oc-2d6">
         <name>.text:spi_Open</name>
         <load_address>0x2000abc4</load_address>
         <run_address>0x2000abc4</run_address>
         <size>0x148</size>
         <input_file_ref idref="fl-17"/>
      </object_component>
      <object_component id="oc-58e">
         <name>.text:_SlDrvMsgReadCmdCtx</name>
         <load_address>0x2000ad0c</load_address>
         <run_address>0x2000ad0c</run_address>
         <size>0x144</size>
         <input_file_ref idref="fl-11"/>
      </object_component>
      <object_component id="oc-188">
         <name>.text:sl_NetAppDnsGetHostByName</name>
         <load_address>0x2000ae50</load_address>
         <run_address>0x2000ae50</run_address>
         <size>0x144</size>
         <input_file_ref idref="fl-12"/>
      </object_component>
      <object_component id="oc-61d">
         <name>.text</name>
         <load_address>0x2000af94</load_address>
         <run_address>0x2000af94</run_address>
         <size>0x136</size>
         <input_file_ref idref="fl-f5"/>
      </object_component>
      <object_component id="oc-1f6">
         <name>.text</name>
         <load_address>0x2000b0cc</load_address>
         <run_address>0x2000b0cc</run_address>
         <size>0x134</size>
         <input_file_ref idref="fl-7"/>
      </object_component>
      <object_component id="oc-223">
         <name>.text:sl_Send</name>
         <load_address>0x2000b200</load_address>
         <run_address>0x2000b200</run_address>
         <size>0x134</size>
         <input_file_ref idref="fl-15"/>
      </object_component>
      <object_component id="oc-33f">
         <name>.text:_SlDrvDriverCBDeinit</name>
         <load_address>0x2000b334</load_address>
         <run_address>0x2000b334</run_address>
         <size>0x130</size>
         <input_file_ref idref="fl-11"/>
      </object_component>
      <object_component id="oc-7bb">
         <name>.text:_SlDrvNetAppEventHandler</name>
         <load_address>0x2000b464</load_address>
         <run_address>0x2000b464</run_address>
         <size>0x104</size>
         <input_file_ref idref="fl-12"/>
      </object_component>
      <object_component id="oc-618">
         <name>.text</name>
         <load_address>0x2000b568</load_address>
         <run_address>0x2000b568</run_address>
         <size>0xfc</size>
         <input_file_ref idref="fl-f6"/>
      </object_component>
      <object_component id="oc-642">
         <name>.text</name>
         <load_address>0x2000b664</load_address>
         <run_address>0x2000b664</run_address>
         <size>0xfc</size>
         <input_file_ref idref="fl-fc"/>
      </object_component>
      <object_component id="oc-eb">
         <name>.text:sl_Start</name>
         <load_address>0x2000b760</load_address>
         <run_address>0x2000b760</run_address>
         <size>0xf0</size>
         <input_file_ref idref="fl-10"/>
      </object_component>
      <object_component id="oc-fd">
         <name>.text:sl_Stop</name>
         <load_address>0x2000b850</load_address>
         <run_address>0x2000b850</run_address>
         <size>0xf0</size>
         <input_file_ref idref="fl-10"/>
      </object_component>
      <object_component id="oc-764">
         <name>.text:spi_Read</name>
         <load_address>0x2000b940</load_address>
         <run_address>0x2000b940</run_address>
         <size>0xf0</size>
         <input_file_ref idref="fl-17"/>
      </object_component>
      <object_component id="oc-862">
         <name>.text:uDMAChannelTransferSet</name>
         <load_address>0x2000ba30</load_address>
         <run_address>0x2000ba30</run_address>
         <size>0xf0</size>
         <input_file_ref idref="fl-20"/>
      </object_component>
      <object_component id="oc-6e3">
         <name>.text:_SlAsyncEventGenericHandler</name>
         <load_address>0x2000bb20</load_address>
         <run_address>0x2000bb20</run_address>
         <size>0xe8</size>
         <input_file_ref idref="fl-11"/>
      </object_component>
      <object_component id="oc-56f">
         <name>.text:_SlDrvMsgReadSpawnCtx</name>
         <load_address>0x2000bc08</load_address>
         <run_address>0x2000bc08</run_address>
         <size>0xe8</size>
         <input_file_ref idref="fl-11"/>
      </object_component>
      <object_component id="oc-37a">
         <name>.text:sl_NetAppMDNSRegisterUnregisterService</name>
         <load_address>0x2000bcf0</load_address>
         <run_address>0x2000bcf0</run_address>
         <size>0xe4</size>
         <input_file_ref idref="fl-12"/>
      </object_component>
      <object_component id="oc-75e">
         <name>.text:_SlDrvClassifyRxMsg</name>
         <load_address>0x2000bdd4</load_address>
         <run_address>0x2000bdd4</run_address>
         <size>0xdc</size>
         <input_file_ref idref="fl-11"/>
      </object_component>
      <object_component id="oc-820">
         <name>.text:_sl_HandleAsync_DnsGetHostByService</name>
         <load_address>0x2000beb0</load_address>
         <run_address>0x2000beb0</run_address>
         <size>0xcc</size>
         <input_file_ref idref="fl-12"/>
      </object_component>
      <object_component id="oc-103">
         <name>.text:sl_DevGet</name>
         <load_address>0x2000bf7c</load_address>
         <run_address>0x2000bf7c</run_address>
         <size>0xcc</size>
         <input_file_ref idref="fl-10"/>
      </object_component>
      <object_component id="oc-54f">
         <name>.text:_SlRemoveFromList</name>
         <load_address>0x2000c048</load_address>
         <run_address>0x2000c048</run_address>
         <size>0xc4</size>
         <input_file_ref idref="fl-11"/>
      </object_component>
      <object_component id="oc-323">
         <name>.text:_SlDrvCmdOp</name>
         <load_address>0x2000c10c</load_address>
         <run_address>0x2000c10c</run_address>
         <size>0xc0</size>
         <input_file_ref idref="fl-11"/>
      </object_component>
      <object_component id="oc-4de">
         <name>.text:_SlNonOsSemGet</name>
         <load_address>0x2000c1cc</load_address>
         <run_address>0x2000c1cc</run_address>
         <size>0xb0</size>
         <input_file_ref idref="fl-14"/>
      </object_component>
      <object_component id="oc-52e">
         <name>.text:IntDisable</name>
         <load_address>0x2000c27c</load_address>
         <run_address>0x2000c27c</run_address>
         <size>0xa8</size>
         <input_file_ref idref="fl-19"/>
      </object_component>
      <object_component id="oc-146">
         <name>.text:IntEnable</name>
         <load_address>0x2000c324</load_address>
         <run_address>0x2000c324</run_address>
         <size>0xa8</size>
         <input_file_ref idref="fl-19"/>
      </object_component>
      <object_component id="oc-548">
         <name>.text:_SlDriverHandleError</name>
         <load_address>0x2000c3cc</load_address>
         <run_address>0x2000c3cc</run_address>
         <size>0xa4</size>
         <input_file_ref idref="fl-11"/>
      </object_component>
      <object_component id="oc-1e2">
         <name>.text:SPIConfigSetExpClk</name>
         <load_address>0x2000c470</load_address>
         <run_address>0x2000c470</run_address>
         <size>0xa0</size>
         <input_file_ref idref="fl-1c"/>
      </object_component>
      <object_component id="oc-22f">
         <name>.text:sl_Recv</name>
         <load_address>0x2000c510</load_address>
         <run_address>0x2000c510</run_address>
         <size>0xa0</size>
         <input_file_ref idref="fl-15"/>
      </object_component>
      <object_component id="oc-41">
         <name>.text</name>
         <load_address>0x2000c5b0</load_address>
         <run_address>0x2000c5b0</run_address>
         <size>0x9c</size>
         <input_file_ref idref="fl-df"/>
      </object_component>
      <object_component id="oc-806">
         <name>.text:_SlDrvDeviceEventHandler</name>
         <load_address>0x2000c64c</load_address>
         <run_address>0x2000c64c</run_address>
         <size>0x9a</size>
         <input_file_ref idref="fl-10"/>
      </object_component>
      <object_component id="oc-177">
         <name>.text:sl_DevSet</name>
         <load_address>0x2000c6e8</load_address>
         <run_address>0x2000c6e8</run_address>
         <size>0x98</size>
         <input_file_ref idref="fl-10"/>
      </object_component>
      <object_component id="oc-11b">
         <name>.text:sl_NetCfgSet</name>
         <load_address>0x2000c780</load_address>
         <run_address>0x2000c780</run_address>
         <size>0x98</size>
         <input_file_ref idref="fl-13"/>
      </object_component>
      <object_component id="oc-1a0">
         <name>.text:sl_SetSockOpt</name>
         <load_address>0x2000c818</load_address>
         <run_address>0x2000c818</run_address>
         <size>0x98</size>
         <input_file_ref idref="fl-15"/>
      </object_component>
      <object_component id="oc-121">
         <name>.text:sl_WlanSet</name>
         <load_address>0x2000c8b0</load_address>
         <run_address>0x2000c8b0</run_address>
         <size>0x98</size>
         <input_file_ref idref="fl-16"/>
      </object_component>
      <object_component id="oc-6ec">
         <name>.text:spi_Write</name>
         <load_address>0x2000c948</load_address>
         <run_address>0x2000c948</run_address>
         <size>0x98</size>
         <input_file_ref idref="fl-17"/>
      </object_component>
      <object_component id="oc-1dc">
         <name>.text:PRCMPeripheralClockGet</name>
         <load_address>0x2000c9e0</load_address>
         <run_address>0x2000c9e0</run_address>
         <size>0x94</size>
         <input_file_ref idref="fl-1b"/>
      </object_component>
      <object_component id="oc-81a">
         <name>.text:_sl_HandleAsync_DnsGetHostByName</name>
         <load_address>0x2000ca74</load_address>
         <run_address>0x2000ca74</run_address>
         <size>0x90</size>
         <input_file_ref idref="fl-12"/>
      </object_component>
      <object_component id="oc-7c1">
         <name>.text:_sl_HandleAsync_PingResponse</name>
         <load_address>0x2000cb04</load_address>
         <run_address>0x2000cb04</run_address>
         <size>0x90</size>
         <input_file_ref idref="fl-12"/>
      </object_component>
      <object_component id="oc-109">
         <name>.text:sl_WlanPolicySet</name>
         <load_address>0x2000cb94</load_address>
         <run_address>0x2000cb94</run_address>
         <size>0x90</size>
         <input_file_ref idref="fl-16"/>
      </object_component>
      <object_component id="oc-7c8">
         <name>.text:SetupDMAReceive</name>
         <load_address>0x2000cc24</load_address>
         <run_address>0x2000cc24</run_address>
         <size>0x8c</size>
         <input_file_ref idref="fl-17"/>
      </object_component>
      <object_component id="oc-775">
         <name>.text:SetupDMASend</name>
         <load_address>0x2000ccb0</load_address>
         <run_address>0x2000ccb0</run_address>
         <size>0x8c</size>
         <input_file_ref idref="fl-17"/>
      </object_component>
      <object_component id="oc-691">
         <name>.text:_SlDrvIsTimeoutExpired</name>
         <load_address>0x2000cd3c</load_address>
         <run_address>0x2000cd3c</run_address>
         <size>0x8c</size>
         <input_file_ref idref="fl-11"/>
      </object_component>
      <object_component id="oc-873">
         <name>.text:_sl_HandleAsync_InitComplete</name>
         <load_address>0x2000cdc8</load_address>
         <run_address>0x2000cdc8</run_address>
         <size>0x8c</size>
         <input_file_ref idref="fl-10"/>
      </object_component>
      <object_component id="oc-19a">
         <name>.text:sl_Socket</name>
         <load_address>0x2000ce54</load_address>
         <run_address>0x2000ce54</run_address>
         <size>0x8c</size>
         <input_file_ref idref="fl-15"/>
      </object_component>
      <object_component id="oc-604">
         <name>.text:PinConfigSet</name>
         <load_address>0x2000cee0</load_address>
         <run_address>0x2000cee0</run_address>
         <size>0x88</size>
         <input_file_ref idref="fl-1a"/>
      </object_component>
      <object_component id="oc-27c">
         <name>.text</name>
         <load_address>0x2000cf68</load_address>
         <run_address>0x2000cf68</run_address>
         <size>0x88</size>
         <input_file_ref idref="fl-eb"/>
      </object_component>
      <object_component id="oc-613">
         <name>.text:__aeabi_cdcmple</name>
         <load_address>0x2000cff0</load_address>
         <run_address>0x2000cff0</run_address>
         <size>0x86</size>
         <input_file_ref idref="fl-f4"/>
      </object_component>
      <object_component id="oc-622">
         <name>.text:__aeabi_cdrcmple</name>
         <load_address>0x2000d076</load_address>
         <run_address>0x2000d076</run_address>
         <size>0x86</size>
         <input_file_ref idref="fl-f4"/>
      </object_component>
      <object_component id="oc-2ca">
         <name>.text:NwpPowerOnPreamble</name>
         <load_address>0x2000d0fc</load_address>
         <run_address>0x2000d0fc</run_address>
         <size>0x84</size>
         <input_file_ref idref="fl-17"/>
      </object_component>
      <object_component id="oc-133">
         <name>.text:sl_WlanRxFilterSet</name>
         <load_address>0x2000d180</load_address>
         <run_address>0x2000d180</run_address>
         <size>0x84</size>
         <input_file_ref idref="fl-16"/>
      </object_component>
      <object_component id="oc-202">
         <name>.text:GPIOIntTypeSet</name>
         <load_address>0x2000d204</load_address>
         <run_address>0x2000d204</run_address>
         <size>0x82</size>
         <input_file_ref idref="fl-18"/>
      </object_component>
      <object_component id="oc-842">
         <name>.text:_sl_HandleAsync_Connect</name>
         <load_address>0x2000d288</load_address>
         <run_address>0x2000d288</run_address>
         <size>0x80</size>
         <input_file_ref idref="fl-15"/>
      </object_component>
      <object_component id="oc-7ce">
         <name>.text:spi_Read_CPU</name>
         <load_address>0x2000d308</load_address>
         <run_address>0x2000d308</run_address>
         <size>0x80</size>
         <input_file_ref idref="fl-17"/>
      </object_component>
      <object_component id="oc-781">
         <name>.text:spi_Write_CPU</name>
         <load_address>0x2000d388</load_address>
         <run_address>0x2000d388</run_address>
         <size>0x80</size>
         <input_file_ref idref="fl-17"/>
      </object_component>
      <object_component id="oc-4d">
         <name>.text</name>
         <load_address>0x2000d408</load_address>
         <run_address>0x2000d408</run_address>
         <size>0x7a</size>
         <input_file_ref idref="fl-e2"/>
      </object_component>
      <object_component id="oc-339">
         <name>.text:spi_Close</name>
         <load_address>0x2000d484</load_address>
         <run_address>0x2000d484</run_address>
         <size>0x78</size>
         <input_file_ref idref="fl-17"/>
      </object_component>
      <object_component id="oc-270">
         <name>.text:UARTConfigSetExpClk</name>
         <load_address>0x2000d4fc</load_address>
         <run_address>0x2000d4fc</run_address>
         <size>0x76</size>
         <input_file_ref idref="fl-1f"/>
      </object_component>
      <object_component id="oc-f1">
         <name>.text:_SlNonOsMainLoopTask</name>
         <load_address>0x2000d574</load_address>
         <run_address>0x2000d574</run_address>
         <size>0x74</size>
         <input_file_ref idref="fl-14"/>
      </object_component>
      <object_component id="oc-65">
         <name>.text</name>
         <load_address>0x2000d5e8</load_address>
         <run_address>0x2000d5e8</run_address>
         <size>0x70</size>
         <input_file_ref idref="fl-f0"/>
      </object_component>
      <object_component id="oc-88b">
         <name>.text:_SlDrvCmdSend</name>
         <load_address>0x2000d658</load_address>
         <run_address>0x2000d658</run_address>
         <size>0x6c</size>
         <input_file_ref idref="fl-11"/>
      </object_component>
      <object_component id="oc-82c">
         <name>.text:_sl_NetAppSendTokenValue</name>
         <load_address>0x2000d6c4</load_address>
         <run_address>0x2000d6c4</run_address>
         <size>0x6c</size>
         <input_file_ref idref="fl-12"/>
      </object_component>
      <object_component id="oc-12">
         <name>.text:decompress:lzss</name>
         <load_address>0x2000d730</load_address>
         <run_address>0x2000d730</run_address>
         <size>0x68</size>
         <input_file_ref idref="fl-da"/>
      </object_component>
      <object_component id="oc-569">
         <name>.text:_SlNonOsSpawn</name>
         <load_address>0x2000d798</load_address>
         <run_address>0x2000d798</run_address>
         <size>0x64</size>
         <input_file_ref idref="fl-14"/>
      </object_component>
      <object_component id="oc-83c">
         <name>.text:_sl_HandleAsync_Accept</name>
         <load_address>0x2000d7fc</load_address>
         <run_address>0x2000d7fc</run_address>
         <size>0x64</size>
         <input_file_ref idref="fl-15"/>
      </object_component>
      <object_component id="oc-63c">
         <name>.text</name>
         <load_address>0x2000d860</load_address>
         <run_address>0x2000d860</run_address>
         <size>0x64</size>
         <input_file_ref idref="fl-fb"/>
      </object_component>
      <object_component id="oc-127">
         <name>.text:sl_NetAppMDNSUnRegisterService</name>
         <load_address>0x2000d8c4</load_address>
         <run_address>0x2000d8c4</run_address>
         <size>0x64</size>
         <input_file_ref idref="fl-12"/>
      </object_component>
      <object_component id="oc-6a5">
         <name>.text:uDMAChannelAttributeDisable</name>
         <load_address>0x2000d928</load_address>
         <run_address>0x2000d928</run_address>
         <size>0x64</size>
         <input_file_ref idref="fl-20"/>
      </object_component>
      <object_component id="oc-85c">
         <name>.text:uDMAChannelAttributeEnable</name>
         <load_address>0x2000d98c</load_address>
         <run_address>0x2000d98c</run_address>
         <size>0x64</size>
         <input_file_ref idref="fl-20"/>
      </object_component>
      <object_component id="oc-21d">
         <name>.text</name>
         <load_address>0x2000d9f0</load_address>
         <run_address>0x2000d9f0</run_address>
         <size>0x60</size>
         <input_file_ref idref="fl-e5"/>
      </object_component>
      <object_component id="oc-229">
         <name>.text:sl_Close</name>
         <load_address>0x2000da50</load_address>
         <run_address>0x2000da50</run_address>
         <size>0x60</size>
         <input_file_ref idref="fl-15"/>
      </object_component>
      <object_component id="oc-10f">
         <name>.text:sl_WlanProfileDel</name>
         <load_address>0x2000dab0</load_address>
         <run_address>0x2000dab0</run_address>
         <size>0x60</size>
         <input_file_ref idref="fl-16"/>
      </object_component>
      <object_component id="oc-f7">
         <name>.text:sl_WlanSetMode</name>
         <load_address>0x2000db10</load_address>
         <run_address>0x2000db10</run_address>
         <size>0x60</size>
         <input_file_ref idref="fl-16"/>
      </object_component>
      <object_component id="oc-53a">
         <name>.text:IntPendClear</name>
         <load_address>0x2000db70</load_address>
         <run_address>0x2000db70</run_address>
         <size>0x58</size>
         <input_file_ref idref="fl-19"/>
      </object_component>
      <object_component id="oc-3a8">
         <name>.text:PRCMPeripheralReset</name>
         <load_address>0x2000dbc8</load_address>
         <run_address>0x2000dbc8</run_address>
         <size>0x58</size>
         <input_file_ref idref="fl-1b"/>
      </object_component>
      <object_component id="oc-62c">
         <name>.text</name>
         <load_address>0x2000dc20</load_address>
         <run_address>0x2000dc20</run_address>
         <size>0x56</size>
         <input_file_ref idref="fl-f9"/>
      </object_component>
      <object_component id="oc-3ca">
         <name>.text:IntPrioritySet</name>
         <load_address>0x2000dc78</load_address>
         <run_address>0x2000dc78</run_address>
         <size>0x54</size>
         <input_file_ref idref="fl-19"/>
      </object_component>
      <object_component id="oc-30c">
         <name>.text:_SlDrvRxIrqHandler</name>
         <load_address>0x2000dccc</load_address>
         <run_address>0x2000dccc</run_address>
         <size>0x54</size>
         <input_file_ref idref="fl-11"/>
      </object_component>
      <object_component id="oc-848">
         <name>.text:_sl_HandleAsync_Select</name>
         <load_address>0x2000dd20</load_address>
         <run_address>0x2000dd20</run_address>
         <size>0x54</size>
         <input_file_ref idref="fl-15"/>
      </object_component>
      <object_component id="oc-24">
         <name>.text</name>
         <load_address>0x2000dd74</load_address>
         <run_address>0x2000dd74</run_address>
         <size>0x54</size>
         <input_file_ref idref="fl-d9"/>
      </object_component>
      <object_component id="oc-71">
         <name>.text</name>
         <load_address>0x2000ddc8</load_address>
         <run_address>0x2000ddc8</run_address>
         <size>0x54</size>
         <input_file_ref idref="fl-dd"/>
      </object_component>
      <object_component id="oc-84e">
         <name>.text:_sl_HandleAsync_Stop</name>
         <load_address>0x2000de1c</load_address>
         <run_address>0x2000de1c</run_address>
         <size>0x50</size>
         <input_file_ref idref="fl-10"/>
      </object_component>
      <object_component id="oc-50d">
         <name>.text:SPIIntEnable</name>
         <load_address>0x2000de6c</load_address>
         <run_address>0x2000de6c</run_address>
         <size>0x4c</size>
         <input_file_ref idref="fl-1c"/>
      </object_component>
      <object_component id="oc-6f7">
         <name>.text:SPIIntNumberGet</name>
         <load_address>0x2000deb8</load_address>
         <run_address>0x2000deb8</run_address>
         <size>0x4c</size>
         <input_file_ref idref="fl-1c"/>
      </object_component>
      <object_component id="oc-2dc">
         <name>.text:_SlDrvProtectAsyncRespSetting</name>
         <load_address>0x2000df04</load_address>
         <run_address>0x2000df04</run_address>
         <size>0x4c</size>
         <input_file_ref idref="fl-11"/>
      </object_component>
      <object_component id="oc-421">
         <name>.text:_sl_BuildAddress</name>
         <load_address>0x2000df50</load_address>
         <run_address>0x2000df50</run_address>
         <size>0x4c</size>
         <input_file_ref idref="fl-15"/>
      </object_component>
      <object_component id="oc-64e">
         <name>.text</name>
         <load_address>0x2000df9c</load_address>
         <run_address>0x2000df9c</run_address>
         <size>0x4c</size>
         <input_file_ref idref="fl-ef"/>
      </object_component>
      <object_component id="oc-9a">
         <name>.text</name>
         <load_address>0x2000dfe8</load_address>
         <run_address>0x2000dfe8</run_address>
         <size>0x4c</size>
         <input_file_ref idref="fl-f1"/>
      </object_component>
      <object_component id="oc-69f">
         <name>.text:uDMAChannelAssign</name>
         <load_address>0x2000e034</load_address>
         <run_address>0x2000e034</run_address>
         <size>0x4c</size>
         <input_file_ref idref="fl-20"/>
      </object_component>
      <object_component id="oc-473">
         <name>.text:GPIOGetIntNumber</name>
         <load_address>0x2000e080</load_address>
         <run_address>0x2000e080</run_address>
         <size>0x48</size>
         <input_file_ref idref="fl-18"/>
      </object_component>
      <object_component id="oc-6bf">
         <name>.text:SPIIntClear</name>
         <load_address>0x2000e0c8</load_address>
         <run_address>0x2000e0c8</run_address>
         <size>0x48</size>
         <input_file_ref idref="fl-1c"/>
      </object_component>
      <object_component id="oc-365">
         <name>.text:_SlDrvBasicCmd</name>
         <load_address>0x2000e110</load_address>
         <run_address>0x2000e110</run_address>
         <size>0x48</size>
         <input_file_ref idref="fl-11"/>
      </object_component>
      <object_component id="oc-627">
         <name>.text</name>
         <load_address>0x2000e158</load_address>
         <run_address>0x2000e158</run_address>
         <size>0x48</size>
         <input_file_ref idref="fl-f7"/>
      </object_component>
      <object_component id="oc-6af">
         <name>.text:SPIDmaMaskGet</name>
         <load_address>0x2000e1a0</load_address>
         <run_address>0x2000e1a0</run_address>
         <size>0x44</size>
         <input_file_ref idref="fl-1c"/>
      </object_component>
      <object_component id="oc-7e8">
         <name>.text:TimerConfigure</name>
         <load_address>0x2000e1e4</load_address>
         <run_address>0x2000e1e4</run_address>
         <size>0x44</size>
         <input_file_ref idref="fl-1e"/>
      </object_component>
      <object_component id="oc-884">
         <name>.text:_SlDrvHandleHttpServerEvents</name>
         <load_address>0x2000e228</load_address>
         <run_address>0x2000e228</run_address>
         <size>0x44</size>
         <input_file_ref idref="fl-11"/>
      </object_component>
      <object_component id="oc-2f4">
         <name>.text:_SlDrvSyncObjWaitTimeout</name>
         <load_address>0x2000e26c</load_address>
         <run_address>0x2000e26c</run_address>
         <size>0x44</size>
         <input_file_ref idref="fl-11"/>
      </object_component>
      <object_component id="oc-7db">
         <name>.text:cc_SetupTransfer</name>
         <load_address>0x2000e2b0</load_address>
         <run_address>0x2000e2b0</run_address>
         <size>0x44</size>
         <input_file_ref idref="fl-17"/>
      </object_component>
      <object_component id="oc-194">
         <name>.text:sl_Htonl</name>
         <load_address>0x2000e2f4</load_address>
         <run_address>0x2000e2f4</run_address>
         <size>0x42</size>
         <input_file_ref idref="fl-15"/>
      </object_component>
      <object_component id="oc-454">
         <name>.text:PinModeSet</name>
         <load_address>0x2000e338</load_address>
         <run_address>0x2000e338</run_address>
         <size>0x40</size>
         <input_file_ref idref="fl-1a"/>
      </object_component>
      <object_component id="oc-812">
         <name>.text:_SlDrvHandleNetAppEvents</name>
         <load_address>0x2000e378</load_address>
         <run_address>0x2000e378</run_address>
         <size>0x40</size>
         <input_file_ref idref="fl-11"/>
      </object_component>
      <object_component id="oc-80c">
         <name>.text:_SlDrvHandleWlanEvents</name>
         <load_address>0x2000e3b8</load_address>
         <run_address>0x2000e3b8</run_address>
         <size>0x40</size>
         <input_file_ref idref="fl-11"/>
      </object_component>
      <object_component id="oc-489">
         <name>.text:_sl_TruncatePayloadByProtocol</name>
         <load_address>0x2000e3f8</load_address>
         <run_address>0x2000e3f8</run_address>
         <size>0x40</size>
         <input_file_ref idref="fl-15"/>
      </object_component>
      <object_component id="oc-2e8">
         <name>.text:NwpRegisterInterruptHandler</name>
         <load_address>0x2000e438</load_address>
         <run_address>0x2000e438</run_address>
         <size>0x3e</size>
         <input_file_ref idref="fl-17"/>
      </object_component>
      <object_component id="oc-833">
         <name>.text:CopyPingResultsToReport</name>
         <load_address>0x2000e476</load_address>
         <run_address>0x2000e476</run_address>
         <size>0x3c</size>
         <input_file_ref idref="fl-12"/>
      </object_component>
      <object_component id="oc-1d0">
         <name>.text:PRCMPeripheralClkEnable</name>
         <load_address>0x2000e4b4</load_address>
         <run_address>0x2000e4b4</run_address>
         <size>0x3c</size>
         <input_file_ref idref="fl-1b"/>
      </object_component>
      <object_component id="oc-7a2">
         <name>.text:simplelink_timerA2_start</name>
         <load_address>0x2000e4f0</load_address>
         <run_address>0x2000e4f0</run_address>
         <size>0x3c</size>
         <input_file_ref idref="fl-17"/>
      </object_component>
      <object_component id="oc-18e">
         <name>.text:sl_Htons</name>
         <load_address>0x2000e52c</load_address>
         <run_address>0x2000e52c</run_address>
         <size>0x3c</size>
         <input_file_ref idref="fl-15"/>
      </object_component>
      <object_component id="oc-856">
         <name>.text:uDMAChannelControlSet</name>
         <load_address>0x2000e568</load_address>
         <run_address>0x2000e568</run_address>
         <size>0x3c</size>
         <input_file_ref idref="fl-20"/>
      </object_component>
      <object_component id="oc-2e2">
         <name>.text:NwpPowerOff</name>
         <load_address>0x2000e5a4</load_address>
         <run_address>0x2000e5a4</run_address>
         <size>0x38</size>
         <input_file_ref idref="fl-17"/>
      </object_component>
      <object_component id="oc-115">
         <name>.text:sl_WlanDisconnect</name>
         <load_address>0x2000e5dc</load_address>
         <run_address>0x2000e5dc</run_address>
         <size>0x38</size>
         <input_file_ref idref="fl-16"/>
      </object_component>
      <object_component id="oc-460">
         <name>.text:GPIODirModeSet</name>
         <load_address>0x2000e614</load_address>
         <run_address>0x2000e614</run_address>
         <size>0x36</size>
         <input_file_ref idref="fl-18"/>
      </object_component>
      <object_component id="oc-2ee">
         <name>.text:NwpPowerOn</name>
         <load_address>0x2000e64c</load_address>
         <run_address>0x2000e64c</run_address>
         <size>0x34</size>
         <input_file_ref idref="fl-17"/>
      </object_component>
      <object_component id="oc-4ef">
         <name>.text:PRCMPeripheralStatusGet</name>
         <load_address>0x2000e680</load_address>
         <run_address>0x2000e680</run_address>
         <size>0x34</size>
         <input_file_ref idref="fl-1b"/>
      </object_component>
      <object_component id="oc-507">
         <name>.text:SPIFIFOLevelSet</name>
         <load_address>0x2000e6b4</load_address>
         <run_address>0x2000e6b4</run_address>
         <size>0x34</size>
         <input_file_ref idref="fl-1c"/>
      </object_component>
      <object_component id="oc-45a">
         <name>.text:PinTypeGPIO</name>
         <load_address>0x2000e6e8</load_address>
         <run_address>0x2000e6e8</run_address>
         <size>0x30</size>
         <input_file_ref idref="fl-1a"/>
      </object_component>
      <object_component id="oc-4aa">
         <name>.text:UARTDisable</name>
         <load_address>0x2000e718</load_address>
         <run_address>0x2000e718</run_address>
         <size>0x30</size>
         <input_file_ref idref="fl-1f"/>
      </object_component>
      <object_component id="oc-632">
         <name>.text</name>
         <load_address>0x2000e748</load_address>
         <run_address>0x2000e748</run_address>
         <size>0x2e</size>
         <input_file_ref idref="fl-f8"/>
      </object_component>
      <object_component id="oc-396">
         <name>.text:PRCMSysResetCauseGet</name>
         <load_address>0x2000e778</load_address>
         <run_address>0x2000e778</run_address>
         <size>0x2c</size>
         <input_file_ref idref="fl-1b"/>
      </object_component>
      <object_component id="oc-57c">
         <name>.text:_SlDrvObjGlobalLockWaitForever</name>
         <load_address>0x2000e7a4</load_address>
         <run_address>0x2000e7a4</run_address>
         <size>0x2c</size>
         <input_file_ref idref="fl-11"/>
      </object_component>
      <object_component id="oc-3f6">
         <name>.text:_SlDrvProtectionObjLockWaitForever</name>
         <load_address>0x2000e7d0</load_address>
         <run_address>0x2000e7d0</run_address>
         <size>0x2c</size>
         <input_file_ref idref="fl-11"/>
      </object_component>
      <object_component id="oc-7f4">
         <name>.text:TimerLoadSet</name>
         <load_address>0x2000e7fc</load_address>
         <run_address>0x2000e7fc</run_address>
         <size>0x2a</size>
         <input_file_ref idref="fl-1e"/>
      </object_component>
      <object_component id="oc-7ee">
         <name>.text:TimerPrescaleSet</name>
         <load_address>0x2000e826</load_address>
         <run_address>0x2000e826</run_address>
         <size>0x2a</size>
         <input_file_ref idref="fl-1e"/>
      </object_component>
      <object_component id="oc-3ae">
         <name>.text:PRCMPeripheralClkDisable</name>
         <load_address>0x2000e850</load_address>
         <run_address>0x2000e850</run_address>
         <size>0x28</size>
         <input_file_ref idref="fl-1b"/>
      </object_component>
      <object_component id="oc-582">
         <name>.text:_SlDrvGlobalObjUnLock</name>
         <load_address>0x2000e878</load_address>
         <run_address>0x2000e878</run_address>
         <size>0x28</size>
         <input_file_ref idref="fl-11"/>
      </object_component>
      <object_component id="oc-3fc">
         <name>.text:_SlDrvProtectionObjUnLock</name>
         <load_address>0x2000e8a0</load_address>
         <run_address>0x2000e8a0</run_address>
         <size>0x28</size>
         <input_file_ref idref="fl-11"/>
      </object_component>
      <object_component id="oc-402">
         <name>.text:_SlDrvSyncObjWaitForever</name>
         <load_address>0x2000e8c8</load_address>
         <run_address>0x2000e8c8</run_address>
         <size>0x28</size>
         <input_file_ref idref="fl-11"/>
      </object_component>
      <object_component id="oc-66c">
         <name>.text:_SlDrvObjLockWaitForever</name>
         <load_address>0x2000e8f0</load_address>
         <run_address>0x2000e8f0</run_address>
         <size>0x26</size>
         <input_file_ref idref="fl-11"/>
      </object_component>
      <object_component id="oc-8a0">
         <name>.text</name>
         <load_address>0x2000e916</load_address>
         <run_address>0x2000e916</run_address>
         <size>0x26</size>
         <input_file_ref idref="fl-6"/>
      </object_component>
      <object_component id="oc-519">
         <name>.text:DmaSpiSwIntHandler</name>
         <load_address>0x2000e93c</load_address>
         <run_address>0x2000e93c</run_address>
         <size>0x24</size>
         <input_file_ref idref="fl-17"/>
      </object_component>
      <object_component id="oc-534">
         <name>.text:IntUnregister</name>
         <load_address>0x2000e960</load_address>
         <run_address>0x2000e960</run_address>
         <size>0x24</size>
         <input_file_ref idref="fl-19"/>
      </object_component>
      <object_component id="oc-4b0">
         <name>.text:UARTEnable</name>
         <load_address>0x2000e984</load_address>
         <run_address>0x2000e984</run_address>
         <size>0x24</size>
         <input_file_ref idref="fl-1f"/>
      </object_component>
      <object_component id="oc-28e">
         <name>.text</name>
         <load_address>0x2000e9a8</load_address>
         <run_address>0x2000e9a8</run_address>
         <size>0x24</size>
         <input_file_ref idref="fl-e0"/>
      </object_component>
      <object_component id="oc-1be">
         <name>.text:GPIOIntStatus</name>
         <load_address>0x2000e9cc</load_address>
         <run_address>0x2000e9cc</run_address>
         <size>0x22</size>
         <input_file_ref idref="fl-18"/>
      </object_component>
      <object_component id="oc-1d6">
         <name>.text:SPIReset</name>
         <load_address>0x2000e9ee</load_address>
         <run_address>0x2000e9ee</run_address>
         <size>0x22</size>
         <input_file_ref idref="fl-1c"/>
      </object_component>
      <object_component id="oc-77b">
         <name>.text:SPIWordCountSet</name>
         <load_address>0x2000ea10</load_address>
         <run_address>0x2000ea10</run_address>
         <size>0x22</size>
         <input_file_ref idref="fl-1c"/>
      </object_component>
      <object_component id="oc-3d0">
         <name>.text:GPIOPinWrite</name>
         <load_address>0x2000ea32</load_address>
         <run_address>0x2000ea32</run_address>
         <size>0x20</size>
         <input_file_ref idref="fl-18"/>
      </object_component>
      <object_component id="oc-3b6">
         <name>.text:IntRegister</name>
         <load_address>0x2000ea54</load_address>
         <run_address>0x2000ea54</run_address>
         <size>0x20</size>
         <input_file_ref idref="fl-19"/>
      </object_component>
      <object_component id="oc-333">
         <name>.text:NwpPrePowerOffTimout0</name>
         <load_address>0x2000ea74</load_address>
         <run_address>0x2000ea74</run_address>
         <size>0x20</size>
         <input_file_ref idref="fl-17"/>
      </object_component>
      <object_component id="oc-446">
         <name>.text:SPIDataGet</name>
         <load_address>0x2000ea94</load_address>
         <run_address>0x2000ea94</run_address>
         <size>0x20</size>
         <input_file_ref idref="fl-1c"/>
      </object_component>
      <object_component id="oc-742">
         <name>.text:TimerGetCurrentTimestamp</name>
         <load_address>0x2000eab4</load_address>
         <run_address>0x2000eab4</run_address>
         <size>0x20</size>
         <input_file_ref idref="fl-17"/>
      </object_component>
      <object_component id="oc-672">
         <name>.text:_SlDrvObjUnLock</name>
         <load_address>0x2000ead4</load_address>
         <run_address>0x2000ead4</run_address>
         <size>0x20</size>
         <input_file_ref idref="fl-11"/>
      </object_component>
      <object_component id="oc-555">
         <name>.text:_SlDrvSyncObjSignal</name>
         <load_address>0x2000eaf4</load_address>
         <run_address>0x2000eaf4</run_address>
         <size>0x20</size>
         <input_file_ref idref="fl-11"/>
      </object_component>
      <object_component id="oc-1fc">
         <name>.text:GPIOIntRegister</name>
         <load_address>0x2000eb14</load_address>
         <run_address>0x2000eb14</run_address>
         <size>0x1e</size>
         <input_file_ref idref="fl-18"/>
      </object_component>
      <object_component id="oc-440">
         <name>.text:SPIDataPut</name>
         <load_address>0x2000eb32</load_address>
         <run_address>0x2000eb32</run_address>
         <size>0x1e</size>
         <input_file_ref idref="fl-1c"/>
      </object_component>
      <object_component id="oc-7fa">
         <name>.text:TimerEnable</name>
         <load_address>0x2000eb50</load_address>
         <run_address>0x2000eb50</run_address>
         <size>0x1e</size>
         <input_file_ref idref="fl-1e"/>
      </object_component>
      <object_component id="oc-276">
         <name>.text:UARTCharPut</name>
         <load_address>0x2000eb6e</load_address>
         <run_address>0x2000eb6e</run_address>
         <size>0x1e</size>
         <input_file_ref idref="fl-1f"/>
      </object_component>
      <object_component id="oc-4f5">
         <name>.text:cc_UDMAChannelSelect</name>
         <load_address>0x2000eb8c</load_address>
         <run_address>0x2000eb8c</run_address>
         <size>0x1e</size>
         <input_file_ref idref="fl-17"/>
      </object_component>
      <object_component id="oc-1ca">
         <name>.text</name>
         <load_address>0x2000ebaa</load_address>
         <run_address>0x2000ebaa</run_address>
         <size>0x1e</size>
         <input_file_ref idref="fl-e7"/>
      </object_component>
      <object_component id="oc-158">
         <name>.text:SysTickIntRegister</name>
         <load_address>0x2000ebc8</load_address>
         <run_address>0x2000ebc8</run_address>
         <size>0x1c</size>
         <input_file_ref idref="fl-1d"/>
      </object_component>
      <object_component id="oc-7a8">
         <name>.text:TimerValueGet</name>
         <load_address>0x2000ebe4</load_address>
         <run_address>0x2000ebe4</run_address>
         <size>0x1c</size>
         <input_file_ref idref="fl-1e"/>
      </object_component>
      <object_component id="oc-288">
         <name>.text:UARTCharGetNonBlocking</name>
         <load_address>0x2000ec00</load_address>
         <run_address>0x2000ec00</run_address>
         <size>0x1c</size>
         <input_file_ref idref="fl-1f"/>
      </object_component>
      <object_component id="oc-68b">
         <name>.text:_SlDrvStartMeasureTimeout</name>
         <load_address>0x2000ec1c</load_address>
         <run_address>0x2000ec1c</run_address>
         <size>0x1c</size>
         <input_file_ref idref="fl-11"/>
      </object_component>
      <object_component id="oc-654">
         <name>.text</name>
         <load_address>0x2000ec38</load_address>
         <run_address>0x2000ec38</run_address>
         <size>0x1c</size>
         <input_file_ref idref="fl-fa"/>
      </object_component>
      <object_component id="oc-868">
         <name>.text:uDMAChannelEnable</name>
         <load_address>0x2000ec54</load_address>
         <run_address>0x2000ec54</run_address>
         <size>0x1c</size>
         <input_file_ref idref="fl-20"/>
      </object_component>
      <object_component id="oc-208">
         <name>.text:GPIOIntEnable</name>
         <load_address>0x2000ec70</load_address>
         <run_address>0x2000ec70</run_address>
         <size>0x1a</size>
         <input_file_ref idref="fl-18"/>
      </object_component>
      <object_component id="oc-466">
         <name>.text:PinTypeSPI</name>
         <load_address>0x2000ec8a</load_address>
         <run_address>0x2000ec8a</run_address>
         <size>0x1a</size>
         <input_file_ref idref="fl-1a"/>
      </object_component>
      <object_component id="oc-46c">
         <name>.text:PinTypeUART</name>
         <load_address>0x2000eca4</load_address>
         <run_address>0x2000eca4</run_address>
         <size>0x1a</size>
         <input_file_ref idref="fl-1a"/>
      </object_component>
      <object_component id="oc-5a6">
         <name>.text:SPIDmaDisable</name>
         <load_address>0x2000ecbe</load_address>
         <run_address>0x2000ecbe</run_address>
         <size>0x1a</size>
         <input_file_ref idref="fl-1c"/>
      </object_component>
      <object_component id="oc-501">
         <name>.text:SPIDmaEnable</name>
         <load_address>0x2000ecd8</load_address>
         <run_address>0x2000ecd8</run_address>
         <size>0x1a</size>
         <input_file_ref idref="fl-1c"/>
      </object_component>
      <object_component id="oc-5a0">
         <name>.text:SPIFIFODisable</name>
         <load_address>0x2000ecf2</load_address>
         <run_address>0x2000ecf2</run_address>
         <size>0x1a</size>
         <input_file_ref idref="fl-1c"/>
      </object_component>
      <object_component id="oc-4fb">
         <name>.text:SPIFIFOEnable</name>
         <load_address>0x2000ed0c</load_address>
         <run_address>0x2000ed0c</run_address>
         <size>0x1a</size>
         <input_file_ref idref="fl-1c"/>
      </object_component>
      <object_component id="oc-59a">
         <name>.text:SPIIntUnregister</name>
         <load_address>0x2000ed26</load_address>
         <run_address>0x2000ed26</run_address>
         <size>0x1a</size>
         <input_file_ref idref="fl-1c"/>
      </object_component>
      <object_component id="oc-3dc">
         <name>.text:GPIOPinRead</name>
         <load_address>0x2000ed40</load_address>
         <run_address>0x2000ed40</run_address>
         <size>0x18</size>
         <input_file_ref idref="fl-18"/>
      </object_component>
      <object_component id="oc-44c">
         <name>.text:SPICSDisable</name>
         <load_address>0x2000ed58</load_address>
         <run_address>0x2000ed58</run_address>
         <size>0x18</size>
         <input_file_ref idref="fl-1c"/>
      </object_component>
      <object_component id="oc-43a">
         <name>.text:SPICSEnable</name>
         <load_address>0x2000ed70</load_address>
         <run_address>0x2000ed70</run_address>
         <size>0x18</size>
         <input_file_ref idref="fl-1c"/>
      </object_component>
      <object_component id="oc-4e9">
         <name>.text:SPIDisable</name>
         <load_address>0x2000ed88</load_address>
         <run_address>0x2000ed88</run_address>
         <size>0x18</size>
         <input_file_ref idref="fl-1c"/>
      </object_component>
      <object_component id="oc-1e8">
         <name>.text:SPIEnable</name>
         <load_address>0x2000eda0</load_address>
         <run_address>0x2000eda0</run_address>
         <size>0x18</size>
         <input_file_ref idref="fl-1c"/>
      </object_component>
      <object_component id="oc-152">
         <name>.text:SysTickPeriodSet</name>
         <load_address>0x2000edb8</load_address>
         <run_address>0x2000edb8</run_address>
         <size>0x18</size>
         <input_file_ref idref="fl-1d"/>
      </object_component>
      <object_component id="oc-282">
         <name>.text:UARTCharsAvail</name>
         <load_address>0x2000edd0</load_address>
         <run_address>0x2000edd0</run_address>
         <size>0x18</size>
         <input_file_ref idref="fl-1f"/>
      </object_component>
      <object_component id="oc-4d8">
         <name>.text:_SlNonOsSemSet</name>
         <load_address>0x2000ede8</load_address>
         <run_address>0x2000ede8</run_address>
         <size>0x18</size>
         <input_file_ref idref="fl-14"/>
      </object_component>
      <object_component id="oc-300">
         <name>.text:_sl_GetStartResponseConvert</name>
         <load_address>0x2000ee00</load_address>
         <run_address>0x2000ee00</run_address>
         <size>0x18</size>
         <input_file_ref idref="fl-10"/>
      </object_component>
      <object_component id="oc-6b">
         <name>.text</name>
         <load_address>0x2000ee18</load_address>
         <run_address>0x2000ee18</run_address>
         <size>0x18</size>
         <input_file_ref idref="fl-ee"/>
      </object_component>
      <object_component id="oc-1b9">
         <name>.text</name>
         <load_address>0x2000ee30</load_address>
         <run_address>0x2000ee30</run_address>
         <size>0x18</size>
         <input_file_ref idref="fl-de"/>
      </object_component>
      <object_component id="oc-39c">
         <name>.text:PRCMHIBRegRead</name>
         <load_address>0x2000ee48</load_address>
         <run_address>0x2000ee48</run_address>
         <size>0x16</size>
         <input_file_ref idref="fl-1b"/>
      </object_component>
      <object_component id="oc-3a2">
         <name>.text:PRCMHIBRegWrite</name>
         <load_address>0x2000ee5e</load_address>
         <run_address>0x2000ee5e</run_address>
         <size>0x16</size>
         <input_file_ref idref="fl-1b"/>
      </object_component>
      <object_component id="oc-3c0">
         <name>.text:_SlDrvMemZero</name>
         <load_address>0x2000ee74</load_address>
         <run_address>0x2000ee74</run_address>
         <size>0x16</size>
         <input_file_ref idref="fl-11"/>
      </object_component>
      <object_component id="oc-648">
         <name>.text</name>
         <load_address>0x2000ee8a</load_address>
         <run_address>0x2000ee8a</run_address>
         <size>0x16</size>
         <input_file_ref idref="fl-fe"/>
      </object_component>
      <object_component id="oc-38b">
         <name>.text:CPUcpsie</name>
         <load_address>0x2000eea0</load_address>
         <run_address>0x2000eea0</run_address>
         <size>0x14</size>
         <input_file_ref idref="fl-22"/>
      </object_component>
      <object_component id="oc-1c4">
         <name>.text:GPIOIntClear</name>
         <load_address>0x2000eeb4</load_address>
         <run_address>0x2000eeb4</run_address>
         <size>0x14</size>
         <input_file_ref idref="fl-18"/>
      </object_component>
      <object_component id="oc-13a">
         <name>.text:IntVTableBaseSet</name>
         <load_address>0x2000eec8</load_address>
         <run_address>0x2000eec8</run_address>
         <size>0x14</size>
         <input_file_ref idref="fl-19"/>
      </object_component>
      <object_component id="oc-258">
         <name>.text</name>
         <load_address>0x2000eedc</load_address>
         <run_address>0x2000eedc</run_address>
         <size>0x14</size>
         <input_file_ref idref="fl-ec"/>
      </object_component>
      <object_component id="oc-723">
         <name>.text</name>
         <load_address>0x2000eef0</load_address>
         <run_address>0x2000eef0</run_address>
         <size>0x14</size>
         <input_file_ref idref="fl-100"/>
      </object_component>
      <object_component id="oc-217">
         <name>.text</name>
         <load_address>0x2000ef04</load_address>
         <run_address>0x2000ef04</run_address>
         <size>0x14</size>
         <input_file_ref idref="fl-e8"/>
      </object_component>
      <object_component id="oc-182">
         <name>.text</name>
         <load_address>0x2000ef18</load_address>
         <run_address>0x2000ef18</run_address>
         <size>0x14</size>
         <input_file_ref idref="fl-e9"/>
      </object_component>
      <object_component id="oc-164">
         <name>.text:SysTickEnable</name>
         <load_address>0x2000ef2c</load_address>
         <run_address>0x2000ef2c</run_address>
         <size>0x10</size>
         <input_file_ref idref="fl-1d"/>
      </object_component>
      <object_component id="oc-15e">
         <name>.text:SysTickIntEnable</name>
         <load_address>0x2000ef3c</load_address>
         <run_address>0x2000ef3c</run_address>
         <size>0x10</size>
         <input_file_ref idref="fl-1d"/>
      </object_component>
      <object_component id="oc-826">
         <name>.text:_SlDrvDispatchHttpServerEvents</name>
         <load_address>0x2000ef4c</load_address>
         <run_address>0x2000ef4c</run_address>
         <size>0x10</size>
         <input_file_ref idref="fl-11"/>
      </object_component>
      <object_component id="oc-34e">
         <name>.text:_SlDrvResetCmdExt</name>
         <load_address>0x2000ef5c</load_address>
         <run_address>0x2000ef5c</run_address>
         <size>0xe</size>
         <input_file_ref idref="fl-11"/>
      </object_component>
      <object_component id="oc-18">
         <name>.text:decompress:none</name>
         <load_address>0x2000ef6a</load_address>
         <run_address>0x2000ef6a</run_address>
         <size>0xe</size>
         <input_file_ref idref="fl-db"/>
      </object_component>
      <object_component id="oc-2d">
         <name>.text</name>
         <load_address>0x2000ef78</load_address>
         <run_address>0x2000ef78</run_address>
         <size>0xe</size>
         <input_file_ref idref="fl-8"/>
      </object_component>
      <object_component id="oc-527">
         <name>.text:NwpMaskInterrupt</name>
         <load_address>0x2000ef88</load_address>
         <run_address>0x2000ef88</run_address>
         <size>0xc</size>
         <input_file_ref idref="fl-17"/>
      </object_component>
      <object_component id="oc-541">
         <name>.text:NwpUnMaskInterrupt</name>
         <load_address>0x2000ef94</load_address>
         <run_address>0x2000ef94</run_address>
         <size>0xc</size>
         <input_file_ref idref="fl-17"/>
      </object_component>
      <object_component id="oc-1ae">
         <name>.text:SysTickValueGet</name>
         <load_address>0x2000efa0</load_address>
         <run_address>0x2000efa0</run_address>
         <size>0xc</size>
         <input_file_ref idref="fl-1d"/>
      </object_component>
      <object_component id="oc-1e">
         <name>.text:decompress:ZI</name>
         <load_address>0x2000efac</load_address>
         <run_address>0x2000efac</run_address>
         <size>0xc</size>
         <input_file_ref idref="fl-dc"/>
      </object_component>
      <object_component id="oc-140">
         <name>.text:IntMasterEnable</name>
         <load_address>0x2000efb8</load_address>
         <run_address>0x2000efb8</run_address>
         <size>0xa</size>
         <input_file_ref idref="fl-19"/>
      </object_component>
      <object_component id="oc-176">
         <name>.text:UtilsDelay</name>
         <load_address>0x2000efc2</load_address>
         <run_address>0x2000efc2</run_address>
         <size>0x6</size>
         <input_file_ref idref="fl-21"/>
      </object_component>
      <object_component id="oc-5f">
         <name>.text</name>
         <load_address>0x2000efc8</load_address>
         <run_address>0x2000efc8</run_address>
         <size>0x4</size>
         <input_file_ref idref="fl-e4"/>
      </object_component>
      <object_component id="oc-2a9">
         <name>.const:.string:font</name>
         <load_address>0x2000efcc</load_address>
         <run_address>0x2000efcc</run_address>
         <size>0x4fb</size>
         <input_file_ref idref="fl-2"/>
      </object_component>
      <object_component id="oc-730">
         <name>.const:.string:_ctypes_</name>
         <load_address>0x2000f4c7</load_address>
         <run_address>0x2000f4c7</run_address>
         <size>0x101</size>
         <input_file_ref idref="fl-f2"/>
      </object_component>
      <object_component id="oc-600">
         <name>.const:g_ulPinToPadMap</name>
         <load_address>0x2000f5c8</load_address>
         <run_address>0x2000f5c8</run_address>
         <size>0x100</size>
         <input_file_ref idref="fl-1a"/>
      </object_component>
      <object_component id="oc-5d6">
         <name>.const:g_pulRegs</name>
         <load_address>0x2000f6c8</load_address>
         <run_address>0x2000f6c8</run_address>
         <size>0xd4</size>
         <input_file_ref idref="fl-19"/>
      </object_component>
      <object_component id="oc-432">
         <name>.const:PRCM_PeriphRegsList</name>
         <load_address>0x2000f79c</load_address>
         <run_address>0x2000f79c</run_address>
         <size>0xa8</size>
         <input_file_ref idref="fl-1b"/>
      </object_component>
      <object_component id="oc-771">
         <name>.const:OpcodeTranslateTable</name>
         <load_address>0x2000f844</load_address>
         <run_address>0x2000f844</run_address>
         <size>0x3c</size>
         <input_file_ref idref="fl-11"/>
      </object_component>
      <object_component id="oc-7d5">
         <name>.const:_SlActionLookupTable</name>
         <load_address>0x2000f880</load_address>
         <run_address>0x2000f880</run_address>
         <size>0x38</size>
         <input_file_ref idref="fl-11"/>
      </object_component>
      <object_component id="oc-2b1">
         <name>.const:.string</name>
         <load_address>0x2000f8b8</load_address>
[...]
         <object_component_ref idref="oc-396"/>
      </symbol>
      <symbol id="sm-e56">
         <name>PRCMPeripheralStatusGet</name>
         <value>0x2000e681</value>
         <object_component_ref idref="oc-4ef"/>
      </symbol>
      <symbol id="sm-e57">
         <name>PRCMPeripheralClkDisable</name>
         <value>0x2000e851</value>
         <object_component_ref idref="oc-3ae"/>
      </symbol>
      <symbol id="sm-e58">
         <name>PRCMHIBRegRead</name>
         <value>0x2000ee49</value>
         <object_component_ref idref="oc-39c"/>
      </symbol>
      <symbol id="sm-f25">
         <name>SPIFIFODisable</name>
         <value>0x2000ecf3</value>
         <object_component_ref idref="oc-5a0"/>
      </symbol>
      <symbol id="sm-f26">
         <name>SPICSEnable</name>
         <value>0x2000ed71</value>
         <object_component_ref idref="oc-43a"/>
      </symbol>
      <symbol id="sm-f27">
         <name>SPIDisable</name>
         <value>0x2000ed89</value>
         <object_component_ref idref="oc-4e9"/>
      </symbol>
      <symbol id="sm-f28">
         <name>SPIFIFOEnable</name>
         <value>0x2000ed0d</value>
         <object_component_ref idref="oc-4fb"/>
      </symbol>
      <symbol id="sm-f29">
         <name>SPIWordCountSet</name>
         <value>0x2000ea11</value>
         <object_component_ref idref="oc-77b"/>
      </symbol>
      <symbol id="sm-f2a">
         <name>SPIDataPut</name>
         <value>0x2000eb33</value>
         <object_component_ref idref="oc-440"/>
      </symbol>
      <symbol id="sm-f2b">
         <name>SPIEnable</name>
         <value>0x2000eda1</value>
         <object_component_ref idref="oc-1e8"/>
      </symbol>
      <symbol id="sm-f2c">
         <name>SPIDataGet</name>
         <value>0x2000ea95</value>
         <object_component_ref idref="oc-446"/>
      </symbol>
      <symbol id="sm-f2d">
         <name>SPIDmaEnable</name>
         <value>0x2000ecd9</value>
         <object_component_ref idref="oc-501"/>
      </symbol>
      <symbol id="sm-f2e">
         <name>SPIConfigSetExpClk</name>
         <value>0x2000c471</value>
         <object_component_ref idref="oc-1e2"/>
      </symbol>
      <symbol id="sm-f2f">
         <name>SPIIntUnregister</name>
         <value>0x2000ed27</value>
         <object_component_ref idref="oc-59a"/>
      </symbol>
      <symbol id="sm-f30">
         <name>SPIFIFOLevelSet</name>
         <value>0x2000e6b5</value>
         <object_component_ref idref="oc-507"/>
      </symbol>
      <symbol id="sm-f31">
         <name>SPIDmaDisable</name>
         <value>0x2000ecbf</value>
         <object_component_ref idref="oc-5a6"/>
      </symbol>
      <symbol id="sm-f32">
         <name>SPIReset</name>
         <value>0x2000e9ef</value>
         <object_component_ref idref="oc-1d6"/>
      </symbol>
      <symbol id="sm-f33">
         <name>SPIIntEnable</name>
         <value>0x2000de6d</value>
         <object_component_ref idref="oc-50d"/>
      </symbol>
      <symbol id="sm-f34">
         <name>SPIIntClear</name>
         <value>0x2000e0c9</value>
         <object_component_ref idref="oc-6bf"/>
      </symbol>
      <symbol id="sm-f35">
         <name>SPICSDisable</name>
         <value>0x2000ed59</value>
         <object_component_ref idref="oc-44c"/>
      </symbol>
      <symbol id="sm-f6c">
         <name>SysTickEnable</name>
         <value>0x2000ef2d</value>
         <object_component_ref idref="oc-164"/>
      </symbol>
      <symbol id="sm-f6d">
         <name>SysTickIntRegister</name>
         <value>0x2000ebc9</value>
         <object_component_ref idref="oc-158"/>
      </symbol>
      <symbol id="sm-f6e">
         <name>SysTickIntEnable</name>
         <value>0x2000ef3d</value>
         <object_component_ref idref="oc-15e"/>
      </symbol>
      <symbol id="sm-f6f">
         <name>SysTickValueGet</name>
         <value>0x2000efa1</value>
         <object_component_ref idref="oc-1ae"/>
      </symbol>
      <symbol id="sm-f70">
         <name>SysTickPeriodSet</name>
         <value>0x2000edb9</value>
         <object_component_ref idref="oc-152"/>
      </symbol>
      <symbol id="sm-fa3">
         <name>TimerLoadSet</name>
         <value>0x2000e7fd</value>
         <object_component_ref idref="oc-7f4"/>
      </symbol>
      <symbol id="sm-fa4">
         <name>TimerEnable</name>
         <value>0x2000eb51</value>
         <object_component_ref idref="oc-7fa"/>
      </symbol>
      <symbol id="sm-fa5">
         <name>TimerValueGet</name>
         <value>0x2000ebe5</value>
         <object_component_ref idref="oc-7a8"/>
      </symbol>
      <symbol id="sm-fa6">
         <name>TimerPrescaleSet</name>
         <value>0x2000e827</value>
         <object_component_ref idref="oc-7ee"/>
      </symbol>
      <symbol id="sm-fa7">
         <name>TimerConfigure</name>
         <value>0x2000e1e5</value>
         <object_component_ref idref="oc-7e8"/>
      </symbol>
      <symbol id="sm-fe3">
         <name>UARTConfigSetExpClk</name>
         <value>0x2000d4fd</value>
         <object_component_ref idref="oc-270"/>
      </symbol>
      <symbol id="sm-fe4">
         <name>UARTDisable</name>
         <value>0x2000e719</value>
         <object_component_ref idref="oc-4aa"/>
      </symbol>
      <symbol id="sm-fe5">
         <name>UARTCharsAvail</name>
         <value>0x2000edd1</value>
         <object_component_ref idref="oc-282"/>
      </symbol>
      <symbol id="sm-fe6">
         <name>UARTCharGetNonBlocking</name>
         <value>0x2000ec01</value>
         <object_component_ref idref="oc-288"/>
      </symbol>
      <symbol id="sm-fe7">
         <name>UARTCharPut</name>
         <value>0x2000eb6f</value>
         <object_component_ref idref="oc-276"/>
      </symbol>
      <symbol id="sm-fe8">
         <name>UARTEnable</name>
         <value>0x2000e985</value>
         <object_component_ref idref="oc-4b0"/>
      </symbol>
      <symbol id="sm-103f">
         <name>uDMAChannelControlSet</name>
         <value>0x2000e569</value>
         <object_component_ref idref="oc-856"/>
      </symbol>
      <symbol id="sm-1040">
         <name>uDMAChannelAttributeEnable</name>
         <value>0x2000d98d</value>
         <object_component_ref idref="oc-85c"/>
      </symbol>
      <symbol id="sm-1041">
         <name>uDMAChannelTransferSet</name>
         <value>0x2000ba31</value>
         <object_component_ref idref="oc-862"/>
      </symbol>
      <symbol id="sm-1042">
         <name>uDMAChannelAssign</name>
         <value>0x2000e035</value>
         <object_component_ref idref="oc-69f"/>
      </symbol>
      <symbol id="sm-1043">
         <name>uDMAChannelAttributeDisable</name>
         <value>0x2000d929</value>
         <object_component_ref idref="oc-6a5"/>
      </symbol>
      <symbol id="sm-1044">
         <name>uDMAChannelEnable</name>
         <value>0x2000ec55</value>
         <object_component_ref idref="oc-868"/>
      </symbol>
      <symbol id="sm-1048">
         <name>UtilsDelay</name>
         <value>0x2000efc3</value>
         <object_component_ref idref="oc-176"/>
      </symbol>
      <symbol id="sm-1052">
         <name>CPUcpsie</name>
         <value>0x2000eea1</value>
         <object_component_ref idref="oc-38b"/>
      </symbol>
      <symbol id="sm-1064">
         <name>_c_int00</name>
         <value>0x2000dd75</value>
         <object_component_ref idref="oc-24"/>
      </symbol>
      <symbol id="sm-1065">
         <name>__stack</name>
         <value>0x2002f000</value>
         <object_component_ref idref="oc-29"/>
      </symbol>
      <symbol id="sm-1083">
         <name>__TI_decompress_lzss</name>
         <value>0x2000d731</value>
         <object_component_ref idref="oc-12"/>
      </symbol>
      <symbol id="sm-109a">
         <name>__TI_decompress_none</name>
         <value>0x2000ef6b</value>
         <object_component_ref idref="oc-18"/>
      </symbol>
      <symbol id="sm-10ac">
         <name>__TI_zero_init</name>
         <value>0x2000efad</value>
         <object_component_ref idref="oc-1e"/>
      </symbol>
      <symbol id="sm-10cd">
         <name>C$$EXIT</name>
         <value>0x2000ddc9</value>
         <object_component_ref idref="oc-71"/>
      </symbol>
      <symbol id="sm-10ce">
         <name>abort</name>
         <value>0x2000ddcd</value>
         <object_component_ref idref="oc-71"/>
      </symbol>
      <symbol id="sm-10cf">
         <name>exit</name>
         <value>0x2000ddd5</value>
         <object_component_ref idref="oc-71"/>
      </symbol>
      <symbol id="sm-10d0">
         <name>__TI_dtors_ptr</name>
         <value>0x2001f834</value>
         <object_component_ref idref="oc-b0"/>
      </symbol>
      <symbol id="sm-10d1">
         <name>__TI_cleanup_ptr</name>
         <value>0x2001f830</value>
         <object_component_ref idref="oc-b0"/>
      </symbol>
      <symbol id="sm-10d2">
         <name>__TI_enable_exit_profile_output</name>
         <value>0x2001f838</value>
         <object_component_ref idref="oc-b0"/>
      </symbol>
      <symbol id="sm-10db">
         <name>__aeabi_lmul</name>
         <value>0x2000ee31</value>
         <object_component_ref idref="oc-1b9"/>
      </symbol>
      <symbol id="sm-10f6">
         <name>memcpy</name>
         <value>0x2000c5b1</value>
         <object_component_ref idref="oc-41"/>
      </symbol>
      <symbol id="sm-10f7">
         <name>__aeabi_memcpy</name>
         <value>0x2000c5b1</value>
         <object_component_ref idref="oc-41"/>
      </symbol>
      <symbol id="sm-10f8">
         <name>__aeabi_memcpy8</name>
         <value>0x2000c5b1</value>
         <object_component_ref idref="oc-41"/>
      </symbol>
      <symbol id="sm-10f9">
         <name>__aeabi_memcpy4</name>
         <value>0x2000c5b1</value>
         <object_component_ref idref="oc-41"/>
      </symbol>
      <symbol id="sm-1109">
         <name>memmove</name>
         <value>0x2000e9a9</value>
         <object_component_ref idref="oc-28e"/>
      </symbol>
      <symbol id="sm-117d">
         <name>_sys_memory</name>
         <value>0x20017000</value>
         <object_component_ref idref="oc-2a"/>
      </symbol>
      <symbol id="sm-117e">
         <name>free</name>
         <value>0x20008bfb</value>
         <object_component_ref idref="oc-294"/>
      </symbol>
      <symbol id="sm-117f">
         <name>realloc</name>
         <value>0x20008cbd</value>
         <object_component_ref idref="oc-294"/>
      </symbol>
      <symbol id="sm-1180">
         <name>memalign</name>
         <value>0x20008dc5</value>
         <object_component_ref idref="oc-294"/>
      </symbol>
      <symbol id="sm-1181">
         <name>calloc</name>
         <value>0x20008eb1</value>
         <object_component_ref idref="oc-294"/>
      </symbol>
      <symbol id="sm-1182">
         <name>malloc</name>
         <value>0x20008b91</value>
         <object_component_ref idref="oc-294"/>
      </symbol>
      <symbol id="sm-1183">
         <name>minit</name>
         <value>0x20008b11</value>
         <object_component_ref idref="oc-294"/>
      </symbol>
      <symbol id="sm-1192">
         <name>__aeabi_memset</name>
         <value>0x2000d40b</value>
         <object_component_ref idref="oc-4d"/>
      </symbol>
      <symbol id="sm-1193">
         <name>memset</name>
         <value>0x2000d411</value>
         <object_component_ref idref="oc-4d"/>
      </symbol>
      <symbol id="sm-1194">
         <name>__aeabi_memset8</name>
         <value>0x2000d40b</value>
         <object_component_ref idref="oc-4d"/>
      </symbol>
      <symbol id="sm-1195">
         <name>__aeabi_memset4</name>
         <value>0x2000d40b</value>
         <object_component_ref idref="oc-4d"/>
      </symbol>
      <symbol id="sm-1196">
         <name>__aeabi_memclr8</name>
         <value>0x2000d409</value>
         <object_component_ref idref="oc-4d"/>
      </symbol>
      <symbol id="sm-1197">
         <name>__aeabi_memclr4</name>
         <value>0x2000d409</value>
         <object_component_ref idref="oc-4d"/>
      </symbol>
      <symbol id="sm-1198">
         <name>__aeabi_memclr</name>
         <value>0x2000d409</value>
         <object_component_ref idref="oc-4d"/>
      </symbol>
      <symbol id="sm-11a2">
         <name>__mpu_init</name>
         <value>0x20008b0f</value>
         <object_component_ref idref="oc-59"/>
      </symbol>
      <symbol id="sm-11ac">
         <name>_system_pre_init</name>
         <value>0x2000efc9</value>
         <object_component_ref idref="oc-5f"/>
      </symbol>
      <symbol id="sm-11c5">
         <name>sprintf</name>
         <value>0x2000d9f1</value>
         <object_component_ref idref="oc-21d"/>
      </symbol>
      <symbol id="sm-11cd">
         <name>main_func_sp</name>
         <value>0x2001f874</value>
         <object_component_ref idref="oc-77"/>
      </symbol>
      <symbol id="sm-11dd">
         <name>strcat</name>
         <value>0x2000ebab</value>
         <object_component_ref idref="oc-1ca"/>
      </symbol>
      <symbol id="sm-11eb">
         <name>strcpy</name>
         <value>0x2000ef05</value>
         <object_component_ref idref="oc-217"/>
      </symbol>
      <symbol id="sm-11f9">
         <name>strlen</name>
         <value>0x2000ef19</value>
         <object_component_ref idref="oc-182"/>
      </symbol>
      <symbol id="sm-1215">
         <name>__aeabi_uldivmod</name>
         <value>0x200099c1</value>
         <object_component_ref idref="oc-1b4"/>
      </symbol>
      <symbol id="sm-1231">
         <name>vsnprintf</name>
         <value>0x2000cf69</value>
         <object_component_ref idref="oc-27c"/>
      </symbol>
      <symbol id="sm-124a">
         <name>_nop</name>
         <value>0x2000eeeb</value>
         <object_component_ref idref="oc-258"/>
      </symbol>
      <symbol id="sm-124b">
         <name>_lock</name>
         <value>0x2001f860</value>
         <object_component_ref idref="oc-b3"/>
      </symbol>
      <symbol id="sm-124c">
         <name>_unlock</name>
         <value>0x2001f864</value>
         <object_component_ref idref="oc-b3"/>
      </symbol>
      <symbol id="sm-124d">
         <name>_register_lock</name>
         <value>0x2000eee3</value>
         <object_component_ref idref="oc-258"/>
      </symbol>
      <symbol id="sm-124e">
         <name>_register_unlock</name>
         <value>0x2000eedd</value>
         <object_component_ref idref="oc-258"/>
      </symbol>
      <symbol id="sm-134f">
         <name>__TI_printfi</name>
         <value>0x20006d55</value>
         <object_component_ref idref="oc-481"/>
      </symbol>
      <symbol id="sm-1363">
         <name>_args_main</name>
         <value>0x2000ee19</value>
         <object_component_ref idref="oc-6b"/>
      </symbol>
      <symbol id="sm-1379">
         <name>atoi</name>
         <value>0x2000df9d</value>
         <object_component_ref idref="oc-64e"/>
      </symbol>
      <symbol id="sm-13a3">
         <name>__TI_auto_init</name>
         <value>0x2000d5e9</value>
         <object_component_ref idref="oc-65"/>
      </symbol>
      <symbol id="sm-13bd">
         <name>copy_in</name>
         <value>0x2000dfe9</value>
         <object_component_ref idref="oc-9a"/>
      </symbol>
      <symbol id="sm-13c8">
         <name>_ctypes_</name>
         <value>0x2000f4c7</value>
         <object_component_ref idref="oc-730"/>
      </symbol>
      <symbol id="sm-13df">
         <name>__aeabi_dsub</name>
         <value>0x20009f69</value>
         <object_component_ref idref="oc-637"/>
      </symbol>
      <symbol id="sm-13e0">
         <name>__aeabi_dadd</name>
         <value>0x20009f73</value>
         <object_component_ref idref="oc-637"/>
      </symbol>
      <symbol id="sm-1402">
         <name>__aeabi_cdcmpeq</name>
         <value>0x2000cff1</value>
         <object_component_ref idref="oc-613"/>
      </symbol>
      <symbol id="sm-1403">
         <name>__aeabi_cdcmple</name>
         <value>0x2000cff1</value>
         <object_component_ref idref="oc-613"/>
      </symbol>
      <symbol id="sm-1404">
         <name>__aeabi_cdrcmple</name>
         <value>0x2000d077</value>
         <object_component_ref idref="oc-622"/>
      </symbol>
      <symbol id="sm-1418">
         <name>__aeabi_ddiv</name>
         <value>0x2000af95</value>
         <object_component_ref idref="oc-61d"/>
      </symbol>
      <symbol id="sm-1423">
         <name>__aeabi_dmul</name>
         <value>0x2000b569</value>
         <object_component_ref idref="oc-618"/>
      </symbol>
      <symbol id="sm-142d">
         <name>__aeabi_d2iz</name>
         <value>0x2000e159</value>
         <object_component_ref idref="oc-627"/>
      </symbol>
      <symbol id="sm-1437">
         <name>__aeabi_i2d</name>
         <value>0x2000e749</value>
         <object_component_ref idref="oc-632"/>
      </symbol>
      <symbol id="sm-1446">
         <name>ltoa</name>
         <value>0x2000dc21</value>
         <object_component_ref idref="oc-62c"/>
      </symbol>
      <symbol id="sm-1456">
         <name>memccpy</name>
         <value>0x2000ec39</value>
         <object_component_ref idref="oc-654"/>
      </symbol>
      <symbol id="sm-1471">
         <name>frexpl</name>
         <value>0x2000d861</value>
         <object_component_ref idref="oc-63c"/>
      </symbol>
      <symbol id="sm-1472">
         <name>frexp</name>
         <value>0x2000d861</value>
         <object_component_ref idref="oc-63c"/>
      </symbol>
      <symbol id="sm-148f">
         <name>scalbn</name>
         <value>0x2000b665</value>
         <object_component_ref idref="oc-642"/>
      </symbol>
      <symbol id="sm-1490">
         <name>scalbnl</name>
         <value>0x2000b665</value>
         <object_component_ref idref="oc-642"/>
      </symbol>
      <symbol id="sm-1491">
         <name>ldexpl</name>
         <value>0x2000b665</value>
         <object_component_ref idref="oc-642"/>
      </symbol>
      <symbol id="sm-1492">
         <name>ldexp</name>
         <value>0x2000b665</value>
         <object_component_ref idref="oc-642"/>
      </symbol>
      <symbol id="sm-149c">
         <name>_system_post_cinit</name>
         <value>0x2000a11f</value>
         <object_component_ref idref="oc-a0"/>
      </symbol>
      <symbol id="sm-14ac">
         <name>strchr</name>
         <value>0x2000ee8b</value>
         <object_component_ref idref="oc-648"/>
      </symbol>
      <symbol id="sm-14b4">
         <name>errno</name>
         <value>0x2001f870</value>
         <object_component_ref idref="oc-729"/>
      </symbol>
      <symbol id="sm-14be">
         <name>copysign</name>
         <value>0x2000eef1</value>
         <object_component_ref idref="oc-723"/>
      </symbol>
      <symbol id="sm-14bf">
         <name>copysignl</name>
         <value>0x2000eef1</value>
         <object_component_ref idref="oc-723"/>
      </symbol>
      <symbol id="sm-14c0">
         <name>__TI_static_base__</name>
         <value>0x2000fad8</value>
      </symbol>
      <symbol id="sm-14c3">
         <name>SHT$$INIT_ARRAY$$Limit</name>
         <value>0x0</value>
      </symbol>
      <symbol id="sm-14c4">
         <name>SHT$$INIT_ARRAY$$Base</name>
         <value>0x0</value>
      </symbol>
   </symbol_table>
   <title>Link successful</title>
</link_info>
